[[1;34mINFO[m] Scanning for projects...
[[1;34mINFO[m] 
[[1;34mINFO[m] [1m-----------------< [0;36mcom.example:auth-register-service[0;1m >------------------[m
[[1;34mINFO[m] [1mBuilding auth-register-service 0.0.1-SNAPSHOT[m
[[1;34mINFO[m] [1m--------------------------------[ jar ]---------------------------------[m
[[1;34mINFO[m] 
[[1;34mINFO[m] [1m>>> [0;32mspring-boot-maven-plugin:3.3.5:run[m [1m(default-cli)[0;1m > [0;1mtest-compile[m @ [36mauth-register-service[0;1m >>>[m
[[1;34mINFO[m] 
[[1;34mINFO[m] [1m--- [0;32mmaven-resources-plugin:3.3.1:resources[m [1m(default-resources)[m @ [36mauth-register-service[0;1m ---[m
[[1;34mINFO[m] Copying 3 resources from src/main/resources to target/classes
[[1;34mINFO[m] Copying 0 resource from src/main/resources to target/classes
[[1;34mINFO[m] 
[[1;34mINFO[m] [1m--- [0;32mmaven-compiler-plugin:3.13.0:compile[m [1m(default-compile)[m @ [36mauth-register-service[0;1m ---[m
[[1;34mINFO[m] Nothing to compile - all classes are up to date.
[[1;34mINFO[m] 
[[1;34mINFO[m] [1m--- [0;32mmaven-resources-plugin:3.3.1:testResources[m [1m(default-testResources)[m @ [36mauth-register-service[0;1m ---[m
[[1;34mINFO[m] skip non existing resourceDirectory /home/imed/Documents/e-commerce-ms/auth-register-service/src/test/resources
[[1;34mINFO[m] 
[[1;34mINFO[m] [1m--- [0;32mmaven-compiler-plugin:3.13.0:testCompile[m [1m(default-testCompile)[m @ [36mauth-register-service[0;1m ---[m
[[1;34mINFO[m] Nothing to compile - all classes are up to date.
[[1;34mINFO[m] 
[[1;34mINFO[m] [1m<<< [0;32mspring-boot-maven-plugin:3.3.5:run[m [1m(default-cli)[0;1m < [0;1mtest-compile[m @ [36mauth-register-service[0;1m <<<[m
[[1;34mINFO[m] 
[[1;34mINFO[m] 
[[1;34mINFO[m] [1m--- [0;32mspring-boot-maven-plugin:3.3.5:run[m [1m(default-cli)[m @ [36mauth-register-service[0;1m ---[m
[[1;34mINFO[m] Attaching agents: []

  .   ____          _            __ _ _
 /\\ / ___'_ __ _ _(_)_ __  __ _ \ \ \ \
( ( )\___ | '_ | '_| | '_ \/ _` | \ \ \ \
 \\/  ___)| |_)| | | | | || (_| |  ) ) ) )
  '  |____| .__|_| |_|_| |_\__, | / / / /
 =========|_|==============|___/=/_/_/_/

 :: Spring Boot ::                (v3.3.5)

2025-10-19T16:48:18.398+01:00  INFO 19534 --- [auth-register-service] [           main] t.i.a.AuthRegisterServiceApplication     : Starting AuthRegisterServiceApplication using Java 17.0.16 with PID 19534 (/home/imed/Documents/e-commerce-ms/auth-register-service/target/classes started by imed in /home/imed/Documents/e-commerce-ms/auth-register-service)
2025-10-19T16:48:18.404+01:00 DEBUG 19534 --- [auth-register-service] [           main] t.i.a.AuthRegisterServiceApplication     : Running with Spring Boot v3.3.5, Spring v6.1.14
2025-10-19T16:48:18.408+01:00  INFO 19534 --- [auth-register-service] [           main] t.i.a.AuthRegisterServiceApplication     : The following 1 profile is active: "local"
2025-10-19T16:48:21.393+01:00  INFO 19534 --- [auth-register-service] [           main] .s.d.r.c.RepositoryConfigurationDelegate : Multiple Spring Data modules found, entering strict repository configuration mode
2025-10-19T16:48:21.399+01:00  INFO 19534 --- [auth-register-service] [           main] .s.d.r.c.RepositoryConfigurationDelegate : Bootstrapping Spring Data JDBC repositories in DEFAULT mode.
2025-10-19T16:48:21.873+01:00  INFO 19534 --- [auth-register-service] [           main] .RepositoryConfigurationExtensionSupport : Spring Data JDBC - Could not safely identify store assignment for repository candidate interface tn.iteam.authregisterservice.repos.ClientRepository; If you want this repository to be a JDBC repository, consider annotating your entities with one of these annotations: org.springframework.data.relational.core.mapping.Table.
2025-10-19T16:48:21.876+01:00  INFO 19534 --- [auth-register-service] [           main] .RepositoryConfigurationExtensionSupport : Spring Data JDBC - Could not safely identify store assignment for repository candidate interface tn.iteam.authregisterservice.repos.RoleRepository; If you want this repository to be a JDBC repository, consider annotating your entities with one of these annotations: org.springframework.data.relational.core.mapping.Table.
2025-10-19T16:48:21.878+01:00  INFO 19534 --- [auth-register-service] [           main] .RepositoryConfigurationExtensionSupport : Spring Data JDBC - Could not safely identify store assignment for repository candidate interface tn.iteam.authregisterservice.repos.UserRepository; If you want this repository to be a JDBC repository, consider annotating your entities with one of these annotations: org.springframework.data.relational.core.mapping.Table.
2025-10-19T16:48:21.879+01:00  INFO 19534 --- [auth-register-service] [           main] .s.d.r.c.RepositoryConfigurationDelegate : Finished Spring Data repository scanning in 462 ms. Found 0 JDBC repository interfaces.
2025-10-19T16:48:21.920+01:00  INFO 19534 --- [auth-register-service] [           main] .s.d.r.c.RepositoryConfigurationDelegate : Multiple Spring Data modules found, entering strict repository configuration mode
2025-10-19T16:48:21.923+01:00  INFO 19534 --- [auth-register-service] [           main] .s.d.r.c.RepositoryConfigurationDelegate : Bootstrapping Spring Data JPA repositories in DEFAULT mode.
2025-10-19T16:48:22.431+01:00  INFO 19534 --- [auth-register-service] [           main] .s.d.r.c.RepositoryConfigurationDelegate : Finished Spring Data repository scanning in 488 ms. Found 3 JPA repository interfaces.
2025-10-19T16:48:25.096+01:00  INFO 19534 --- [auth-register-service] [           main] o.s.cloud.context.scope.GenericScope     : BeanFactory id=f51e1afe-6cb4-3bba-b2b1-9aa34604c477
2025-10-19T16:48:27.052+01:00  WARN 19534 --- [auth-register-service] [           main] trationDelegate$BeanPostProcessorChecker : Bean 'org.springframework.cloud.client.loadbalancer.LoadBalancerAutoConfiguration$DeferringLoadBalancerInterceptorConfig' of type [org.springframework.cloud.client.loadbalancer.LoadBalancerAutoConfiguration$DeferringLoadBalancerInterceptorConfig] is not eligible for getting processed by all BeanPostProcessors (for example: not eligible for auto-proxying). The currently created BeanPostProcessor [lbRestClientPostProcessor] is declared through a non-static factory method on that class; consider declaring it as static instead.
2025-10-19T16:48:27.060+01:00  WARN 19534 --- [auth-register-service] [           main] trationDelegate$BeanPostProcessorChecker : Bean 'deferringLoadBalancerInterceptor' of type [org.springframework.cloud.client.loadbalancer.DeferringLoadBalancerInterceptor] is not eligible for getting processed by all BeanPostProcessors (for example: not eligible for auto-proxying). Is this bean getting eagerly injected/applied to a currently created BeanPostProcessor [lbRestClientPostProcessor]? Check the corresponding BeanPostProcessor declaration and its dependencies/advisors. If this bean does not have to be post-processed, declare it with ROLE_INFRASTRUCTURE.
2025-10-19T16:48:27.768+01:00  INFO 19534 --- [auth-register-service] [           main] o.s.b.w.embedded.tomcat.TomcatWebServer  : Tomcat initialized with port 8085 (http)
2025-10-19T16:48:28.076+01:00  INFO 19534 --- [auth-register-service] [           main] o.apache.catalina.core.StandardService   : Starting service [Tomcat]
2025-10-19T16:48:28.078+01:00  INFO 19534 --- [auth-register-service] [           main] o.apache.catalina.core.StandardEngine    : Starting Servlet engine: [Apache Tomcat/10.1.31]
2025-10-19T16:48:28.628+01:00  INFO 19534 --- [auth-register-service] [           main] o.a.c.c.C.[Tomcat].[localhost].[/]       : Initializing Spring embedded WebApplicationContext
2025-10-19T16:48:28.632+01:00  INFO 19534 --- [auth-register-service] [           main] w.s.c.ServletWebServerApplicationContext : Root WebApplicationContext: initialization completed in 10105 ms
2025-10-19T16:48:29.051+01:00  INFO 19534 --- [auth-register-service] [           main] o.hibernate.jpa.internal.util.LogHelper  : HHH000204: Processing PersistenceUnitInfo [name: default]
2025-10-19T16:48:30.269+01:00  INFO 19534 --- [auth-register-service] [           main] org.hibernate.Version                    : HHH000412: Hibernate ORM core version 6.5.3.Final
2025-10-19T16:48:31.229+01:00  INFO 19534 --- [auth-register-service] [           main] o.h.c.internal.RegionFactoryInitiator    : HHH000026: Second-level cache disabled
2025-10-19T16:48:34.887+01:00  INFO 19534 --- [auth-register-service] [           main] o.s.o.j.p.SpringPersistenceUnitInfo      : No LoadTimeWeaver setup: ignoring JPA class transformer
2025-10-19T16:48:35.867+01:00  INFO 19534 --- [auth-register-service] [           main] com.zaxxer.hikari.HikariDataSource       : HikariPool-1 - Starting...
2025-10-19T16:48:37.788+01:00  INFO 19534 --- [auth-register-service] [           main] com.zaxxer.hikari.pool.HikariPool        : HikariPool-1 - Added connection com.mysql.cj.jdbc.ConnectionImpl@60ab895f
2025-10-19T16:48:37.791+01:00  INFO 19534 --- [auth-register-service] [           main] com.zaxxer.hikari.HikariDataSource       : HikariPool-1 - Start completed.
2025-10-19T16:48:37.853+01:00  WARN 19534 --- [auth-register-service] [           main] org.hibernate.orm.deprecation            : HHH90000025: MySQL8Dialect does not need to be specified explicitly using 'hibernate.dialect' (remove the property setting and it will be selected by default)
2025-10-19T16:48:37.856+01:00  WARN 19534 --- [auth-register-service] [           main] org.hibernate.orm.deprecation            : HHH90000026: MySQL8Dialect has been deprecated; use org.hibernate.dialect.MySQLDialect instead
2025-10-19T16:48:44.796+01:00  INFO 19534 --- [auth-register-service] [           main] o.h.e.t.j.p.i.JtaPlatformInitiator       : HHH000489: No JTA platform available (set 'hibernate.transaction.jta.platform' to enable JTA platform integration)
2025-10-19T16:48:46.306+01:00  INFO 19534 --- [auth-register-service] [           main] j.LocalContainerEntityManagerFactoryBean : Initialized JPA EntityManagerFactory for persistence unit 'default'
2025-10-19T16:48:50.023+01:00  WARN 19534 --- [auth-register-service] [           main] JpaBaseConfiguration$JpaWebConfiguration : spring.jpa.open-in-view is enabled by default. Therefore, database queries may be performed during view rendering. Explicitly configure spring.jpa.open-in-view to disable this warning
2025-10-19T16:48:50.150+01:00  INFO 19534 --- [auth-register-service] [           main] r$InitializeUserDetailsManagerConfigurer : Global AuthenticationManager configured with UserDetailsService bean with name customUserDetailsService
2025-10-19T16:48:50.690+01:00 DEBUG 19534 --- [auth-register-service] [           main] o.s.s.web.DefaultSecurityFilterChain     : Will secure any request with filters: DisableEncodeUrlFilter, WebAsyncManagerIntegrationFilter, SecurityContextHolderFilter, HeaderWriterFilter, LogoutFilter, JwtAuthenticationFilter, RequestCacheAwareFilter, SecurityContextHolderAwareRequestFilter, AnonymousAuthenticationFilter, SessionManagementFilter, ExceptionTranslationFilter, AuthorizationFilter
2025-10-19T16:48:58.445+01:00  INFO 19534 --- [auth-register-service] [           main] DiscoveryClientOptionalArgsConfiguration : Eureka HTTP Client uses RestTemplate.
2025-10-19T16:48:58.583+01:00  WARN 19534 --- [auth-register-service] [           main] iguration$LoadBalancerCaffeineWarnLogger : Spring Cloud LoadBalancer is currently working with the default cache. While this cache implementation is useful for development and tests, it's recommended to use Caffeine cache in production.You can switch to using Caffeine cache, by adding it and org.springframework.cache.caffeine.CaffeineCacheManager to the classpath.
2025-10-19T16:48:58.622+01:00  INFO 19534 --- [auth-register-service] [           main] o.s.c.n.eureka.InstanceInfoFactory       : Setting initial instance status as: STARTING
2025-10-19T16:48:59.093+01:00  INFO 19534 --- [auth-register-service] [           main] com.netflix.discovery.DiscoveryClient    : Initializing Eureka in region us-east-1
2025-10-19T16:48:59.116+01:00  INFO 19534 --- [auth-register-service] [           main] c.n.d.s.r.aws.ConfigClusterResolver      : Resolving eureka endpoints via configuration
2025-10-19T16:48:59.360+01:00  INFO 19534 --- [auth-register-service] [           main] com.netflix.discovery.DiscoveryClient    : Disable delta property : false
2025-10-19T16:48:59.360+01:00  INFO 19534 --- [auth-register-service] [           main] com.netflix.discovery.DiscoveryClient    : Single vip registry refresh property : null
2025-10-19T16:48:59.360+01:00  INFO 19534 --- [auth-register-service] [           main] com.netflix.discovery.DiscoveryClient    : Force full registry fetch : false
2025-10-19T16:48:59.360+01:00  INFO 19534 --- [auth-register-service] [           main] com.netflix.discovery.DiscoveryClient    : Application is null : false
2025-10-19T16:48:59.360+01:00  INFO 19534 --- [auth-register-service] [           main] com.netflix.discovery.DiscoveryClient    : Registered Applications size is zero : true
2025-10-19T16:48:59.360+01:00  INFO 19534 --- [auth-register-service] [           main] com.netflix.discovery.DiscoveryClient    : Application version is -1: true
2025-10-19T16:48:59.360+01:00  INFO 19534 --- [auth-register-service] [           main] com.netflix.discovery.DiscoveryClient    : Getting all instance registry info from the eureka server
2025-10-19T16:49:00.795+01:00  INFO 19534 --- [auth-register-service] [           main] com.netflix.discovery.DiscoveryClient    : The response status is 200
2025-10-19T16:49:00.798+01:00  INFO 19534 --- [auth-register-service] [           main] com.netflix.discovery.DiscoveryClient    : Starting heartbeat executor: renew interval is: 30
2025-10-19T16:49:00.800+01:00  INFO 19534 --- [auth-register-service] [           main] c.n.discovery.InstanceInfoReplicator     : InstanceInfoReplicator onDemand update allowed rate per min is 4
2025-10-19T16:49:00.802+01:00  INFO 19534 --- [auth-register-service] [           main] com.netflix.discovery.DiscoveryClient    : Discovery Client initialized at timestamp 1760888940801 with initial instances count: 2
2025-10-19T16:49:00.811+01:00  INFO 19534 --- [auth-register-service] [           main] o.s.c.n.e.s.EurekaServiceRegistry        : Registering application AUTH-REGISTER-SERVICE with eureka with status UP
2025-10-19T16:49:00.812+01:00  INFO 19534 --- [auth-register-service] [           main] com.netflix.discovery.DiscoveryClient    : Saw local status change event StatusChangeEvent [timestamp=1760888940812, current=UP, previous=STARTING]
2025-10-19T16:49:00.813+01:00  INFO 19534 --- [auth-register-service] [foReplicator-%d] com.netflix.discovery.DiscoveryClient    : DiscoveryClient_AUTH-REGISTER-SERVICE/192.168.189.1:auth-register-service:8085: registering service...
2025-10-19T16:49:00.829+01:00  INFO 19534 --- [auth-register-service] [           main] o.s.b.w.embedded.tomcat.TomcatWebServer  : Tomcat started on port 8085 (http) with context path '/'
2025-10-19T16:49:00.831+01:00  INFO 19534 --- [auth-register-service] [           main] .s.c.n.e.s.EurekaAutoServiceRegistration : Updating port to 8085
2025-10-19T16:49:00.850+01:00  INFO 19534 --- [auth-register-service] [           main] t.i.a.AuthRegisterServiceApplication     : Started AuthRegisterServiceApplication in 44.014 seconds (process running for 44.794)
2025-10-19T16:49:01.189+01:00  INFO 19534 --- [auth-register-service] [foReplicator-%d] com.netflix.discovery.DiscoveryClient    : DiscoveryClient_AUTH-REGISTER-SERVICE/192.168.189.1:auth-register-service:8085 - registration status: 204
Hibernate: select r1_0.id,r1_0.name from role r1_0 where r1_0.name=?
Hibernate: select r1_0.id,r1_0.name from role r1_0 where r1_0.name=?
Hibernate: select u1_0.id,u1_0.user_type,u1_0.account_non_expired,u1_0.account_non_locked,u1_0.address,u1_0.city,u1_0.country,u1_0.credentials_non_expired,u1_0.date_of_birth,u1_0.email,u1_0.enabled,u1_0.first_name,u1_0.last_name,u1_0.password,u1_0.phone,u1_0.profile_pic,u1_0.zip_code from users u1_0 where u1_0.email=?
Hibernate: select r1_0.user_id,r1_1.id,r1_1.name from users_roles r1_0 join role r1_1 on r1_1.id=r1_0.role_id where r1_0.user_id=?
2025-10-19T16:53:59.362+01:00  INFO 19534 --- [auth-register-service] [rap-executor-%d] c.n.d.s.r.aws.ConfigClusterResolver      : Resolving eureka endpoints via configuration
2025-10-19T16:58:59.363+01:00  INFO 19534 --- [auth-register-service] [rap-executor-%d] c.n.d.s.r.aws.ConfigClusterResolver      : Resolving eureka endpoints via configuration
2025-10-19T17:03:59.364+01:00  INFO 19534 --- [auth-register-service] [rap-executor-%d] c.n.d.s.r.aws.ConfigClusterResolver      : Resolving eureka endpoints via configuration
2025-10-19T17:08:59.365+01:00  INFO 19534 --- [auth-register-service] [rap-executor-%d] c.n.d.s.r.aws.ConfigClusterResolver      : Resolving eureka endpoints via configuration
2025-10-19T17:13:59.366+01:00  INFO 19534 --- [auth-register-service] [rap-executor-%d] c.n.d.s.r.aws.ConfigClusterResolver      : Resolving eureka endpoints via configuration
2025-10-19T17:43:43.860+01:00  INFO 19534 --- [auth-register-service] [rap-executor-%d] c.n.d.s.r.aws.ConfigClusterResolver      : Resolving eureka endpoints via configuration
2025-10-19T17:48:43.860+01:00  INFO 19534 --- [auth-register-service] [rap-executor-%d] c.n.d.s.r.aws.ConfigClusterResolver      : Resolving eureka endpoints via configuration
2025-10-19T17:53:43.866+01:00  INFO 19534 --- [auth-register-service] [rap-executor-%d] c.n.d.s.r.aws.ConfigClusterResolver      : Resolving eureka endpoints via configuration
2025-10-19T17:58:43.867+01:00  INFO 19534 --- [auth-register-service] [rap-executor-%d] c.n.d.s.r.aws.ConfigClusterResolver      : Resolving eureka endpoints via configuration
2025-10-19T18:03:43.868+01:00  INFO 19534 --- [auth-register-service] [rap-executor-%d] c.n.d.s.r.aws.ConfigClusterResolver      : Resolving eureka endpoints via configuration
