[[1;34mINFO[m] Scanning for projects...
[[1;34mINFO[m] 
[[1;34mINFO[m] [1m------------------------< [0;36mtn.iteam:api-gateway[0;1m >------------------------[m
[[1;34mINFO[m] [1mBuilding api-gateway 0.0.1-SNAPSHOT[m
[[1;34mINFO[m] [1m--------------------------------[ jar ]---------------------------------[m
[[1;34mINFO[m] 
[[1;34mINFO[m] [1m>>> [0;32mspring-boot-maven-plugin:3.3.5:run[m [1m(default-cli)[0;1m > [0;1mtest-compile[m @ [36mapi-gateway[0;1m >>>[m
[[1;34mINFO[m] 
[[1;34mINFO[m] [1m--- [0;32mmaven-resources-plugin:3.3.1:resources[m [1m(default-resources)[m @ [36mapi-gateway[0;1m ---[m
[[1;34mINFO[m] Copying 3 resources from src/main/resources to target/classes
[[1;34mINFO[m] Copying 0 resource from src/main/resources to target/classes
[[1;34mINFO[m] 
[[1;34mINFO[m] [1m--- [0;32mmaven-compiler-plugin:3.13.0:compile[m [1m(default-compile)[m @ [36mapi-gateway[0;1m ---[m
[[1;34mINFO[m] Nothing to compile - all classes are up to date.
[[1;34mINFO[m] 
[[1;34mINFO[m] [1m--- [0;32mmaven-resources-plugin:3.3.1:testResources[m [1m(default-testResources)[m @ [36mapi-gateway[0;1m ---[m
[[1;34mINFO[m] skip non existing resourceDirectory /home/imed/Documents/e-commerce-ms/api-gateway/src/test/resources
[[1;34mINFO[m] 
[[1;34mINFO[m] [1m--- [0;32mmaven-compiler-plugin:3.13.0:testCompile[m [1m(default-testCompile)[m @ [36mapi-gateway[0;1m ---[m
[[1;34mINFO[m] Nothing to compile - all classes are up to date.
[[1;34mINFO[m] 
[[1;34mINFO[m] [1m<<< [0;32mspring-boot-maven-plugin:3.3.5:run[m [1m(default-cli)[0;1m < [0;1mtest-compile[m @ [36mapi-gateway[0;1m <<<[m
[[1;34mINFO[m] 
[[1;34mINFO[m] 
[[1;34mINFO[m] [1m--- [0;32mspring-boot-maven-plugin:3.3.5:run[m [1m(default-cli)[m @ [36mapi-gateway[0;1m ---[m
[[1;34mINFO[m] Attaching agents: []

  .   ____          _            __ _ _
 /\\ / ___'_ __ _ _(_)_ __  __ _ \ \ \ \
( ( )\___ | '_ | '_| | '_ \/ _` | \ \ \ \
 \\/  ___)| |_)| | | | | || (_| |  ) ) ) )
  '  |____| .__|_| |_|_| |_\__, | / / / /
 =========|_|==============|___/=/_/_/_/

 :: Spring Boot ::                (v3.3.5)

2025-10-21T21:04:03.998+01:00  INFO 19946 --- [ecom-api-gateway] [           main] t.i.apigateway.ApiGatewayApplication     : Starting ApiGatewayApplication using Java 17.0.16 with PID 19946 (/home/imed/Documents/e-commerce-ms/api-gateway/target/classes started by imed in /home/imed/Documents/e-commerce-ms/api-gateway)
2025-10-21T21:04:04.002+01:00  INFO 19946 --- [ecom-api-gateway] [           main] t.i.apigateway.ApiGatewayApplication     : The following 1 profile is active: "local"
2025-10-21T21:04:05.445+01:00  INFO 19946 --- [ecom-api-gateway] [           main] o.s.cloud.context.scope.GenericScope     : BeanFactory id=bb88c942-a567-39a1-a856-edc74817a044
2025-10-21T21:04:05.539+01:00  WARN 19946 --- [ecom-api-gateway] [           main] trationDelegate$BeanPostProcessorChecker : Bean 'org.springframework.cloud.client.loadbalancer.LoadBalancerAutoConfiguration$DeferringLoadBalancerInterceptorConfig' of type [org.springframework.cloud.client.loadbalancer.LoadBalancerAutoConfiguration$DeferringLoadBalancerInterceptorConfig] is not eligible for getting processed by all BeanPostProcessors (for example: not eligible for auto-proxying). The currently created BeanPostProcessor [lbRestClientPostProcessor] is declared through a non-static factory method on that class; consider declaring it as static instead.
2025-10-21T21:04:05.542+01:00  WARN 19946 --- [ecom-api-gateway] [           main] trationDelegate$BeanPostProcessorChecker : Bean 'deferringLoadBalancerInterceptor' of type [org.springframework.cloud.client.loadbalancer.DeferringLoadBalancerInterceptor] is not eligible for getting processed by all BeanPostProcessors (for example: not eligible for auto-proxying). Is this bean getting eagerly injected/applied to a currently created BeanPostProcessor [lbRestClientPostProcessor]? Check the corresponding BeanPostProcessor declaration and its dependencies/advisors. If this bean does not have to be post-processed, declare it with ROLE_INFRASTRUCTURE.
2025-10-21T21:04:05.544+01:00  WARN 19946 --- [ecom-api-gateway] [           main] trationDelegate$BeanPostProcessorChecker : Bean 'org.springframework.cloud.client.loadbalancer.reactive.LoadBalancerBeanPostProcessorAutoConfiguration' of type [org.springframework.cloud.client.loadbalancer.reactive.LoadBalancerBeanPostProcessorAutoConfiguration] is not eligible for getting processed by all BeanPostProcessors (for example: not eligible for auto-proxying). The currently created BeanPostProcessor [loadBalancerWebClientBuilderBeanPostProcessor] is declared through a non-static factory method on that class; consider declaring it as static instead.
2025-10-21T21:04:05.545+01:00  WARN 19946 --- [ecom-api-gateway] [           main] trationDelegate$BeanPostProcessorChecker : Bean 'org.springframework.cloud.client.loadbalancer.reactive.LoadBalancerBeanPostProcessorAutoConfiguration$ReactorDeferringLoadBalancerFilterConfig' of type [org.springframework.cloud.client.loadbalancer.reactive.LoadBalancerBeanPostProcessorAutoConfiguration$ReactorDeferringLoadBalancerFilterConfig] is not eligible for getting processed by all BeanPostProcessors (for example: not eligible for auto-proxying). Is this bean getting eagerly injected/applied to a currently created BeanPostProcessor [loadBalancerWebClientBuilderBeanPostProcessor]? Check the corresponding BeanPostProcessor declaration and its dependencies/advisors. If this bean does not have to be post-processed, declare it with ROLE_INFRASTRUCTURE.
2025-10-21T21:04:05.547+01:00  WARN 19946 --- [ecom-api-gateway] [           main] trationDelegate$BeanPostProcessorChecker : Bean 'reactorDeferringLoadBalancerExchangeFilterFunction' of type [org.springframework.cloud.client.loadbalancer.reactive.DeferringLoadBalancerExchangeFilterFunction] is not eligible for getting processed by all BeanPostProcessors (for example: not eligible for auto-proxying). Is this bean getting eagerly injected/applied to a currently created BeanPostProcessor [loadBalancerWebClientBuilderBeanPostProcessor]? Check the corresponding BeanPostProcessor declaration and its dependencies/advisors. If this bean does not have to be post-processed, declare it with ROLE_INFRASTRUCTURE.
2025-10-21T21:04:05.949+01:00  INFO 19946 --- [ecom-api-gateway] [           main] ctiveUserDetailsServiceAutoConfiguration : 

Using generated security password: ca19d60f-f56d-495e-9aa3-7c586647bb29

2025-10-21T21:04:06.591+01:00 DEBUG 19946 --- [ecom-api-gateway] [           main] o.s.c.gateway.config.GatewayProperties   : Routes supplied from Gateway Properties: [RouteDefinition{id='auth-service', predicates=[PredicateDefinition{name='Path', args={_genkey_0=/api/auth/**}}], filters=[], uri=http://localhost:8085, order=0, metadata={}}, RouteDefinition{id='catalogue-service-products', predicates=[PredicateDefinition{name='Path', args={_genkey_0=/api/products/**}}], filters=[], uri=http://localhost:8084, order=0, metadata={}}, RouteDefinition{id='catalogue-service-categories', predicates=[PredicateDefinition{name='Path', args={_genkey_0=/api/categories/**}}], filters=[], uri=http://localhost:8084, order=0, metadata={}}, RouteDefinition{id='catalogue-service-cart', predicates=[PredicateDefinition{name='Path', args={_genkey_0=/api/cart/**}}], filters=[], uri=http://localhost:8086, order=0, metadata={}}, RouteDefinition{id='order-service', predicates=[PredicateDefinition{name='Path', args={_genkey_0=/api/orders/**}}], filters=[], uri=http://localhost:8082, order=0, metadata={}}]
2025-10-21T21:04:06.698+01:00  INFO 19946 --- [ecom-api-gateway] [           main] o.s.c.g.r.RouteDefinitionRouteLocator    : Loaded RoutePredicateFactory [After]
2025-10-21T21:04:06.698+01:00  INFO 19946 --- [ecom-api-gateway] [           main] o.s.c.g.r.RouteDefinitionRouteLocator    : Loaded RoutePredicateFactory [Before]
2025-10-21T21:04:06.699+01:00  INFO 19946 --- [ecom-api-gateway] [           main] o.s.c.g.r.RouteDefinitionRouteLocator    : Loaded RoutePredicateFactory [Between]
2025-10-21T21:04:06.699+01:00  INFO 19946 --- [ecom-api-gateway] [           main] o.s.c.g.r.RouteDefinitionRouteLocator    : Loaded RoutePredicateFactory [Cookie]
2025-10-21T21:04:06.699+01:00  INFO 19946 --- [ecom-api-gateway] [           main] o.s.c.g.r.RouteDefinitionRouteLocator    : Loaded RoutePredicateFactory [Header]
2025-10-21T21:04:06.699+01:00  INFO 19946 --- [ecom-api-gateway] [           main] o.s.c.g.r.RouteDefinitionRouteLocator    : Loaded RoutePredicateFactory [Host]
2025-10-21T21:04:06.699+01:00  INFO 19946 --- [ecom-api-gateway] [           main] o.s.c.g.r.RouteDefinitionRouteLocator    : Loaded RoutePredicateFactory [Method]
2025-10-21T21:04:06.699+01:00  INFO 19946 --- [ecom-api-gateway] [           main] o.s.c.g.r.RouteDefinitionRouteLocator    : Loaded RoutePredicateFactory [Path]
2025-10-21T21:04:06.699+01:00  INFO 19946 --- [ecom-api-gateway] [           main] o.s.c.g.r.RouteDefinitionRouteLocator    : Loaded RoutePredicateFactory [Query]
2025-10-21T21:04:06.699+01:00  INFO 19946 --- [ecom-api-gateway] [           main] o.s.c.g.r.RouteDefinitionRouteLocator    : Loaded RoutePredicateFactory [ReadBody]
2025-10-21T21:04:06.699+01:00  INFO 19946 --- [ecom-api-gateway] [           main] o.s.c.g.r.RouteDefinitionRouteLocator    : Loaded RoutePredicateFactory [RemoteAddr]
2025-10-21T21:04:06.699+01:00  INFO 19946 --- [ecom-api-gateway] [           main] o.s.c.g.r.RouteDefinitionRouteLocator    : Loaded RoutePredicateFactory [XForwardedRemoteAddr]
2025-10-21T21:04:06.699+01:00  INFO 19946 --- [ecom-api-gateway] [           main] o.s.c.g.r.RouteDefinitionRouteLocator    : Loaded RoutePredicateFactory [Weight]
2025-10-21T21:04:06.700+01:00  INFO 19946 --- [ecom-api-gateway] [           main] o.s.c.g.r.RouteDefinitionRouteLocator    : Loaded RoutePredicateFactory [CloudFoundryRouteService]
2025-10-21T21:04:06.947+01:00  INFO 19946 --- [ecom-api-gateway] [           main] o.s.b.a.e.web.EndpointLinksResolver      : Exposing 3 endpoints beneath base path '/actuator'
2025-10-21T21:04:07.253+01:00  INFO 19946 --- [ecom-api-gateway] [           main] DiscoveryClientOptionalArgsConfiguration : Eureka HTTP Client uses RestTemplate.
2025-10-21T21:04:07.287+01:00  WARN 19946 --- [ecom-api-gateway] [           main] iguration$LoadBalancerCaffeineWarnLogger : Spring Cloud LoadBalancer is currently working with the default cache. While this cache implementation is useful for development and tests, it's recommended to use Caffeine cache in production.You can switch to using Caffeine cache, by adding it and org.springframework.cache.caffeine.CaffeineCacheManager to the classpath.
2025-10-21T21:04:07.346+01:00  INFO 19946 --- [ecom-api-gateway] [           main] o.s.c.n.eureka.InstanceInfoFactory       : Setting initial instance status as: STARTING
2025-10-21T21:04:07.367+01:00  INFO 19946 --- [ecom-api-gateway] [           main] com.netflix.discovery.DiscoveryClient    : Initializing Eureka in region us-east-1
2025-10-21T21:04:07.372+01:00  INFO 19946 --- [ecom-api-gateway] [           main] c.n.d.s.r.aws.ConfigClusterResolver      : Resolving eureka endpoints via configuration
2025-10-21T21:04:07.382+01:00  INFO 19946 --- [ecom-api-gateway] [           main] com.netflix.discovery.DiscoveryClient    : Disable delta property : false
2025-10-21T21:04:07.382+01:00  INFO 19946 --- [ecom-api-gateway] [           main] com.netflix.discovery.DiscoveryClient    : Single vip registry refresh property : null
2025-10-21T21:04:07.382+01:00  INFO 19946 --- [ecom-api-gateway] [           main] com.netflix.discovery.DiscoveryClient    : Force full registry fetch : false
2025-10-21T21:04:07.382+01:00  INFO 19946 --- [ecom-api-gateway] [           main] com.netflix.discovery.DiscoveryClient    : Application is null : false
2025-10-21T21:04:07.383+01:00  INFO 19946 --- [ecom-api-gateway] [           main] com.netflix.discovery.DiscoveryClient    : Registered Applications size is zero : true
2025-10-21T21:04:07.383+01:00  INFO 19946 --- [ecom-api-gateway] [           main] com.netflix.discovery.DiscoveryClient    : Application version is -1: true
2025-10-21T21:04:07.383+01:00  INFO 19946 --- [ecom-api-gateway] [           main] com.netflix.discovery.DiscoveryClient    : Getting all instance registry info from the eureka server
2025-10-21T21:04:07.960+01:00  INFO 19946 --- [ecom-api-gateway] [           main] com.netflix.discovery.DiscoveryClient    : The response status is 200
2025-10-21T21:04:07.962+01:00  INFO 19946 --- [ecom-api-gateway] [           main] com.netflix.discovery.DiscoveryClient    : Starting heartbeat executor: renew interval is: 30
2025-10-21T21:04:07.964+01:00  INFO 19946 --- [ecom-api-gateway] [           main] c.n.discovery.InstanceInfoReplicator     : InstanceInfoReplicator onDemand update allowed rate per min is 4
2025-10-21T21:04:07.966+01:00  INFO 19946 --- [ecom-api-gateway] [           main] com.netflix.discovery.DiscoveryClient    : Discovery Client initialized at timestamp 1761077047965 with initial instances count: 0
2025-10-21T21:04:07.970+01:00  INFO 19946 --- [ecom-api-gateway] [           main] o.s.c.n.e.s.EurekaServiceRegistry        : Registering application ECOM-API-GATEWAY with eureka with status UP
2025-10-21T21:04:07.970+01:00  INFO 19946 --- [ecom-api-gateway] [           main] com.netflix.discovery.DiscoveryClient    : Saw local status change event StatusChangeEvent [timestamp=1761077047970, current=UP, previous=STARTING]
2025-10-21T21:04:07.972+01:00  INFO 19946 --- [ecom-api-gateway] [foReplicator-%d] com.netflix.discovery.DiscoveryClient    : DiscoveryClient_ECOM-API-GATEWAY/192.168.189.1:ecom-api-gateway:8081: registering service...
2025-10-21T21:04:07.995+01:00 DEBUG 19946 --- [ecom-api-gateway] [           main] o.s.c.g.r.RouteDefinitionRouteLocator    : RouteDefinition auth-service applying {_genkey_0=/api/auth/**} to Path
2025-10-21T21:04:08.039+01:00 DEBUG 19946 --- [ecom-api-gateway] [           main] o.s.c.g.r.RouteDefinitionRouteLocator    : RouteDefinition matched: auth-service
2025-10-21T21:04:08.040+01:00 DEBUG 19946 --- [ecom-api-gateway] [           main] o.s.c.g.r.RouteDefinitionRouteLocator    : RouteDefinition catalogue-service-products applying {_genkey_0=/api/products/**} to Path
2025-10-21T21:04:08.041+01:00 DEBUG 19946 --- [ecom-api-gateway] [           main] o.s.c.g.r.RouteDefinitionRouteLocator    : RouteDefinition matched: catalogue-service-products
2025-10-21T21:04:08.041+01:00 DEBUG 19946 --- [ecom-api-gateway] [           main] o.s.c.g.r.RouteDefinitionRouteLocator    : RouteDefinition catalogue-service-categories applying {_genkey_0=/api/categories/**} to Path
2025-10-21T21:04:08.043+01:00 DEBUG 19946 --- [ecom-api-gateway] [           main] o.s.c.g.r.RouteDefinitionRouteLocator    : RouteDefinition matched: catalogue-service-categories
2025-10-21T21:04:08.043+01:00 DEBUG 19946 --- [ecom-api-gateway] [           main] o.s.c.g.r.RouteDefinitionRouteLocator    : RouteDefinition catalogue-service-cart applying {_genkey_0=/api/cart/**} to Path
2025-10-21T21:04:08.045+01:00 DEBUG 19946 --- [ecom-api-gateway] [           main] o.s.c.g.r.RouteDefinitionRouteLocator    : RouteDefinition matched: catalogue-service-cart
2025-10-21T21:04:08.045+01:00 DEBUG 19946 --- [ecom-api-gateway] [           main] o.s.c.g.r.RouteDefinitionRouteLocator    : RouteDefinition order-service applying {_genkey_0=/api/orders/**} to Path
2025-10-21T21:04:08.047+01:00 DEBUG 19946 --- [ecom-api-gateway] [           main] o.s.c.g.r.RouteDefinitionRouteLocator    : RouteDefinition matched: order-service
2025-10-21T21:04:08.056+01:00 DEBUG 19946 --- [ecom-api-gateway] [           main] o.s.c.g.filter.GatewayMetricsFilter      : New routes count: 5
2025-10-21T21:04:08.158+01:00  INFO 19946 --- [ecom-api-gateway] [foReplicator-%d] com.netflix.discovery.DiscoveryClient    : DiscoveryClient_ECOM-API-GATEWAY/192.168.189.1:ecom-api-gateway:8081 - registration status: 204
2025-10-21T21:04:08.191+01:00  INFO 19946 --- [ecom-api-gateway] [           main] o.s.b.web.embedded.netty.NettyWebServer  : Netty started on port 8081 (http)
2025-10-21T21:04:08.193+01:00  INFO 19946 --- [ecom-api-gateway] [           main] .s.c.n.e.s.EurekaAutoServiceRegistration : Updating port to 8081
2025-10-21T21:04:08.223+01:00 DEBUG 19946 --- [ecom-api-gateway] [           main] o.s.c.g.r.RouteDefinitionRouteLocator    : RouteDefinition auth-service applying {_genkey_0=/api/auth/**} to Path
2025-10-21T21:04:08.224+01:00 DEBUG 19946 --- [ecom-api-gateway] [           main] o.s.c.g.r.RouteDefinitionRouteLocator    : RouteDefinition matched: auth-service
2025-10-21T21:04:08.224+01:00 DEBUG 19946 --- [ecom-api-gateway] [           main] o.s.c.g.r.RouteDefinitionRouteLocator    : RouteDefinition catalogue-service-products applying {_genkey_0=/api/products/**} to Path
2025-10-21T21:04:08.226+01:00 DEBUG 19946 --- [ecom-api-gateway] [           main] o.s.c.g.r.RouteDefinitionRouteLocator    : RouteDefinition matched: catalogue-service-products
2025-10-21T21:04:08.226+01:00 DEBUG 19946 --- [ecom-api-gateway] [           main] o.s.c.g.r.RouteDefinitionRouteLocator    : RouteDefinition catalogue-service-categories applying {_genkey_0=/api/categories/**} to Path
2025-10-21T21:04:08.227+01:00 DEBUG 19946 --- [ecom-api-gateway] [           main] o.s.c.g.r.RouteDefinitionRouteLocator    : RouteDefinition matched: catalogue-service-categories
2025-10-21T21:04:08.227+01:00 DEBUG 19946 --- [ecom-api-gateway] [           main] o.s.c.g.r.RouteDefinitionRouteLocator    : RouteDefinition catalogue-service-cart applying {_genkey_0=/api/cart/**} to Path
2025-10-21T21:04:08.228+01:00 DEBUG 19946 --- [ecom-api-gateway] [           main] o.s.c.g.r.RouteDefinitionRouteLocator    : RouteDefinition matched: catalogue-service-cart
2025-10-21T21:04:08.228+01:00 DEBUG 19946 --- [ecom-api-gateway] [           main] o.s.c.g.r.RouteDefinitionRouteLocator    : RouteDefinition order-service applying {_genkey_0=/api/orders/**} to Path
2025-10-21T21:04:08.229+01:00 DEBUG 19946 --- [ecom-api-gateway] [           main] o.s.c.g.r.RouteDefinitionRouteLocator    : RouteDefinition matched: order-service
2025-10-21T21:04:08.231+01:00 DEBUG 19946 --- [ecom-api-gateway] [           main] o.s.c.g.filter.GatewayMetricsFilter      : New routes count: 5
2025-10-21T21:04:08.233+01:00  INFO 19946 --- [ecom-api-gateway] [           main] t.i.apigateway.ApiGatewayApplication     : Started ApiGatewayApplication in 4.817 seconds (process running for 5.195)
2025-10-21T21:04:37.962+01:00  INFO 19946 --- [ecom-api-gateway] [reshExecutor-%d] com.netflix.discovery.DiscoveryClient    : Disable delta property : false
2025-10-21T21:04:37.963+01:00  INFO 19946 --- [ecom-api-gateway] [reshExecutor-%d] com.netflix.discovery.DiscoveryClient    : Single vip registry refresh property : null
2025-10-21T21:04:37.963+01:00  INFO 19946 --- [ecom-api-gateway] [reshExecutor-%d] com.netflix.discovery.DiscoveryClient    : Force full registry fetch : false
2025-10-21T21:04:37.963+01:00  INFO 19946 --- [ecom-api-gateway] [reshExecutor-%d] com.netflix.discovery.DiscoveryClient    : Application is null : false
2025-10-21T21:04:37.963+01:00  INFO 19946 --- [ecom-api-gateway] [reshExecutor-%d] com.netflix.discovery.DiscoveryClient    : Registered Applications size is zero : true
2025-10-21T21:04:37.963+01:00  INFO 19946 --- [ecom-api-gateway] [reshExecutor-%d] com.netflix.discovery.DiscoveryClient    : Application version is -1: false
2025-10-21T21:04:37.963+01:00  INFO 19946 --- [ecom-api-gateway] [reshExecutor-%d] com.netflix.discovery.DiscoveryClient    : Getting all instance registry info from the eureka server
2025-10-21T21:04:37.981+01:00  INFO 19946 --- [ecom-api-gateway] [reshExecutor-%d] com.netflix.discovery.DiscoveryClient    : The response status is 200
2025-10-21T21:04:37.983+01:00 DEBUG 19946 --- [ecom-api-gateway] [reshExecutor-%d] o.s.c.g.r.RouteDefinitionRouteLocator    : RouteDefinition auth-service applying {_genkey_0=/api/auth/**} to Path
2025-10-21T21:04:37.984+01:00 DEBUG 19946 --- [ecom-api-gateway] [reshExecutor-%d] o.s.c.g.r.RouteDefinitionRouteLocator    : RouteDefinition matched: auth-service
2025-10-21T21:04:37.985+01:00 DEBUG 19946 --- [ecom-api-gateway] [reshExecutor-%d] o.s.c.g.r.RouteDefinitionRouteLocator    : RouteDefinition catalogue-service-products applying {_genkey_0=/api/products/**} to Path
2025-10-21T21:04:37.986+01:00 DEBUG 19946 --- [ecom-api-gateway] [reshExecutor-%d] o.s.c.g.r.RouteDefinitionRouteLocator    : RouteDefinition matched: catalogue-service-products
2025-10-21T21:04:37.986+01:00 DEBUG 19946 --- [ecom-api-gateway] [reshExecutor-%d] o.s.c.g.r.RouteDefinitionRouteLocator    : RouteDefinition catalogue-service-categories applying {_genkey_0=/api/categories/**} to Path
2025-10-21T21:04:37.988+01:00 DEBUG 19946 --- [ecom-api-gateway] [reshExecutor-%d] o.s.c.g.r.RouteDefinitionRouteLocator    : RouteDefinition matched: catalogue-service-categories
2025-10-21T21:04:37.988+01:00 DEBUG 19946 --- [ecom-api-gateway] [reshExecutor-%d] o.s.c.g.r.RouteDefinitionRouteLocator    : RouteDefinition catalogue-service-cart applying {_genkey_0=/api/cart/**} to Path
2025-10-21T21:04:37.989+01:00 DEBUG 19946 --- [ecom-api-gateway] [reshExecutor-%d] o.s.c.g.r.RouteDefinitionRouteLocator    : RouteDefinition matched: catalogue-service-cart
2025-10-21T21:04:37.990+01:00 DEBUG 19946 --- [ecom-api-gateway] [reshExecutor-%d] o.s.c.g.r.RouteDefinitionRouteLocator    : RouteDefinition order-service applying {_genkey_0=/api/orders/**} to Path
2025-10-21T21:04:37.991+01:00 DEBUG 19946 --- [ecom-api-gateway] [reshExecutor-%d] o.s.c.g.r.RouteDefinitionRouteLocator    : RouteDefinition matched: order-service
2025-10-21T21:04:37.992+01:00 DEBUG 19946 --- [ecom-api-gateway] [reshExecutor-%d] o.s.c.g.filter.GatewayMetricsFilter      : New routes count: 5
2025-10-21T21:05:08.012+01:00 DEBUG 19946 --- [ecom-api-gateway] [reshExecutor-%d] o.s.c.g.r.RouteDefinitionRouteLocator    : RouteDefinition auth-service applying {_genkey_0=/api/auth/**} to Path
2025-10-21T21:05:08.017+01:00 DEBUG 19946 --- [ecom-api-gateway] [reshExecutor-%d] o.s.c.g.r.RouteDefinitionRouteLocator    : RouteDefinition matched: auth-service
2025-10-21T21:05:08.017+01:00 DEBUG 19946 --- [ecom-api-gateway] [reshExecutor-%d] o.s.c.g.r.RouteDefinitionRouteLocator    : RouteDefinition catalogue-service-products applying {_genkey_0=/api/products/**} to Path
2025-10-21T21:05:08.020+01:00 DEBUG 19946 --- [ecom-api-gateway] [reshExecutor-%d] o.s.c.g.r.RouteDefinitionRouteLocator    : RouteDefinition matched: catalogue-service-products
2025-10-21T21:05:08.020+01:00 DEBUG 19946 --- [ecom-api-gateway] [reshExecutor-%d] o.s.c.g.r.RouteDefinitionRouteLocator    : RouteDefinition catalogue-service-categories applying {_genkey_0=/api/categories/**} to Path
2025-10-21T21:05:08.023+01:00 DEBUG 19946 --- [ecom-api-gateway] [reshExecutor-%d] o.s.c.g.r.RouteDefinitionRouteLocator    : RouteDefinition matched: catalogue-service-categories
2025-10-21T21:05:08.023+01:00 DEBUG 19946 --- [ecom-api-gateway] [reshExecutor-%d] o.s.c.g.r.RouteDefinitionRouteLocator    : RouteDefinition catalogue-service-cart applying {_genkey_0=/api/cart/**} to Path
2025-10-21T21:05:08.024+01:00 DEBUG 19946 --- [ecom-api-gateway] [reshExecutor-%d] o.s.c.g.r.RouteDefinitionRouteLocator    : RouteDefinition matched: catalogue-service-cart
2025-10-21T21:05:08.025+01:00 DEBUG 19946 --- [ecom-api-gateway] [reshExecutor-%d] o.s.c.g.r.RouteDefinitionRouteLocator    : RouteDefinition order-service applying {_genkey_0=/api/orders/**} to Path
2025-10-21T21:05:08.026+01:00 DEBUG 19946 --- [ecom-api-gateway] [reshExecutor-%d] o.s.c.g.r.RouteDefinitionRouteLocator    : RouteDefinition matched: order-service
2025-10-21T21:05:08.027+01:00 DEBUG 19946 --- [ecom-api-gateway] [reshExecutor-%d] o.s.c.g.filter.GatewayMetricsFilter      : New routes count: 5
2025-10-21T21:05:38.039+01:00 DEBUG 19946 --- [ecom-api-gateway] [reshExecutor-%d] o.s.c.g.r.RouteDefinitionRouteLocator    : RouteDefinition auth-service applying {_genkey_0=/api/auth/**} to Path
2025-10-21T21:05:38.041+01:00 DEBUG 19946 --- [ecom-api-gateway] [reshExecutor-%d] o.s.c.g.r.RouteDefinitionRouteLocator    : RouteDefinition matched: auth-service
2025-10-21T21:05:38.041+01:00 DEBUG 19946 --- [ecom-api-gateway] [reshExecutor-%d] o.s.c.g.r.RouteDefinitionRouteLocator    : RouteDefinition catalogue-service-products applying {_genkey_0=/api/products/**} to Path
2025-10-21T21:05:38.042+01:00 DEBUG 19946 --- [ecom-api-gateway] [reshExecutor-%d] o.s.c.g.r.RouteDefinitionRouteLocator    : RouteDefinition matched: catalogue-service-products
2025-10-21T21:05:38.042+01:00 DEBUG 19946 --- [ecom-api-gateway] [reshExecutor-%d] o.s.c.g.r.RouteDefinitionRouteLocator    : RouteDefinition catalogue-service-categories applying {_genkey_0=/api/categories/**} to Path
2025-10-21T21:05:38.044+01:00 DEBUG 19946 --- [ecom-api-gateway] [reshExecutor-%d] o.s.c.g.r.RouteDefinitionRouteLocator    : RouteDefinition matched: catalogue-service-categories
2025-10-21T21:05:38.044+01:00 DEBUG 19946 --- [ecom-api-gateway] [reshExecutor-%d] o.s.c.g.r.RouteDefinitionRouteLocator    : RouteDefinition catalogue-service-cart applying {_genkey_0=/api/cart/**} to Path
2025-10-21T21:05:38.046+01:00 DEBUG 19946 --- [ecom-api-gateway] [reshExecutor-%d] o.s.c.g.r.RouteDefinitionRouteLocator    : RouteDefinition matched: catalogue-service-cart
2025-10-21T21:05:38.046+01:00 DEBUG 19946 --- [ecom-api-gateway] [reshExecutor-%d] o.s.c.g.r.RouteDefinitionRouteLocator    : RouteDefinition order-service applying {_genkey_0=/api/orders/**} to Path
2025-10-21T21:05:38.047+01:00 DEBUG 19946 --- [ecom-api-gateway] [reshExecutor-%d] o.s.c.g.r.RouteDefinitionRouteLocator    : RouteDefinition matched: order-service
2025-10-21T21:05:38.048+01:00 DEBUG 19946 --- [ecom-api-gateway] [reshExecutor-%d] o.s.c.g.filter.GatewayMetricsFilter      : New routes count: 5
2025-10-21T21:06:08.058+01:00 DEBUG 19946 --- [ecom-api-gateway] [reshExecutor-%d] o.s.c.g.r.RouteDefinitionRouteLocator    : RouteDefinition auth-service applying {_genkey_0=/api/auth/**} to Path
2025-10-21T21:06:08.060+01:00 DEBUG 19946 --- [ecom-api-gateway] [reshExecutor-%d] o.s.c.g.r.RouteDefinitionRouteLocator    : RouteDefinition matched: auth-service
2025-10-21T21:06:08.060+01:00 DEBUG 19946 --- [ecom-api-gateway] [reshExecutor-%d] o.s.c.g.r.RouteDefinitionRouteLocator    : RouteDefinition catalogue-service-products applying {_genkey_0=/api/products/**} to Path
2025-10-21T21:06:08.062+01:00 DEBUG 19946 --- [ecom-api-gateway] [reshExecutor-%d] o.s.c.g.r.RouteDefinitionRouteLocator    : RouteDefinition matched: catalogue-service-products
2025-10-21T21:06:08.062+01:00 DEBUG 19946 --- [ecom-api-gateway] [reshExecutor-%d] o.s.c.g.r.RouteDefinitionRouteLocator    : RouteDefinition catalogue-service-categories applying {_genkey_0=/api/categories/**} to Path
2025-10-21T21:06:08.064+01:00 DEBUG 19946 --- [ecom-api-gateway] [reshExecutor-%d] o.s.c.g.r.RouteDefinitionRouteLocator    : RouteDefinition matched: catalogue-service-categories
2025-10-21T21:06:08.064+01:00 DEBUG 19946 --- [ecom-api-gateway] [reshExecutor-%d] o.s.c.g.r.RouteDefinitionRouteLocator    : RouteDefinition catalogue-service-cart applying {_genkey_0=/api/cart/**} to Path
2025-10-21T21:06:08.066+01:00 DEBUG 19946 --- [ecom-api-gateway] [reshExecutor-%d] o.s.c.g.r.RouteDefinitionRouteLocator    : RouteDefinition matched: catalogue-service-cart
2025-10-21T21:06:08.066+01:00 DEBUG 19946 --- [ecom-api-gateway] [reshExecutor-%d] o.s.c.g.r.RouteDefinitionRouteLocator    : RouteDefinition order-service applying {_genkey_0=/api/orders/**} to Path
2025-10-21T21:06:08.068+01:00 DEBUG 19946 --- [ecom-api-gateway] [reshExecutor-%d] o.s.c.g.r.RouteDefinitionRouteLocator    : RouteDefinition matched: order-service
2025-10-21T21:06:08.069+01:00 DEBUG 19946 --- [ecom-api-gateway] [reshExecutor-%d] o.s.c.g.filter.GatewayMetricsFilter      : New routes count: 5
2025-10-21T21:06:38.083+01:00 DEBUG 19946 --- [ecom-api-gateway] [reshExecutor-%d] o.s.c.g.r.RouteDefinitionRouteLocator    : RouteDefinition auth-service applying {_genkey_0=/api/auth/**} to Path
2025-10-21T21:06:38.085+01:00 DEBUG 19946 --- [ecom-api-gateway] [reshExecutor-%d] o.s.c.g.r.RouteDefinitionRouteLocator    : RouteDefinition matched: auth-service
2025-10-21T21:06:38.086+01:00 DEBUG 19946 --- [ecom-api-gateway] [reshExecutor-%d] o.s.c.g.r.RouteDefinitionRouteLocator    : RouteDefinition catalogue-service-products applying {_genkey_0=/api/products/**} to Path
2025-10-21T21:06:38.088+01:00 DEBUG 19946 --- [ecom-api-gateway] [reshExecutor-%d] o.s.c.g.r.RouteDefinitionRouteLocator    : RouteDefinition matched: catalogue-service-products
2025-10-21T21:06:38.088+01:00 DEBUG 19946 --- [ecom-api-gateway] [reshExecutor-%d] o.s.c.g.r.RouteDefinitionRouteLocator    : RouteDefinition catalogue-service-categories applying {_genkey_0=/api/categories/**} to Path
2025-10-21T21:06:38.090+01:00 DEBUG 19946 --- [ecom-api-gateway] [reshExecutor-%d] o.s.c.g.r.RouteDefinitionRouteLocator    : RouteDefinition matched: catalogue-service-categories
2025-10-21T21:06:38.090+01:00 DEBUG 19946 --- [ecom-api-gateway] [reshExecutor-%d] o.s.c.g.r.RouteDefinitionRouteLocator    : RouteDefinition catalogue-service-cart applying {_genkey_0=/api/cart/**} to Path
2025-10-21T21:06:38.092+01:00 DEBUG 19946 --- [ecom-api-gateway] [reshExecutor-%d] o.s.c.g.r.RouteDefinitionRouteLocator    : RouteDefinition matched: catalogue-service-cart
2025-10-21T21:06:38.093+01:00 DEBUG 19946 --- [ecom-api-gateway] [reshExecutor-%d] o.s.c.g.r.RouteDefinitionRouteLocator    : RouteDefinition order-service applying {_genkey_0=/api/orders/**} to Path
2025-10-21T21:06:38.095+01:00 DEBUG 19946 --- [ecom-api-gateway] [reshExecutor-%d] o.s.c.g.r.RouteDefinitionRouteLocator    : RouteDefinition matched: order-service
2025-10-21T21:06:38.096+01:00 DEBUG 19946 --- [ecom-api-gateway] [reshExecutor-%d] o.s.c.g.filter.GatewayMetricsFilter      : New routes count: 5
2025-10-21T21:07:08.111+01:00 DEBUG 19946 --- [ecom-api-gateway] [reshExecutor-%d] o.s.c.g.r.RouteDefinitionRouteLocator    : RouteDefinition auth-service applying {_genkey_0=/api/auth/**} to Path
2025-10-21T21:07:08.113+01:00 DEBUG 19946 --- [ecom-api-gateway] [reshExecutor-%d] o.s.c.g.r.RouteDefinitionRouteLocator    : RouteDefinition matched: auth-service
2025-10-21T21:07:08.114+01:00 DEBUG 19946 --- [ecom-api-gateway] [reshExecutor-%d] o.s.c.g.r.RouteDefinitionRouteLocator    : RouteDefinition catalogue-service-products applying {_genkey_0=/api/products/**} to Path
2025-10-21T21:07:08.116+01:00 DEBUG 19946 --- [ecom-api-gateway] [reshExecutor-%d] o.s.c.g.r.RouteDefinitionRouteLocator    : RouteDefinition matched: catalogue-service-products
2025-10-21T21:07:08.116+01:00 DEBUG 19946 --- [ecom-api-gateway] [reshExecutor-%d] o.s.c.g.r.RouteDefinitionRouteLocator    : RouteDefinition catalogue-service-categories applying {_genkey_0=/api/categories/**} to Path
2025-10-21T21:07:08.118+01:00 DEBUG 19946 --- [ecom-api-gateway] [reshExecutor-%d] o.s.c.g.r.RouteDefinitionRouteLocator    : RouteDefinition matched: catalogue-service-categories
2025-10-21T21:07:08.118+01:00 DEBUG 19946 --- [ecom-api-gateway] [reshExecutor-%d] o.s.c.g.r.RouteDefinitionRouteLocator    : RouteDefinition catalogue-service-cart applying {_genkey_0=/api/cart/**} to Path
2025-10-21T21:07:08.120+01:00 DEBUG 19946 --- [ecom-api-gateway] [reshExecutor-%d] o.s.c.g.r.RouteDefinitionRouteLocator    : RouteDefinition matched: catalogue-service-cart
2025-10-21T21:07:08.120+01:00 DEBUG 19946 --- [ecom-api-gateway] [reshExecutor-%d] o.s.c.g.r.RouteDefinitionRouteLocator    : RouteDefinition order-service applying {_genkey_0=/api/orders/**} to Path
2025-10-21T21:07:08.122+01:00 DEBUG 19946 --- [ecom-api-gateway] [reshExecutor-%d] o.s.c.g.r.RouteDefinitionRouteLocator    : RouteDefinition matched: order-service
2025-10-21T21:07:08.123+01:00 DEBUG 19946 --- [ecom-api-gateway] [reshExecutor-%d] o.s.c.g.filter.GatewayMetricsFilter      : New routes count: 5
2025-10-21T21:07:38.135+01:00 DEBUG 19946 --- [ecom-api-gateway] [reshExecutor-%d] o.s.c.g.r.RouteDefinitionRouteLocator    : RouteDefinition auth-service applying {_genkey_0=/api/auth/**} to Path
2025-10-21T21:07:38.136+01:00 DEBUG 19946 --- [ecom-api-gateway] [reshExecutor-%d] o.s.c.g.r.RouteDefinitionRouteLocator    : RouteDefinition matched: auth-service
2025-10-21T21:07:38.136+01:00 DEBUG 19946 --- [ecom-api-gateway] [reshExecutor-%d] o.s.c.g.r.RouteDefinitionRouteLocator    : RouteDefinition catalogue-service-products applying {_genkey_0=/api/products/**} to Path
2025-10-21T21:07:38.137+01:00 DEBUG 19946 --- [ecom-api-gateway] [reshExecutor-%d] o.s.c.g.r.RouteDefinitionRouteLocator    : RouteDefinition matched: catalogue-service-products
2025-10-21T21:07:38.138+01:00 DEBUG 19946 --- [ecom-api-gateway] [reshExecutor-%d] o.s.c.g.r.RouteDefinitionRouteLocator    : RouteDefinition catalogue-service-categories applying {_genkey_0=/api/categories/**} to Path
2025-10-21T21:07:38.139+01:00 DEBUG 19946 --- [ecom-api-gateway] [reshExecutor-%d] o.s.c.g.r.RouteDefinitionRouteLocator    : RouteDefinition matched: catalogue-service-categories
2025-10-21T21:07:38.139+01:00 DEBUG 19946 --- [ecom-api-gateway] [reshExecutor-%d] o.s.c.g.r.RouteDefinitionRouteLocator    : RouteDefinition catalogue-service-cart applying {_genkey_0=/api/cart/**} to Path
2025-10-21T21:07:38.140+01:00 DEBUG 19946 --- [ecom-api-gateway] [reshExecutor-%d] o.s.c.g.r.RouteDefinitionRouteLocator    : RouteDefinition matched: catalogue-service-cart
2025-10-21T21:07:38.140+01:00 DEBUG 19946 --- [ecom-api-gateway] [reshExecutor-%d] o.s.c.g.r.RouteDefinitionRouteLocator    : RouteDefinition order-service applying {_genkey_0=/api/orders/**} to Path
2025-10-21T21:07:38.141+01:00 DEBUG 19946 --- [ecom-api-gateway] [reshExecutor-%d] o.s.c.g.r.RouteDefinitionRouteLocator    : RouteDefinition matched: order-service
2025-10-21T21:07:38.142+01:00 DEBUG 19946 --- [ecom-api-gateway] [reshExecutor-%d] o.s.c.g.filter.GatewayMetricsFilter      : New routes count: 5
2025-10-21T21:08:08.155+01:00 DEBUG 19946 --- [ecom-api-gateway] [reshExecutor-%d] o.s.c.g.r.RouteDefinitionRouteLocator    : RouteDefinition auth-service applying {_genkey_0=/api/auth/**} to Path
2025-10-21T21:08:08.156+01:00 DEBUG 19946 --- [ecom-api-gateway] [reshExecutor-%d] o.s.c.g.r.RouteDefinitionRouteLocator    : RouteDefinition matched: auth-service
2025-10-21T21:08:08.157+01:00 DEBUG 19946 --- [ecom-api-gateway] [reshExecutor-%d] o.s.c.g.r.RouteDefinitionRouteLocator    : RouteDefinition catalogue-service-products applying {_genkey_0=/api/products/**} to Path
2025-10-21T21:08:08.158+01:00 DEBUG 19946 --- [ecom-api-gateway] [reshExecutor-%d] o.s.c.g.r.RouteDefinitionRouteLocator    : RouteDefinition matched: catalogue-service-products
2025-10-21T21:08:08.158+01:00 DEBUG 19946 --- [ecom-api-gateway] [reshExecutor-%d] o.s.c.g.r.RouteDefinitionRouteLocator    : RouteDefinition catalogue-service-categories applying {_genkey_0=/api/categories/**} to Path
2025-10-21T21:08:08.159+01:00 DEBUG 19946 --- [ecom-api-gateway] [reshExecutor-%d] o.s.c.g.r.RouteDefinitionRouteLocator    : RouteDefinition matched: catalogue-service-categories
2025-10-21T21:08:08.159+01:00 DEBUG 19946 --- [ecom-api-gateway] [reshExecutor-%d] o.s.c.g.r.RouteDefinitionRouteLocator    : RouteDefinition catalogue-service-cart applying {_genkey_0=/api/cart/**} to Path
2025-10-21T21:08:08.160+01:00 DEBUG 19946 --- [ecom-api-gateway] [reshExecutor-%d] o.s.c.g.r.RouteDefinitionRouteLocator    : RouteDefinition matched: catalogue-service-cart
2025-10-21T21:08:08.161+01:00 DEBUG 19946 --- [ecom-api-gateway] [reshExecutor-%d] o.s.c.g.r.RouteDefinitionRouteLocator    : RouteDefinition order-service applying {_genkey_0=/api/orders/**} to Path
2025-10-21T21:08:08.162+01:00 DEBUG 19946 --- [ecom-api-gateway] [reshExecutor-%d] o.s.c.g.r.RouteDefinitionRouteLocator    : RouteDefinition matched: order-service
2025-10-21T21:08:08.162+01:00 DEBUG 19946 --- [ecom-api-gateway] [reshExecutor-%d] o.s.c.g.filter.GatewayMetricsFilter      : New routes count: 5
2025-10-21T21:08:38.175+01:00 DEBUG 19946 --- [ecom-api-gateway] [reshExecutor-%d] o.s.c.g.r.RouteDefinitionRouteLocator    : RouteDefinition auth-service applying {_genkey_0=/api/auth/**} to Path
2025-10-21T21:08:38.177+01:00 DEBUG 19946 --- [ecom-api-gateway] [reshExecutor-%d] o.s.c.g.r.RouteDefinitionRouteLocator    : RouteDefinition matched: auth-service
2025-10-21T21:08:38.177+01:00 DEBUG 19946 --- [ecom-api-gateway] [reshExecutor-%d] o.s.c.g.r.RouteDefinitionRouteLocator    : RouteDefinition catalogue-service-products applying {_genkey_0=/api/products/**} to Path
2025-10-21T21:08:38.179+01:00 DEBUG 19946 --- [ecom-api-gateway] [reshExecutor-%d] o.s.c.g.r.RouteDefinitionRouteLocator    : RouteDefinition matched: catalogue-service-products
2025-10-21T21:08:38.179+01:00 DEBUG 19946 --- [ecom-api-gateway] [reshExecutor-%d] o.s.c.g.r.RouteDefinitionRouteLocator    : RouteDefinition catalogue-service-categories applying {_genkey_0=/api/categories/**} to Path
2025-10-21T21:08:38.181+01:00 DEBUG 19946 --- [ecom-api-gateway] [reshExecutor-%d] o.s.c.g.r.RouteDefinitionRouteLocator    : RouteDefinition matched: catalogue-service-categories
2025-10-21T21:08:38.181+01:00 DEBUG 19946 --- [ecom-api-gateway] [reshExecutor-%d] o.s.c.g.r.RouteDefinitionRouteLocator    : RouteDefinition catalogue-service-cart applying {_genkey_0=/api/cart/**} to Path
2025-10-21T21:08:38.183+01:00 DEBUG 19946 --- [ecom-api-gateway] [reshExecutor-%d] o.s.c.g.r.RouteDefinitionRouteLocator    : RouteDefinition matched: catalogue-service-cart
2025-10-21T21:08:38.183+01:00 DEBUG 19946 --- [ecom-api-gateway] [reshExecutor-%d] o.s.c.g.r.RouteDefinitionRouteLocator    : RouteDefinition order-service applying {_genkey_0=/api/orders/**} to Path
2025-10-21T21:08:38.185+01:00 DEBUG 19946 --- [ecom-api-gateway] [reshExecutor-%d] o.s.c.g.r.RouteDefinitionRouteLocator    : RouteDefinition matched: order-service
2025-10-21T21:08:38.185+01:00 DEBUG 19946 --- [ecom-api-gateway] [reshExecutor-%d] o.s.c.g.filter.GatewayMetricsFilter      : New routes count: 5
2025-10-21T21:08:44.279+01:00 DEBUG 19946 --- [ecom-api-gateway] [     parallel-2] o.s.c.g.h.RoutePredicateHandlerMapping   : Route matched: auth-service
2025-10-21T21:08:44.280+01:00 DEBUG 19946 --- [ecom-api-gateway] [     parallel-2] o.s.c.g.h.RoutePredicateHandlerMapping   : Mapping [Exchange: POST http://localhost:8081/api/auth/login] to Route{id='auth-service', uri=http://localhost:8085, order=0, predicate=Paths: [/api/auth/**], match trailing slash: true, gatewayFilters=[], metadata={}}
2025-10-21T21:08:44.280+01:00 DEBUG 19946 --- [ecom-api-gateway] [     parallel-2] o.s.c.g.h.RoutePredicateHandlerMapping   : [8ecce73e-2] Mapped to org.springframework.cloud.gateway.handler.FilteringWebHandler@7fc7e63
2025-10-21T21:08:44.281+01:00 DEBUG 19946 --- [ecom-api-gateway] [     parallel-2] o.s.c.g.handler.FilteringWebHandler      : Sorted gatewayFilterFactories: [[GatewayFilterAdapter{delegate=org.springframework.cloud.gateway.filter.RemoveCachedBodyFilter@7282af25}, order = -2147483648], [GatewayFilterAdapter{delegate=org.springframework.cloud.gateway.filter.AdaptCachedBodyGlobalFilter@5c82031b}, order = -2147482648], [GatewayFilterAdapter{delegate=tn.iteam.apigateway.config.AuthorizationHeaderGlobalFilter@781dbe44}, order = -1], [GatewayFilterAdapter{delegate=org.springframework.cloud.gateway.filter.NettyWriteResponseFilter@3a2546d6}, order = -1], [GatewayFilterAdapter{delegate=org.springframework.cloud.gateway.filter.ForwardPathFilter@307c59ea}, order = 0], [GatewayFilterAdapter{delegate=org.springframework.cloud.gateway.filter.GatewayMetricsFilter@2edb2f8b}, order = 0], [GatewayFilterAdapter{delegate=org.springframework.cloud.gateway.filter.RouteToRequestUrlFilter@7661e474}, order = 10000], [GatewayFilterAdapter{delegate=org.springframework.cloud.gateway.filter.ReactiveLoadBalancerClientFilter@7d66a126}, order = 10150], [GatewayFilterAdapter{delegate=org.springframework.cloud.gateway.filter.LoadBalancerServiceInstanceCookieFilter@1132baa3}, order = 10151], [GatewayFilterAdapter{delegate=org.springframework.cloud.gateway.filter.WebsocketRoutingFilter@57e03347}, order = 2147483646], [GatewayFilterAdapter{delegate=org.springframework.cloud.gateway.filter.NettyRoutingFilter@2fdf22f7}, order = 2147483647], [GatewayFilterAdapter{delegate=org.springframework.cloud.gateway.filter.ForwardRoutingFilter@20ffb8d5}, order = 2147483647]]
2025-10-21T21:08:44.289+01:00 DEBUG 19946 --- [ecom-api-gateway] [     parallel-2] g.f.h.o.ObservedRequestHttpHeadersFilter : Will instrument the HTTP request headers [Host:"localhost:8081", Content-Length:"39", sec-ch-ua-platform:""Linux"", User-Agent:"Mozilla/5.0 (X11; Linux x86_64) AppleWebKit/537.36 (KHTML, like Gecko) Chrome/133.0.0.0 Safari/537.36", Accept:"application/json, text/plain, */*", sec-ch-ua:""Not(A:Brand";v="99", "Google Chrome";v="133", "Chromium";v="133"", Content-Type:"application/json", sec-ch-ua-mobile:"?0", Origin:"http://localhost:4200", Sec-Fetch-Site:"same-site", Sec-Fetch-Mode:"cors", Sec-Fetch-Dest:"empty", Referer:"http://localhost:4200/", Accept-Encoding:"gzip, deflate, br, zstd", Accept-Language:"en-GB,en;q=0.9,fr-FR;q=0.8,fr;q=0.7,ar-TN;q=0.6,ar-PS;q=0.5,ar;q=0.4,en-US;q=0.3", Forwarded:"proto=http;host="localhost:8081";for="[0:0:0:0:0:0:0:1]:54572"", X-Forwarded-For:"0:0:0:0:0:0:0:1", X-Forwarded-Proto:"http", X-Forwarded-Port:"8081", X-Forwarded-Host:"localhost:8081"]
2025-10-21T21:08:44.296+01:00 DEBUG 19946 --- [ecom-api-gateway] [     parallel-2] g.f.h.o.ObservedRequestHttpHeadersFilter : Client observation  {name=http.client.requests(null), error=null, context=name='http.client.requests', contextualName='null', error='null', lowCardinalityKeyValues=[http.method='POST', http.status_code='UNKNOWN', spring.cloud.gateway.route.id='auth-service', spring.cloud.gateway.route.uri='http://localhost:8085'], highCardinalityKeyValues=[http.uri='http://localhost:8081/api/auth/login'], map=[class io.micrometer.core.instrument.LongTaskTimer$Sample='SampleImpl{duration(seconds)=0.001665563, duration(nanos)=1665563.0, startTimeNanos=8123319603627}', class io.micrometer.core.instrument.Timer$Sample='io.micrometer.core.instrument.Timer$Sample@c8716d7'], parentObservation=org.springframework.security.web.server.ObservationWebFilterChainDecorator$PhasedObservation@6f762929} created for the request. New headers are [Host:"localhost:8081", Content-Length:"39", sec-ch-ua-platform:""Linux"", User-Agent:"Mozilla/5.0 (X11; Linux x86_64) AppleWebKit/537.36 (KHTML, like Gecko) Chrome/133.0.0.0 Safari/537.36", Accept:"application/json, text/plain, */*", sec-ch-ua:""Not(A:Brand";v="99", "Google Chrome";v="133", "Chromium";v="133"", Content-Type:"application/json", sec-ch-ua-mobile:"?0", Origin:"http://localhost:4200", Sec-Fetch-Site:"same-site", Sec-Fetch-Mode:"cors", Sec-Fetch-Dest:"empty", Referer:"http://localhost:4200/", Accept-Encoding:"gzip, deflate, br, zstd", Accept-Language:"en-GB,en;q=0.9,fr-FR;q=0.8,fr;q=0.7,ar-TN;q=0.6,ar-PS;q=0.5,ar;q=0.4,en-US;q=0.3", Forwarded:"proto=http;host="localhost:8081";for="[0:0:0:0:0:0:0:1]:54572"", X-Forwarded-For:"0:0:0:0:0:0:0:1", X-Forwarded-Proto:"http", X-Forwarded-Port:"8081", X-Forwarded-Host:"localhost:8081"]
2025-10-21T21:08:44.626+01:00 DEBUG 19946 --- [ecom-api-gateway] [or-http-epoll-4] .f.h.o.ObservedResponseHttpHeadersFilter : Will instrument the response
2025-10-21T21:08:44.627+01:00 DEBUG 19946 --- [ecom-api-gateway] [or-http-epoll-4] .f.h.o.ObservedResponseHttpHeadersFilter : The response was handled for observation {name=http.client.requests(null), error=null, context=name='http.client.requests', contextualName='null', error='null', lowCardinalityKeyValues=[http.method='POST', http.status_code='UNKNOWN', spring.cloud.gateway.route.id='auth-service', spring.cloud.gateway.route.uri='http://localhost:8085'], highCardinalityKeyValues=[http.uri='http://localhost:8081/api/auth/login'], map=[class io.micrometer.core.instrument.LongTaskTimer$Sample='SampleImpl{duration(seconds)=0.333012518, duration(nanos)=3.33012518E8, startTimeNanos=8123319603627}', class io.micrometer.core.instrument.Timer$Sample='io.micrometer.core.instrument.Timer$Sample@c8716d7'], parentObservation=org.springframework.security.web.server.ObservationWebFilterChainDecorator$PhasedObservation@6f762929}
2025-10-21T21:09:07.385+01:00  INFO 19946 --- [ecom-api-gateway] [rap-executor-%d] c.n.d.s.r.aws.ConfigClusterResolver      : Resolving eureka endpoints via configuration
2025-10-21T21:09:08.198+01:00 DEBUG 19946 --- [ecom-api-gateway] [reshExecutor-%d] o.s.c.g.r.RouteDefinitionRouteLocator    : RouteDefinition auth-service applying {_genkey_0=/api/auth/**} to Path
2025-10-21T21:09:08.200+01:00 DEBUG 19946 --- [ecom-api-gateway] [reshExecutor-%d] o.s.c.g.r.RouteDefinitionRouteLocator    : RouteDefinition matched: auth-service
2025-10-21T21:09:08.201+01:00 DEBUG 19946 --- [ecom-api-gateway] [reshExecutor-%d] o.s.c.g.r.RouteDefinitionRouteLocator    : RouteDefinition catalogue-service-products applying {_genkey_0=/api/products/**} to Path
2025-10-21T21:09:08.203+01:00 DEBUG 19946 --- [ecom-api-gateway] [reshExecutor-%d] o.s.c.g.r.RouteDefinitionRouteLocator    : RouteDefinition matched: catalogue-service-products
2025-10-21T21:09:08.203+01:00 DEBUG 19946 --- [ecom-api-gateway] [reshExecutor-%d] o.s.c.g.r.RouteDefinitionRouteLocator    : RouteDefinition catalogue-service-categories applying {_genkey_0=/api/categories/**} to Path
2025-10-21T21:09:08.204+01:00 DEBUG 19946 --- [ecom-api-gateway] [reshExecutor-%d] o.s.c.g.r.RouteDefinitionRouteLocator    : RouteDefinition matched: catalogue-service-categories
2025-10-21T21:09:08.205+01:00 DEBUG 19946 --- [ecom-api-gateway] [reshExecutor-%d] o.s.c.g.r.RouteDefinitionRouteLocator    : RouteDefinition catalogue-service-cart applying {_genkey_0=/api/cart/**} to Path
2025-10-21T21:09:08.206+01:00 DEBUG 19946 --- [ecom-api-gateway] [reshExecutor-%d] o.s.c.g.r.RouteDefinitionRouteLocator    : RouteDefinition matched: catalogue-service-cart
2025-10-21T21:09:08.206+01:00 DEBUG 19946 --- [ecom-api-gateway] [reshExecutor-%d] o.s.c.g.r.RouteDefinitionRouteLocator    : RouteDefinition order-service applying {_genkey_0=/api/orders/**} to Path
2025-10-21T21:09:08.207+01:00 DEBUG 19946 --- [ecom-api-gateway] [reshExecutor-%d] o.s.c.g.r.RouteDefinitionRouteLocator    : RouteDefinition matched: order-service
2025-10-21T21:09:08.207+01:00 DEBUG 19946 --- [ecom-api-gateway] [reshExecutor-%d] o.s.c.g.filter.GatewayMetricsFilter      : New routes count: 5
2025-10-21T21:09:37.486+01:00 DEBUG 19946 --- [ecom-api-gateway] [     parallel-4] o.s.c.g.h.RoutePredicateHandlerMapping   : Route matched: auth-service
2025-10-21T21:09:37.486+01:00 DEBUG 19946 --- [ecom-api-gateway] [     parallel-4] o.s.c.g.h.RoutePredicateHandlerMapping   : Mapping [Exchange: POST http://localhost:8081/api/auth/login] to Route{id='auth-service', uri=http://localhost:8085, order=0, predicate=Paths: [/api/auth/**], match trailing slash: true, gatewayFilters=[], metadata={}}
2025-10-21T21:09:37.487+01:00 DEBUG 19946 --- [ecom-api-gateway] [     parallel-4] o.s.c.g.h.RoutePredicateHandlerMapping   : [8ecce73e-4] Mapped to org.springframework.cloud.gateway.handler.FilteringWebHandler@7fc7e63
2025-10-21T21:09:37.487+01:00 DEBUG 19946 --- [ecom-api-gateway] [     parallel-4] o.s.c.g.handler.FilteringWebHandler      : Sorted gatewayFilterFactories: [[GatewayFilterAdapter{delegate=org.springframework.cloud.gateway.filter.RemoveCachedBodyFilter@7282af25}, order = -2147483648], [GatewayFilterAdapter{delegate=org.springframework.cloud.gateway.filter.AdaptCachedBodyGlobalFilter@5c82031b}, order = -2147482648], [GatewayFilterAdapter{delegate=tn.iteam.apigateway.config.AuthorizationHeaderGlobalFilter@781dbe44}, order = -1], [GatewayFilterAdapter{delegate=org.springframework.cloud.gateway.filter.NettyWriteResponseFilter@3a2546d6}, order = -1], [GatewayFilterAdapter{delegate=org.springframework.cloud.gateway.filter.ForwardPathFilter@307c59ea}, order = 0], [GatewayFilterAdapter{delegate=org.springframework.cloud.gateway.filter.GatewayMetricsFilter@2edb2f8b}, order = 0], [GatewayFilterAdapter{delegate=org.springframework.cloud.gateway.filter.RouteToRequestUrlFilter@7661e474}, order = 10000], [GatewayFilterAdapter{delegate=org.springframework.cloud.gateway.filter.ReactiveLoadBalancerClientFilter@7d66a126}, order = 10150], [GatewayFilterAdapter{delegate=org.springframework.cloud.gateway.filter.LoadBalancerServiceInstanceCookieFilter@1132baa3}, order = 10151], [GatewayFilterAdapter{delegate=org.springframework.cloud.gateway.filter.WebsocketRoutingFilter@57e03347}, order = 2147483646], [GatewayFilterAdapter{delegate=org.springframework.cloud.gateway.filter.NettyRoutingFilter@2fdf22f7}, order = 2147483647], [GatewayFilterAdapter{delegate=org.springframework.cloud.gateway.filter.ForwardRoutingFilter@20ffb8d5}, order = 2147483647]]
2025-10-21T21:09:37.489+01:00 DEBUG 19946 --- [ecom-api-gateway] [     parallel-4] g.f.h.o.ObservedRequestHttpHeadersFilter : Will instrument the HTTP request headers [Host:"localhost:8081", Content-Length:"53", sec-ch-ua-platform:""Linux"", User-Agent:"Mozilla/5.0 (X11; Linux x86_64) AppleWebKit/537.36 (KHTML, like Gecko) Chrome/133.0.0.0 Safari/537.36", Accept:"application/json, text/plain, */*", sec-ch-ua:""Not(A:Brand";v="99", "Google Chrome";v="133", "Chromium";v="133"", Content-Type:"application/json", sec-ch-ua-mobile:"?0", Origin:"http://localhost:4200", Sec-Fetch-Site:"same-site", Sec-Fetch-Mode:"cors", Sec-Fetch-Dest:"empty", Referer:"http://localhost:4200/", Accept-Encoding:"gzip, deflate, br, zstd", Accept-Language:"en-GB,en;q=0.9,fr-FR;q=0.8,fr;q=0.7,ar-TN;q=0.6,ar-PS;q=0.5,ar;q=0.4,en-US;q=0.3", Forwarded:"proto=http;host="localhost:8081";for="[0:0:0:0:0:0:0:1]:54572"", X-Forwarded-For:"0:0:0:0:0:0:0:1", X-Forwarded-Proto:"http", X-Forwarded-Port:"8081", X-Forwarded-Host:"localhost:8081"]
2025-10-21T21:09:37.489+01:00 DEBUG 19946 --- [ecom-api-gateway] [     parallel-4] g.f.h.o.ObservedRequestHttpHeadersFilter : Client observation  {name=http.client.requests(null), error=null, context=name='http.client.requests', contextualName='null', error='null', lowCardinalityKeyValues=[http.method='POST', http.status_code='UNKNOWN', spring.cloud.gateway.route.id='auth-service', spring.cloud.gateway.route.uri='http://localhost:8085'], highCardinalityKeyValues=[http.uri='http://localhost:8081/api/auth/login'], map=[class io.micrometer.core.instrument.LongTaskTimer$Sample='SampleImpl{duration(seconds)=1.6078E-4, duration(nanos)=160780.0, startTimeNanos=8176515061280}', class io.micrometer.core.instrument.Timer$Sample='io.micrometer.core.instrument.Timer$Sample@5c0ea800'], parentObservation=org.springframework.security.web.server.ObservationWebFilterChainDecorator$PhasedObservation@52c94df1} created for the request. New headers are [Host:"localhost:8081", Content-Length:"53", sec-ch-ua-platform:""Linux"", User-Agent:"Mozilla/5.0 (X11; Linux x86_64) AppleWebKit/537.36 (KHTML, like Gecko) Chrome/133.0.0.0 Safari/537.36", Accept:"application/json, text/plain, */*", sec-ch-ua:""Not(A:Brand";v="99", "Google Chrome";v="133", "Chromium";v="133"", Content-Type:"application/json", sec-ch-ua-mobile:"?0", Origin:"http://localhost:4200", Sec-Fetch-Site:"same-site", Sec-Fetch-Mode:"cors", Sec-Fetch-Dest:"empty", Referer:"http://localhost:4200/", Accept-Encoding:"gzip, deflate, br, zstd", Accept-Language:"en-GB,en;q=0.9,fr-FR;q=0.8,fr;q=0.7,ar-TN;q=0.6,ar-PS;q=0.5,ar;q=0.4,en-US;q=0.3", Forwarded:"proto=http;host="localhost:8081";for="[0:0:0:0:0:0:0:1]:54572"", X-Forwarded-For:"0:0:0:0:0:0:0:1", X-Forwarded-Proto:"http", X-Forwarded-Port:"8081", X-Forwarded-Host:"localhost:8081"]
2025-10-21T21:09:37.789+01:00 DEBUG 19946 --- [ecom-api-gateway] [or-http-epoll-4] .f.h.o.ObservedResponseHttpHeadersFilter : Will instrument the response
2025-10-21T21:09:37.790+01:00 DEBUG 19946 --- [ecom-api-gateway] [or-http-epoll-4] .f.h.o.ObservedResponseHttpHeadersFilter : The response was handled for observation {name=http.client.requests(null), error=null, context=name='http.client.requests', contextualName='null', error='null', lowCardinalityKeyValues=[http.method='POST', http.status_code='UNKNOWN', spring.cloud.gateway.route.id='auth-service', spring.cloud.gateway.route.uri='http://localhost:8085'], highCardinalityKeyValues=[http.uri='http://localhost:8081/api/auth/login'], map=[class io.micrometer.core.instrument.LongTaskTimer$Sample='SampleImpl{duration(seconds)=0.300849109, duration(nanos)=3.00849109E8, startTimeNanos=8176515061280}', class io.micrometer.core.instrument.Timer$Sample='io.micrometer.core.instrument.Timer$Sample@5c0ea800'], parentObservation=org.springframework.security.web.server.ObservationWebFilterChainDecorator$PhasedObservation@52c94df1}
2025-10-21T21:09:38.219+01:00 DEBUG 19946 --- [ecom-api-gateway] [reshExecutor-%d] o.s.c.g.r.RouteDefinitionRouteLocator    : RouteDefinition auth-service applying {_genkey_0=/api/auth/**} to Path
2025-10-21T21:09:38.221+01:00 DEBUG 19946 --- [ecom-api-gateway] [reshExecutor-%d] o.s.c.g.r.RouteDefinitionRouteLocator    : RouteDefinition matched: auth-service
2025-10-21T21:09:38.221+01:00 DEBUG 19946 --- [ecom-api-gateway] [reshExecutor-%d] o.s.c.g.r.RouteDefinitionRouteLocator    : RouteDefinition catalogue-service-products applying {_genkey_0=/api/products/**} to Path
2025-10-21T21:09:38.222+01:00 DEBUG 19946 --- [ecom-api-gateway] [reshExecutor-%d] o.s.c.g.r.RouteDefinitionRouteLocator    : RouteDefinition matched: catalogue-service-products
2025-10-21T21:09:38.222+01:00 DEBUG 19946 --- [ecom-api-gateway] [reshExecutor-%d] o.s.c.g.r.RouteDefinitionRouteLocator    : RouteDefinition catalogue-service-categories applying {_genkey_0=/api/categories/**} to Path
2025-10-21T21:09:38.223+01:00 DEBUG 19946 --- [ecom-api-gateway] [reshExecutor-%d] o.s.c.g.r.RouteDefinitionRouteLocator    : RouteDefinition matched: catalogue-service-categories
2025-10-21T21:09:38.224+01:00 DEBUG 19946 --- [ecom-api-gateway] [reshExecutor-%d] o.s.c.g.r.RouteDefinitionRouteLocator    : RouteDefinition catalogue-service-cart applying {_genkey_0=/api/cart/**} to Path
2025-10-21T21:09:38.224+01:00 DEBUG 19946 --- [ecom-api-gateway] [reshExecutor-%d] o.s.c.g.r.RouteDefinitionRouteLocator    : RouteDefinition matched: catalogue-service-cart
2025-10-21T21:09:38.225+01:00 DEBUG 19946 --- [ecom-api-gateway] [reshExecutor-%d] o.s.c.g.r.RouteDefinitionRouteLocator    : RouteDefinition order-service applying {_genkey_0=/api/orders/**} to Path
2025-10-21T21:09:38.226+01:00 DEBUG 19946 --- [ecom-api-gateway] [reshExecutor-%d] o.s.c.g.r.RouteDefinitionRouteLocator    : RouteDefinition matched: order-service
2025-10-21T21:09:38.226+01:00 DEBUG 19946 --- [ecom-api-gateway] [reshExecutor-%d] o.s.c.g.filter.GatewayMetricsFilter      : New routes count: 5
2025-10-21T21:10:08.238+01:00 DEBUG 19946 --- [ecom-api-gateway] [reshExecutor-%d] o.s.c.g.r.RouteDefinitionRouteLocator    : RouteDefinition auth-service applying {_genkey_0=/api/auth/**} to Path
2025-10-21T21:10:08.240+01:00 DEBUG 19946 --- [ecom-api-gateway] [reshExecutor-%d] o.s.c.g.r.RouteDefinitionRouteLocator    : RouteDefinition matched: auth-service
2025-10-21T21:10:08.241+01:00 DEBUG 19946 --- [ecom-api-gateway] [reshExecutor-%d] o.s.c.g.r.RouteDefinitionRouteLocator    : RouteDefinition catalogue-service-products applying {_genkey_0=/api/products/**} to Path
2025-10-21T21:10:08.242+01:00 DEBUG 19946 --- [ecom-api-gateway] [reshExecutor-%d] o.s.c.g.r.RouteDefinitionRouteLocator    : RouteDefinition matched: catalogue-service-products
2025-10-21T21:10:08.243+01:00 DEBUG 19946 --- [ecom-api-gateway] [reshExecutor-%d] o.s.c.g.r.RouteDefinitionRouteLocator    : RouteDefinition catalogue-service-categories applying {_genkey_0=/api/categories/**} to Path
2025-10-21T21:10:08.244+01:00 DEBUG 19946 --- [ecom-api-gateway] [reshExecutor-%d] o.s.c.g.r.RouteDefinitionRouteLocator    : RouteDefinition matched: catalogue-service-categories
2025-10-21T21:10:08.245+01:00 DEBUG 19946 --- [ecom-api-gateway] [reshExecutor-%d] o.s.c.g.r.RouteDefinitionRouteLocator    : RouteDefinition catalogue-service-cart applying {_genkey_0=/api/cart/**} to Path
2025-10-21T21:10:08.247+01:00 DEBUG 19946 --- [ecom-api-gateway] [reshExecutor-%d] o.s.c.g.r.RouteDefinitionRouteLocator    : RouteDefinition matched: catalogue-service-cart
2025-10-21T21:10:08.247+01:00 DEBUG 19946 --- [ecom-api-gateway] [reshExecutor-%d] o.s.c.g.r.RouteDefinitionRouteLocator    : RouteDefinition order-service applying {_genkey_0=/api/orders/**} to Path
2025-10-21T21:10:08.249+01:00 DEBUG 19946 --- [ecom-api-gateway] [reshExecutor-%d] o.s.c.g.r.RouteDefinitionRouteLocator    : RouteDefinition matched: order-service
2025-10-21T21:10:08.250+01:00 DEBUG 19946 --- [ecom-api-gateway] [reshExecutor-%d] o.s.c.g.filter.GatewayMetricsFilter      : New routes count: 5
2025-10-21T21:10:38.259+01:00 DEBUG 19946 --- [ecom-api-gateway] [reshExecutor-%d] o.s.c.g.r.RouteDefinitionRouteLocator    : RouteDefinition auth-service applying {_genkey_0=/api/auth/**} to Path
2025-10-21T21:10:38.262+01:00 DEBUG 19946 --- [ecom-api-gateway] [reshExecutor-%d] o.s.c.g.r.RouteDefinitionRouteLocator    : RouteDefinition matched: auth-service
2025-10-21T21:10:38.262+01:00 DEBUG 19946 --- [ecom-api-gateway] [reshExecutor-%d] o.s.c.g.r.RouteDefinitionRouteLocator    : RouteDefinition catalogue-service-products applying {_genkey_0=/api/products/**} to Path
2025-10-21T21:10:38.264+01:00 DEBUG 19946 --- [ecom-api-gateway] [reshExecutor-%d] o.s.c.g.r.RouteDefinitionRouteLocator    : RouteDefinition matched: catalogue-service-products
2025-10-21T21:10:38.264+01:00 DEBUG 19946 --- [ecom-api-gateway] [reshExecutor-%d] o.s.c.g.r.RouteDefinitionRouteLocator    : RouteDefinition catalogue-service-categories applying {_genkey_0=/api/categories/**} to Path
2025-10-21T21:10:38.266+01:00 DEBUG 19946 --- [ecom-api-gateway] [reshExecutor-%d] o.s.c.g.r.RouteDefinitionRouteLocator    : RouteDefinition matched: catalogue-service-categories
2025-10-21T21:10:38.267+01:00 DEBUG 19946 --- [ecom-api-gateway] [reshExecutor-%d] o.s.c.g.r.RouteDefinitionRouteLocator    : RouteDefinition catalogue-service-cart applying {_genkey_0=/api/cart/**} to Path
2025-10-21T21:10:38.268+01:00 DEBUG 19946 --- [ecom-api-gateway] [reshExecutor-%d] o.s.c.g.r.RouteDefinitionRouteLocator    : RouteDefinition matched: catalogue-service-cart
2025-10-21T21:10:38.269+01:00 DEBUG 19946 --- [ecom-api-gateway] [reshExecutor-%d] o.s.c.g.r.RouteDefinitionRouteLocator    : RouteDefinition order-service applying {_genkey_0=/api/orders/**} to Path
2025-10-21T21:10:38.270+01:00 DEBUG 19946 --- [ecom-api-gateway] [reshExecutor-%d] o.s.c.g.r.RouteDefinitionRouteLocator    : RouteDefinition matched: order-service
2025-10-21T21:10:38.271+01:00 DEBUG 19946 --- [ecom-api-gateway] [reshExecutor-%d] o.s.c.g.filter.GatewayMetricsFilter      : New routes count: 5
2025-10-21T21:11:08.281+01:00 DEBUG 19946 --- [ecom-api-gateway] [reshExecutor-%d] o.s.c.g.r.RouteDefinitionRouteLocator    : RouteDefinition auth-service applying {_genkey_0=/api/auth/**} to Path
2025-10-21T21:11:08.284+01:00 DEBUG 19946 --- [ecom-api-gateway] [reshExecutor-%d] o.s.c.g.r.RouteDefinitionRouteLocator    : RouteDefinition matched: auth-service
2025-10-21T21:11:08.284+01:00 DEBUG 19946 --- [ecom-api-gateway] [reshExecutor-%d] o.s.c.g.r.RouteDefinitionRouteLocator    : RouteDefinition catalogue-service-products applying {_genkey_0=/api/products/**} to Path
2025-10-21T21:11:08.286+01:00 DEBUG 19946 --- [ecom-api-gateway] [reshExecutor-%d] o.s.c.g.r.RouteDefinitionRouteLocator    : RouteDefinition matched: catalogue-service-products
2025-10-21T21:11:08.287+01:00 DEBUG 19946 --- [ecom-api-gateway] [reshExecutor-%d] o.s.c.g.r.RouteDefinitionRouteLocator    : RouteDefinition catalogue-service-categories applying {_genkey_0=/api/categories/**} to Path
2025-10-21T21:11:08.289+01:00 DEBUG 19946 --- [ecom-api-gateway] [reshExecutor-%d] o.s.c.g.r.RouteDefinitionRouteLocator    : RouteDefinition matched: catalogue-service-categories
2025-10-21T21:11:08.289+01:00 DEBUG 19946 --- [ecom-api-gateway] [reshExecutor-%d] o.s.c.g.r.RouteDefinitionRouteLocator    : RouteDefinition catalogue-service-cart applying {_genkey_0=/api/cart/**} to Path
2025-10-21T21:11:08.291+01:00 DEBUG 19946 --- [ecom-api-gateway] [reshExecutor-%d] o.s.c.g.r.RouteDefinitionRouteLocator    : RouteDefinition matched: catalogue-service-cart
2025-10-21T21:11:08.291+01:00 DEBUG 19946 --- [ecom-api-gateway] [reshExecutor-%d] o.s.c.g.r.RouteDefinitionRouteLocator    : RouteDefinition order-service applying {_genkey_0=/api/orders/**} to Path
2025-10-21T21:11:08.292+01:00 DEBUG 19946 --- [ecom-api-gateway] [reshExecutor-%d] o.s.c.g.r.RouteDefinitionRouteLocator    : RouteDefinition matched: order-service
2025-10-21T21:11:08.293+01:00 DEBUG 19946 --- [ecom-api-gateway] [reshExecutor-%d] o.s.c.g.filter.GatewayMetricsFilter      : New routes count: 5
2025-10-21T21:11:38.301+01:00 DEBUG 19946 --- [ecom-api-gateway] [reshExecutor-%d] o.s.c.g.r.RouteDefinitionRouteLocator    : RouteDefinition auth-service applying {_genkey_0=/api/auth/**} to Path
2025-10-21T21:11:38.303+01:00 DEBUG 19946 --- [ecom-api-gateway] [reshExecutor-%d] o.s.c.g.r.RouteDefinitionRouteLocator    : RouteDefinition matched: auth-service
2025-10-21T21:11:38.303+01:00 DEBUG 19946 --- [ecom-api-gateway] [reshExecutor-%d] o.s.c.g.r.RouteDefinitionRouteLocator    : RouteDefinition catalogue-service-products applying {_genkey_0=/api/products/**} to Path
2025-10-21T21:11:38.305+01:00 DEBUG 19946 --- [ecom-api-gateway] [reshExecutor-%d] o.s.c.g.r.RouteDefinitionRouteLocator    : RouteDefinition matched: catalogue-service-products
2025-10-21T21:11:38.305+01:00 DEBUG 19946 --- [ecom-api-gateway] [reshExecutor-%d] o.s.c.g.r.RouteDefinitionRouteLocator    : RouteDefinition catalogue-service-categories applying {_genkey_0=/api/categories/**} to Path
2025-10-21T21:11:38.306+01:00 DEBUG 19946 --- [ecom-api-gateway] [reshExecutor-%d] o.s.c.g.r.RouteDefinitionRouteLocator    : RouteDefinition matched: catalogue-service-categories
2025-10-21T21:11:38.307+01:00 DEBUG 19946 --- [ecom-api-gateway] [reshExecutor-%d] o.s.c.g.r.RouteDefinitionRouteLocator    : RouteDefinition catalogue-service-cart applying {_genkey_0=/api/cart/**} to Path
2025-10-21T21:11:38.308+01:00 DEBUG 19946 --- [ecom-api-gateway] [reshExecutor-%d] o.s.c.g.r.RouteDefinitionRouteLocator    : RouteDefinition matched: catalogue-service-cart
2025-10-21T21:11:38.309+01:00 DEBUG 19946 --- [ecom-api-gateway] [reshExecutor-%d] o.s.c.g.r.RouteDefinitionRouteLocator    : RouteDefinition order-service applying {_genkey_0=/api/orders/**} to Path
2025-10-21T21:11:38.310+01:00 DEBUG 19946 --- [ecom-api-gateway] [reshExecutor-%d] o.s.c.g.r.RouteDefinitionRouteLocator    : RouteDefinition matched: order-service
2025-10-21T21:11:38.311+01:00 DEBUG 19946 --- [ecom-api-gateway] [reshExecutor-%d] o.s.c.g.filter.GatewayMetricsFilter      : New routes count: 5
2025-10-21T21:12:08.325+01:00 DEBUG 19946 --- [ecom-api-gateway] [reshExecutor-%d] o.s.c.g.r.RouteDefinitionRouteLocator    : RouteDefinition auth-service applying {_genkey_0=/api/auth/**} to Path
2025-10-21T21:12:08.327+01:00 DEBUG 19946 --- [ecom-api-gateway] [reshExecutor-%d] o.s.c.g.r.RouteDefinitionRouteLocator    : RouteDefinition matched: auth-service
2025-10-21T21:12:08.327+01:00 DEBUG 19946 --- [ecom-api-gateway] [reshExecutor-%d] o.s.c.g.r.RouteDefinitionRouteLocator    : RouteDefinition catalogue-service-products applying {_genkey_0=/api/products/**} to Path
2025-10-21T21:12:08.329+01:00 DEBUG 19946 --- [ecom-api-gateway] [reshExecutor-%d] o.s.c.g.r.RouteDefinitionRouteLocator    : RouteDefinition matched: catalogue-service-products
2025-10-21T21:12:08.329+01:00 DEBUG 19946 --- [ecom-api-gateway] [reshExecutor-%d] o.s.c.g.r.RouteDefinitionRouteLocator    : RouteDefinition catalogue-service-categories applying {_genkey_0=/api/categories/**} to Path
2025-10-21T21:12:08.330+01:00 DEBUG 19946 --- [ecom-api-gateway] [reshExecutor-%d] o.s.c.g.r.RouteDefinitionRouteLocator    : RouteDefinition matched: catalogue-service-categories
2025-10-21T21:12:08.331+01:00 DEBUG 19946 --- [ecom-api-gateway] [reshExecutor-%d] o.s.c.g.r.RouteDefinitionRouteLocator    : RouteDefinition catalogue-service-cart applying {_genkey_0=/api/cart/**} to Path
2025-10-21T21:12:08.332+01:00 DEBUG 19946 --- [ecom-api-gateway] [reshExecutor-%d] o.s.c.g.r.RouteDefinitionRouteLocator    : RouteDefinition matched: catalogue-service-cart
2025-10-21T21:12:08.332+01:00 DEBUG 19946 --- [ecom-api-gateway] [reshExecutor-%d] o.s.c.g.r.RouteDefinitionRouteLocator    : RouteDefinition order-service applying {_genkey_0=/api/orders/**} to Path
2025-10-21T21:12:08.333+01:00 DEBUG 19946 --- [ecom-api-gateway] [reshExecutor-%d] o.s.c.g.r.RouteDefinitionRouteLocator    : RouteDefinition matched: order-service
2025-10-21T21:12:08.334+01:00 DEBUG 19946 --- [ecom-api-gateway] [reshExecutor-%d] o.s.c.g.filter.GatewayMetricsFilter      : New routes count: 5
2025-10-21T21:12:38.343+01:00 DEBUG 19946 --- [ecom-api-gateway] [reshExecutor-%d] o.s.c.g.r.RouteDefinitionRouteLocator    : RouteDefinition auth-service applying {_genkey_0=/api/auth/**} to Path
2025-10-21T21:12:38.344+01:00 DEBUG 19946 --- [ecom-api-gateway] [reshExecutor-%d] o.s.c.g.r.RouteDefinitionRouteLocator    : RouteDefinition matched: auth-service
2025-10-21T21:12:38.345+01:00 DEBUG 19946 --- [ecom-api-gateway] [reshExecutor-%d] o.s.c.g.r.RouteDefinitionRouteLocator    : RouteDefinition catalogue-service-products applying {_genkey_0=/api/products/**} to Path
2025-10-21T21:12:38.346+01:00 DEBUG 19946 --- [ecom-api-gateway] [reshExecutor-%d] o.s.c.g.r.RouteDefinitionRouteLocator    : RouteDefinition matched: catalogue-service-products
2025-10-21T21:12:38.346+01:00 DEBUG 19946 --- [ecom-api-gateway] [reshExecutor-%d] o.s.c.g.r.RouteDefinitionRouteLocator    : RouteDefinition catalogue-service-categories applying {_genkey_0=/api/categories/**} to Path
2025-10-21T21:12:38.347+01:00 DEBUG 19946 --- [ecom-api-gateway] [reshExecutor-%d] o.s.c.g.r.RouteDefinitionRouteLocator    : RouteDefinition matched: catalogue-service-categories
2025-10-21T21:12:38.347+01:00 DEBUG 19946 --- [ecom-api-gateway] [reshExecutor-%d] o.s.c.g.r.RouteDefinitionRouteLocator    : RouteDefinition catalogue-service-cart applying {_genkey_0=/api/cart/**} to Path
2025-10-21T21:12:38.348+01:00 DEBUG 19946 --- [ecom-api-gateway] [reshExecutor-%d] o.s.c.g.r.RouteDefinitionRouteLocator    : RouteDefinition matched: catalogue-service-cart
2025-10-21T21:12:38.348+01:00 DEBUG 19946 --- [ecom-api-gateway] [reshExecutor-%d] o.s.c.g.r.RouteDefinitionRouteLocator    : RouteDefinition order-service applying {_genkey_0=/api/orders/**} to Path
2025-10-21T21:12:38.349+01:00 DEBUG 19946 --- [ecom-api-gateway] [reshExecutor-%d] o.s.c.g.r.RouteDefinitionRouteLocator    : RouteDefinition matched: order-service
2025-10-21T21:12:38.350+01:00 DEBUG 19946 --- [ecom-api-gateway] [reshExecutor-%d] o.s.c.g.filter.GatewayMetricsFilter      : New routes count: 5
2025-10-21T21:13:08.358+01:00 DEBUG 19946 --- [ecom-api-gateway] [reshExecutor-%d] o.s.c.g.r.RouteDefinitionRouteLocator    : RouteDefinition auth-service applying {_genkey_0=/api/auth/**} to Path
2025-10-21T21:13:08.360+01:00 DEBUG 19946 --- [ecom-api-gateway] [reshExecutor-%d] o.s.c.g.r.RouteDefinitionRouteLocator    : RouteDefinition matched: auth-service
2025-10-21T21:13:08.360+01:00 DEBUG 19946 --- [ecom-api-gateway] [reshExecutor-%d] o.s.c.g.r.RouteDefinitionRouteLocator    : RouteDefinition catalogue-service-products applying {_genkey_0=/api/products/**} to Path
2025-10-21T21:13:08.361+01:00 DEBUG 19946 --- [ecom-api-gateway] [reshExecutor-%d] o.s.c.g.r.RouteDefinitionRouteLocator    : RouteDefinition matched: catalogue-service-products
2025-10-21T21:13:08.361+01:00 DEBUG 19946 --- [ecom-api-gateway] [reshExecutor-%d] o.s.c.g.r.RouteDefinitionRouteLocator    : RouteDefinition catalogue-service-categories applying {_genkey_0=/api/categories/**} to Path
2025-10-21T21:13:08.362+01:00 DEBUG 19946 --- [ecom-api-gateway] [reshExecutor-%d] o.s.c.g.r.RouteDefinitionRouteLocator    : RouteDefinition matched: catalogue-service-categories
2025-10-21T21:13:08.363+01:00 DEBUG 19946 --- [ecom-api-gateway] [reshExecutor-%d] o.s.c.g.r.RouteDefinitionRouteLocator    : RouteDefinition catalogue-service-cart applying {_genkey_0=/api/cart/**} to Path
2025-10-21T21:13:08.364+01:00 DEBUG 19946 --- [ecom-api-gateway] [reshExecutor-%d] o.s.c.g.r.RouteDefinitionRouteLocator    : RouteDefinition matched: catalogue-service-cart
2025-10-21T21:13:08.364+01:00 DEBUG 19946 --- [ecom-api-gateway] [reshExecutor-%d] o.s.c.g.r.RouteDefinitionRouteLocator    : RouteDefinition order-service applying {_genkey_0=/api/orders/**} to Path
2025-10-21T21:13:08.365+01:00 DEBUG 19946 --- [ecom-api-gateway] [reshExecutor-%d] o.s.c.g.r.RouteDefinitionRouteLocator    : RouteDefinition matched: order-service
2025-10-21T21:13:08.366+01:00 DEBUG 19946 --- [ecom-api-gateway] [reshExecutor-%d] o.s.c.g.filter.GatewayMetricsFilter      : New routes count: 5
2025-10-21T21:13:34.626+01:00 DEBUG 19946 --- [ecom-api-gateway] [     parallel-6] o.s.c.g.h.RoutePredicateHandlerMapping   : Route matched: auth-service
2025-10-21T21:13:34.626+01:00 DEBUG 19946 --- [ecom-api-gateway] [     parallel-6] o.s.c.g.h.RoutePredicateHandlerMapping   : Mapping [Exchange: POST http://localhost:8081/api/auth/login] to Route{id='auth-service', uri=http://localhost:8085, order=0, predicate=Paths: [/api/auth/**], match trailing slash: true, gatewayFilters=[], metadata={}}
2025-10-21T21:13:34.627+01:00 DEBUG 19946 --- [ecom-api-gateway] [     parallel-6] o.s.c.g.h.RoutePredicateHandlerMapping   : [8ecce73e-6] Mapped to org.springframework.cloud.gateway.handler.FilteringWebHandler@7fc7e63
2025-10-21T21:13:34.627+01:00 DEBUG 19946 --- [ecom-api-gateway] [     parallel-6] o.s.c.g.handler.FilteringWebHandler      : Sorted gatewayFilterFactories: [[GatewayFilterAdapter{delegate=org.springframework.cloud.gateway.filter.RemoveCachedBodyFilter@7282af25}, order = -2147483648], [GatewayFilterAdapter{delegate=org.springframework.cloud.gateway.filter.AdaptCachedBodyGlobalFilter@5c82031b}, order = -2147482648], [GatewayFilterAdapter{delegate=tn.iteam.apigateway.config.AuthorizationHeaderGlobalFilter@781dbe44}, order = -1], [GatewayFilterAdapter{delegate=org.springframework.cloud.gateway.filter.NettyWriteResponseFilter@3a2546d6}, order = -1], [GatewayFilterAdapter{delegate=org.springframework.cloud.gateway.filter.ForwardPathFilter@307c59ea}, order = 0], [GatewayFilterAdapter{delegate=org.springframework.cloud.gateway.filter.GatewayMetricsFilter@2edb2f8b}, order = 0], [GatewayFilterAdapter{delegate=org.springframework.cloud.gateway.filter.RouteToRequestUrlFilter@7661e474}, order = 10000], [GatewayFilterAdapter{delegate=org.springframework.cloud.gateway.filter.ReactiveLoadBalancerClientFilter@7d66a126}, order = 10150], [GatewayFilterAdapter{delegate=org.springframework.cloud.gateway.filter.LoadBalancerServiceInstanceCookieFilter@1132baa3}, order = 10151], [GatewayFilterAdapter{delegate=org.springframework.cloud.gateway.filter.WebsocketRoutingFilter@57e03347}, order = 2147483646], [GatewayFilterAdapter{delegate=org.springframework.cloud.gateway.filter.NettyRoutingFilter@2fdf22f7}, order = 2147483647], [GatewayFilterAdapter{delegate=org.springframework.cloud.gateway.filter.ForwardRoutingFilter@20ffb8d5}, order = 2147483647]]
2025-10-21T21:13:34.628+01:00 DEBUG 19946 --- [ecom-api-gateway] [     parallel-6] g.f.h.o.ObservedRequestHttpHeadersFilter : Will instrument the HTTP request headers [Host:"localhost:8081", Content-Length:"53", sec-ch-ua-platform:""Linux"", User-Agent:"Mozilla/5.0 (X11; Linux x86_64) AppleWebKit/537.36 (KHTML, like Gecko) Chrome/133.0.0.0 Safari/537.36", Accept:"application/json, text/plain, */*", sec-ch-ua:""Not(A:Brand";v="99", "Google Chrome";v="133", "Chromium";v="133"", Content-Type:"application/json", sec-ch-ua-mobile:"?0", Origin:"http://localhost:4200", Sec-Fetch-Site:"same-site", Sec-Fetch-Mode:"cors", Sec-Fetch-Dest:"empty", Referer:"http://localhost:4200/", Accept-Encoding:"gzip, deflate, br, zstd", Accept-Language:"en-GB,en;q=0.9,fr-FR;q=0.8,fr;q=0.7,ar-TN;q=0.6,ar-PS;q=0.5,ar;q=0.4,en-US;q=0.3", Forwarded:"proto=http;host="localhost:8081";for="[0:0:0:0:0:0:0:1]:54572"", X-Forwarded-For:"0:0:0:0:0:0:0:1", X-Forwarded-Proto:"http", X-Forwarded-Port:"8081", X-Forwarded-Host:"localhost:8081"]
2025-10-21T21:13:34.628+01:00 DEBUG 19946 --- [ecom-api-gateway] [     parallel-6] g.f.h.o.ObservedRequestHttpHeadersFilter : Client observation  {name=http.client.requests(null), error=null, context=name='http.client.requests', contextualName='null', error='null', lowCardinalityKeyValues=[http.method='POST', http.status_code='UNKNOWN', spring.cloud.gateway.route.id='auth-service', spring.cloud.gateway.route.uri='http://localhost:8085'], highCardinalityKeyValues=[http.uri='http://localhost:8081/api/auth/login'], map=[class io.micrometer.core.instrument.LongTaskTimer$Sample='SampleImpl{duration(seconds)=1.45834E-4, duration(nanos)=145834.0, startTimeNanos=8413654165446}', class io.micrometer.core.instrument.Timer$Sample='io.micrometer.core.instrument.Timer$Sample@6fe600a4'], parentObservation=org.springframework.security.web.server.ObservationWebFilterChainDecorator$PhasedObservation@6121e328} created for the request. New headers are [Host:"localhost:8081", Content-Length:"53", sec-ch-ua-platform:""Linux"", User-Agent:"Mozilla/5.0 (X11; Linux x86_64) AppleWebKit/537.36 (KHTML, like Gecko) Chrome/133.0.0.0 Safari/537.36", Accept:"application/json, text/plain, */*", sec-ch-ua:""Not(A:Brand";v="99", "Google Chrome";v="133", "Chromium";v="133"", Content-Type:"application/json", sec-ch-ua-mobile:"?0", Origin:"http://localhost:4200", Sec-Fetch-Site:"same-site", Sec-Fetch-Mode:"cors", Sec-Fetch-Dest:"empty", Referer:"http://localhost:4200/", Accept-Encoding:"gzip, deflate, br, zstd", Accept-Language:"en-GB,en;q=0.9,fr-FR;q=0.8,fr;q=0.7,ar-TN;q=0.6,ar-PS;q=0.5,ar;q=0.4,en-US;q=0.3", Forwarded:"proto=http;host="localhost:8081";for="[0:0:0:0:0:0:0:1]:54572"", X-Forwarded-For:"0:0:0:0:0:0:0:1", X-Forwarded-Proto:"http", X-Forwarded-Port:"8081", X-Forwarded-Host:"localhost:8081"]
2025-10-21T21:13:34.751+01:00 DEBUG 19946 --- [ecom-api-gateway] [or-http-epoll-5] .f.h.o.ObservedResponseHttpHeadersFilter : Will instrument the response
2025-10-21T21:13:34.751+01:00 DEBUG 19946 --- [ecom-api-gateway] [or-http-epoll-5] .f.h.o.ObservedResponseHttpHeadersFilter : The response was handled for observation {name=http.client.requests(null), error=null, context=name='http.client.requests', contextualName='null', error='null', lowCardinalityKeyValues=[http.method='POST', http.status_code='UNKNOWN', spring.cloud.gateway.route.id='auth-service', spring.cloud.gateway.route.uri='http://localhost:8085'], highCardinalityKeyValues=[http.uri='http://localhost:8081/api/auth/login'], map=[class io.micrometer.core.instrument.LongTaskTimer$Sample='SampleImpl{duration(seconds)=0.122906345, duration(nanos)=1.22906345E8, startTimeNanos=8413654165446}', class io.micrometer.core.instrument.Timer$Sample='io.micrometer.core.instrument.Timer$Sample@6fe600a4'], parentObservation=org.springframework.security.web.server.ObservationWebFilterChainDecorator$PhasedObservation@6121e328}
2025-10-21T21:13:38.376+01:00 DEBUG 19946 --- [ecom-api-gateway] [reshExecutor-%d] o.s.c.g.r.RouteDefinitionRouteLocator    : RouteDefinition auth-service applying {_genkey_0=/api/auth/**} to Path
2025-10-21T21:13:38.378+01:00 DEBUG 19946 --- [ecom-api-gateway] [reshExecutor-%d] o.s.c.g.r.RouteDefinitionRouteLocator    : RouteDefinition matched: auth-service
2025-10-21T21:13:38.378+01:00 DEBUG 19946 --- [ecom-api-gateway] [reshExecutor-%d] o.s.c.g.r.RouteDefinitionRouteLocator    : RouteDefinition catalogue-service-products applying {_genkey_0=/api/products/**} to Path
2025-10-21T21:13:38.380+01:00 DEBUG 19946 --- [ecom-api-gateway] [reshExecutor-%d] o.s.c.g.r.RouteDefinitionRouteLocator    : RouteDefinition matched: catalogue-service-products
2025-10-21T21:13:38.380+01:00 DEBUG 19946 --- [ecom-api-gateway] [reshExecutor-%d] o.s.c.g.r.RouteDefinitionRouteLocator    : RouteDefinition catalogue-service-categories applying {_genkey_0=/api/categories/**} to Path
2025-10-21T21:13:38.382+01:00 DEBUG 19946 --- [ecom-api-gateway] [reshExecutor-%d] o.s.c.g.r.RouteDefinitionRouteLocator    : RouteDefinition matched: catalogue-service-categories
2025-10-21T21:13:38.382+01:00 DEBUG 19946 --- [ecom-api-gateway] [reshExecutor-%d] o.s.c.g.r.RouteDefinitionRouteLocator    : RouteDefinition catalogue-service-cart applying {_genkey_0=/api/cart/**} to Path
2025-10-21T21:13:38.384+01:00 DEBUG 19946 --- [ecom-api-gateway] [reshExecutor-%d] o.s.c.g.r.RouteDefinitionRouteLocator    : RouteDefinition matched: catalogue-service-cart
2025-10-21T21:13:38.384+01:00 DEBUG 19946 --- [ecom-api-gateway] [reshExecutor-%d] o.s.c.g.r.RouteDefinitionRouteLocator    : RouteDefinition order-service applying {_genkey_0=/api/orders/**} to Path
2025-10-21T21:13:38.386+01:00 DEBUG 19946 --- [ecom-api-gateway] [reshExecutor-%d] o.s.c.g.r.RouteDefinitionRouteLocator    : RouteDefinition matched: order-service
2025-10-21T21:13:38.387+01:00 DEBUG 19946 --- [ecom-api-gateway] [reshExecutor-%d] o.s.c.g.filter.GatewayMetricsFilter      : New routes count: 5
2025-10-21T21:14:07.386+01:00  INFO 19946 --- [ecom-api-gateway] [rap-executor-%d] c.n.d.s.r.aws.ConfigClusterResolver      : Resolving eureka endpoints via configuration
2025-10-21T21:14:08.396+01:00 DEBUG 19946 --- [ecom-api-gateway] [reshExecutor-%d] o.s.c.g.r.RouteDefinitionRouteLocator    : RouteDefinition auth-service applying {_genkey_0=/api/auth/**} to Path
2025-10-21T21:14:08.398+01:00 DEBUG 19946 --- [ecom-api-gateway] [reshExecutor-%d] o.s.c.g.r.RouteDefinitionRouteLocator    : RouteDefinition matched: auth-service
2025-10-21T21:14:08.398+01:00 DEBUG 19946 --- [ecom-api-gateway] [reshExecutor-%d] o.s.c.g.r.RouteDefinitionRouteLocator    : RouteDefinition catalogue-service-products applying {_genkey_0=/api/products/**} to Path
2025-10-21T21:14:08.400+01:00 DEBUG 19946 --- [ecom-api-gateway] [reshExecutor-%d] o.s.c.g.r.RouteDefinitionRouteLocator    : RouteDefinition matched: catalogue-service-products
2025-10-21T21:14:08.400+01:00 DEBUG 19946 --- [ecom-api-gateway] [reshExecutor-%d] o.s.c.g.r.RouteDefinitionRouteLocator    : RouteDefinition catalogue-service-categories applying {_genkey_0=/api/categories/**} to Path
2025-10-21T21:14:08.402+01:00 DEBUG 19946 --- [ecom-api-gateway] [reshExecutor-%d] o.s.c.g.r.RouteDefinitionRouteLocator    : RouteDefinition matched: catalogue-service-categories
2025-10-21T21:14:08.402+01:00 DEBUG 19946 --- [ecom-api-gateway] [reshExecutor-%d] o.s.c.g.r.RouteDefinitionRouteLocator    : RouteDefinition catalogue-service-cart applying {_genkey_0=/api/cart/**} to Path
2025-10-21T21:14:08.404+01:00 DEBUG 19946 --- [ecom-api-gateway] [reshExecutor-%d] o.s.c.g.r.RouteDefinitionRouteLocator    : RouteDefinition matched: catalogue-service-cart
2025-10-21T21:14:08.405+01:00 DEBUG 19946 --- [ecom-api-gateway] [reshExecutor-%d] o.s.c.g.r.RouteDefinitionRouteLocator    : RouteDefinition order-service applying {_genkey_0=/api/orders/**} to Path
2025-10-21T21:14:08.407+01:00 DEBUG 19946 --- [ecom-api-gateway] [reshExecutor-%d] o.s.c.g.r.RouteDefinitionRouteLocator    : RouteDefinition matched: order-service
2025-10-21T21:14:08.408+01:00 DEBUG 19946 --- [ecom-api-gateway] [reshExecutor-%d] o.s.c.g.filter.GatewayMetricsFilter      : New routes count: 5
2025-10-21T21:14:31.994+01:00 DEBUG 19946 --- [ecom-api-gateway] [     parallel-8] o.s.c.g.h.RoutePredicateHandlerMapping   : Route matched: auth-service
2025-10-21T21:14:31.994+01:00 DEBUG 19946 --- [ecom-api-gateway] [     parallel-8] o.s.c.g.h.RoutePredicateHandlerMapping   : Mapping [Exchange: POST http://localhost:8081/api/auth/register] to Route{id='auth-service', uri=http://localhost:8085, order=0, predicate=Paths: [/api/auth/**], match trailing slash: true, gatewayFilters=[], metadata={}}
2025-10-21T21:14:31.994+01:00 DEBUG 19946 --- [ecom-api-gateway] [     parallel-8] o.s.c.g.h.RoutePredicateHandlerMapping   : [8ecce73e-8] Mapped to org.springframework.cloud.gateway.handler.FilteringWebHandler@7fc7e63
2025-10-21T21:14:31.994+01:00 DEBUG 19946 --- [ecom-api-gateway] [     parallel-8] o.s.c.g.handler.FilteringWebHandler      : Sorted gatewayFilterFactories: [[GatewayFilterAdapter{delegate=org.springframework.cloud.gateway.filter.RemoveCachedBodyFilter@7282af25}, order = -2147483648], [GatewayFilterAdapter{delegate=org.springframework.cloud.gateway.filter.AdaptCachedBodyGlobalFilter@5c82031b}, order = -2147482648], [GatewayFilterAdapter{delegate=tn.iteam.apigateway.config.AuthorizationHeaderGlobalFilter@781dbe44}, order = -1], [GatewayFilterAdapter{delegate=org.springframework.cloud.gateway.filter.NettyWriteResponseFilter@3a2546d6}, order = -1], [GatewayFilterAdapter{delegate=org.springframework.cloud.gateway.filter.ForwardPathFilter@307c59ea}, order = 0], [GatewayFilterAdapter{delegate=org.springframework.cloud.gateway.filter.GatewayMetricsFilter@2edb2f8b}, order = 0], [GatewayFilterAdapter{delegate=org.springframework.cloud.gateway.filter.RouteToRequestUrlFilter@7661e474}, order = 10000], [GatewayFilterAdapter{delegate=org.springframework.cloud.gateway.filter.ReactiveLoadBalancerClientFilter@7d66a126}, order = 10150], [GatewayFilterAdapter{delegate=org.springframework.cloud.gateway.filter.LoadBalancerServiceInstanceCookieFilter@1132baa3}, order = 10151], [GatewayFilterAdapter{delegate=org.springframework.cloud.gateway.filter.WebsocketRoutingFilter@57e03347}, order = 2147483646], [GatewayFilterAdapter{delegate=org.springframework.cloud.gateway.filter.NettyRoutingFilter@2fdf22f7}, order = 2147483647], [GatewayFilterAdapter{delegate=org.springframework.cloud.gateway.filter.ForwardRoutingFilter@20ffb8d5}, order = 2147483647]]
2025-10-21T21:14:31.995+01:00 DEBUG 19946 --- [ecom-api-gateway] [     parallel-8] g.f.h.o.ObservedRequestHttpHeadersFilter : Will instrument the HTTP request headers [Host:"localhost:8081", Content-Length:"138", sec-ch-ua-platform:""Linux"", User-Agent:"Mozilla/5.0 (X11; Linux x86_64) AppleWebKit/537.36 (KHTML, like Gecko) Chrome/133.0.0.0 Safari/537.36", Accept:"application/json, text/plain, */*", sec-ch-ua:""Not(A:Brand";v="99", "Google Chrome";v="133", "Chromium";v="133"", Content-Type:"application/json", sec-ch-ua-mobile:"?0", Origin:"http://localhost:4200", Sec-Fetch-Site:"same-site", Sec-Fetch-Mode:"cors", Sec-Fetch-Dest:"empty", Referer:"http://localhost:4200/", Accept-Encoding:"gzip, deflate, br, zstd", Accept-Language:"en-GB,en;q=0.9,fr-FR;q=0.8,fr;q=0.7,ar-TN;q=0.6,ar-PS;q=0.5,ar;q=0.4,en-US;q=0.3", Forwarded:"proto=http;host="localhost:8081";for="[0:0:0:0:0:0:0:1]:54572"", X-Forwarded-For:"0:0:0:0:0:0:0:1", X-Forwarded-Proto:"http", X-Forwarded-Port:"8081", X-Forwarded-Host:"localhost:8081"]
2025-10-21T21:14:31.996+01:00 DEBUG 19946 --- [ecom-api-gateway] [     parallel-8] g.f.h.o.ObservedRequestHttpHeadersFilter : Client observation  {name=http.client.requests(null), error=null, context=name='http.client.requests', contextualName='null', error='null', lowCardinalityKeyValues=[http.method='POST', http.status_code='UNKNOWN', spring.cloud.gateway.route.id='auth-service', spring.cloud.gateway.route.uri='http://localhost:8085'], highCardinalityKeyValues=[http.uri='http://localhost:8081/api/auth/register'], map=[class io.micrometer.core.instrument.LongTaskTimer$Sample='SampleImpl{duration(seconds)=1.29071E-4, duration(nanos)=129071.0, startTimeNanos=8471021760076}', class io.micrometer.core.instrument.Timer$Sample='io.micrometer.core.instrument.Timer$Sample@6844e580'], parentObservation=org.springframework.security.web.server.ObservationWebFilterChainDecorator$PhasedObservation@668306f8} created for the request. New headers are [Host:"localhost:8081", Content-Length:"138", sec-ch-ua-platform:""Linux"", User-Agent:"Mozilla/5.0 (X11; Linux x86_64) AppleWebKit/537.36 (KHTML, like Gecko) Chrome/133.0.0.0 Safari/537.36", Accept:"application/json, text/plain, */*", sec-ch-ua:""Not(A:Brand";v="99", "Google Chrome";v="133", "Chromium";v="133"", Content-Type:"application/json", sec-ch-ua-mobile:"?0", Origin:"http://localhost:4200", Sec-Fetch-Site:"same-site", Sec-Fetch-Mode:"cors", Sec-Fetch-Dest:"empty", Referer:"http://localhost:4200/", Accept-Encoding:"gzip, deflate, br, zstd", Accept-Language:"en-GB,en;q=0.9,fr-FR;q=0.8,fr;q=0.7,ar-TN;q=0.6,ar-PS;q=0.5,ar;q=0.4,en-US;q=0.3", Forwarded:"proto=http;host="localhost:8081";for="[0:0:0:0:0:0:0:1]:54572"", X-Forwarded-For:"0:0:0:0:0:0:0:1", X-Forwarded-Proto:"http", X-Forwarded-Port:"8081", X-Forwarded-Host:"localhost:8081"]
2025-10-21T21:14:32.209+01:00 DEBUG 19946 --- [ecom-api-gateway] [or-http-epoll-5] .f.h.o.ObservedResponseHttpHeadersFilter : Will instrument the response
2025-10-21T21:14:32.209+01:00 DEBUG 19946 --- [ecom-api-gateway] [or-http-epoll-5] .f.h.o.ObservedResponseHttpHeadersFilter : The response was handled for observation {name=http.client.requests(null), error=null, context=name='http.client.requests', contextualName='null', error='null', lowCardinalityKeyValues=[http.method='POST', http.status_code='UNKNOWN', spring.cloud.gateway.route.id='auth-service', spring.cloud.gateway.route.uri='http://localhost:8085'], highCardinalityKeyValues=[http.uri='http://localhost:8081/api/auth/register'], map=[class io.micrometer.core.instrument.LongTaskTimer$Sample='SampleImpl{duration(seconds)=0.213426067, duration(nanos)=2.13426067E8, startTimeNanos=8471021760076}', class io.micrometer.core.instrument.Timer$Sample='io.micrometer.core.instrument.Timer$Sample@6844e580'], parentObservation=org.springframework.security.web.server.ObservationWebFilterChainDecorator$PhasedObservation@668306f8}
2025-10-21T21:14:38.422+01:00 DEBUG 19946 --- [ecom-api-gateway] [reshExecutor-%d] o.s.c.g.r.RouteDefinitionRouteLocator    : RouteDefinition auth-service applying {_genkey_0=/api/auth/**} to Path
2025-10-21T21:14:38.424+01:00 DEBUG 19946 --- [ecom-api-gateway] [reshExecutor-%d] o.s.c.g.r.RouteDefinitionRouteLocator    : RouteDefinition matched: auth-service
2025-10-21T21:14:38.424+01:00 DEBUG 19946 --- [ecom-api-gateway] [reshExecutor-%d] o.s.c.g.r.RouteDefinitionRouteLocator    : RouteDefinition catalogue-service-products applying {_genkey_0=/api/products/**} to Path
2025-10-21T21:14:38.426+01:00 DEBUG 19946 --- [ecom-api-gateway] [reshExecutor-%d] o.s.c.g.r.RouteDefinitionRouteLocator    : RouteDefinition matched: catalogue-service-products
2025-10-21T21:14:38.426+01:00 DEBUG 19946 --- [ecom-api-gateway] [reshExecutor-%d] o.s.c.g.r.RouteDefinitionRouteLocator    : RouteDefinition catalogue-service-categories applying {_genkey_0=/api/categories/**} to Path
2025-10-21T21:14:38.427+01:00 DEBUG 19946 --- [ecom-api-gateway] [reshExecutor-%d] o.s.c.g.r.RouteDefinitionRouteLocator    : RouteDefinition matched: catalogue-service-categories
2025-10-21T21:14:38.427+01:00 DEBUG 19946 --- [ecom-api-gateway] [reshExecutor-%d] o.s.c.g.r.RouteDefinitionRouteLocator    : RouteDefinition catalogue-service-cart applying {_genkey_0=/api/cart/**} to Path
2025-10-21T21:14:38.428+01:00 DEBUG 19946 --- [ecom-api-gateway] [reshExecutor-%d] o.s.c.g.r.RouteDefinitionRouteLocator    : RouteDefinition matched: catalogue-service-cart
2025-10-21T21:14:38.429+01:00 DEBUG 19946 --- [ecom-api-gateway] [reshExecutor-%d] o.s.c.g.r.RouteDefinitionRouteLocator    : RouteDefinition order-service applying {_genkey_0=/api/orders/**} to Path
2025-10-21T21:14:38.430+01:00 DEBUG 19946 --- [ecom-api-gateway] [reshExecutor-%d] o.s.c.g.r.RouteDefinitionRouteLocator    : RouteDefinition matched: order-service
2025-10-21T21:14:38.431+01:00 DEBUG 19946 --- [ecom-api-gateway] [reshExecutor-%d] o.s.c.g.filter.GatewayMetricsFilter      : New routes count: 5
2025-10-21T21:15:08.440+01:00 DEBUG 19946 --- [ecom-api-gateway] [reshExecutor-%d] o.s.c.g.r.RouteDefinitionRouteLocator    : RouteDefinition auth-service applying {_genkey_0=/api/auth/**} to Path
2025-10-21T21:15:08.443+01:00 DEBUG 19946 --- [ecom-api-gateway] [reshExecutor-%d] o.s.c.g.r.RouteDefinitionRouteLocator    : RouteDefinition matched: auth-service
2025-10-21T21:15:08.443+01:00 DEBUG 19946 --- [ecom-api-gateway] [reshExecutor-%d] o.s.c.g.r.RouteDefinitionRouteLocator    : RouteDefinition catalogue-service-products applying {_genkey_0=/api/products/**} to Path
2025-10-21T21:15:08.444+01:00 DEBUG 19946 --- [ecom-api-gateway] [reshExecutor-%d] o.s.c.g.r.RouteDefinitionRouteLocator    : RouteDefinition matched: catalogue-service-products
2025-10-21T21:15:08.445+01:00 DEBUG 19946 --- [ecom-api-gateway] [reshExecutor-%d] o.s.c.g.r.RouteDefinitionRouteLocator    : RouteDefinition catalogue-service-categories applying {_genkey_0=/api/categories/**} to Path
2025-10-21T21:15:08.446+01:00 DEBUG 19946 --- [ecom-api-gateway] [reshExecutor-%d] o.s.c.g.r.RouteDefinitionRouteLocator    : RouteDefinition matched: catalogue-service-categories
2025-10-21T21:15:08.446+01:00 DEBUG 19946 --- [ecom-api-gateway] [reshExecutor-%d] o.s.c.g.r.RouteDefinitionRouteLocator    : RouteDefinition catalogue-service-cart applying {_genkey_0=/api/cart/**} to Path
2025-10-21T21:15:08.448+01:00 DEBUG 19946 --- [ecom-api-gateway] [reshExecutor-%d] o.s.c.g.r.RouteDefinitionRouteLocator    : RouteDefinition matched: catalogue-service-cart
2025-10-21T21:15:08.448+01:00 DEBUG 19946 --- [ecom-api-gateway] [reshExecutor-%d] o.s.c.g.r.RouteDefinitionRouteLocator    : RouteDefinition order-service applying {_genkey_0=/api/orders/**} to Path
2025-10-21T21:15:08.449+01:00 DEBUG 19946 --- [ecom-api-gateway] [reshExecutor-%d] o.s.c.g.r.RouteDefinitionRouteLocator    : RouteDefinition matched: order-service
2025-10-21T21:15:08.450+01:00 DEBUG 19946 --- [ecom-api-gateway] [reshExecutor-%d] o.s.c.g.filter.GatewayMetricsFilter      : New routes count: 5
2025-10-21T21:15:38.460+01:00 DEBUG 19946 --- [ecom-api-gateway] [reshExecutor-%d] o.s.c.g.r.RouteDefinitionRouteLocator    : RouteDefinition auth-service applying {_genkey_0=/api/auth/**} to Path
2025-10-21T21:15:38.462+01:00 DEBUG 19946 --- [ecom-api-gateway] [reshExecutor-%d] o.s.c.g.r.RouteDefinitionRouteLocator    : RouteDefinition matched: auth-service
2025-10-21T21:15:38.462+01:00 DEBUG 19946 --- [ecom-api-gateway] [reshExecutor-%d] o.s.c.g.r.RouteDefinitionRouteLocator    : RouteDefinition catalogue-service-products applying {_genkey_0=/api/products/**} to Path
2025-10-21T21:15:38.464+01:00 DEBUG 19946 --- [ecom-api-gateway] [reshExecutor-%d] o.s.c.g.r.RouteDefinitionRouteLocator    : RouteDefinition matched: catalogue-service-products
2025-10-21T21:15:38.464+01:00 DEBUG 19946 --- [ecom-api-gateway] [reshExecutor-%d] o.s.c.g.r.RouteDefinitionRouteLocator    : RouteDefinition catalogue-service-categories applying {_genkey_0=/api/categories/**} to Path
2025-10-21T21:15:38.465+01:00 DEBUG 19946 --- [ecom-api-gateway] [reshExecutor-%d] o.s.c.g.r.RouteDefinitionRouteLocator    : RouteDefinition matched: catalogue-service-categories
2025-10-21T21:15:38.466+01:00 DEBUG 19946 --- [ecom-api-gateway] [reshExecutor-%d] o.s.c.g.r.RouteDefinitionRouteLocator    : RouteDefinition catalogue-service-cart applying {_genkey_0=/api/cart/**} to Path
2025-10-21T21:15:38.467+01:00 DEBUG 19946 --- [ecom-api-gateway] [reshExecutor-%d] o.s.c.g.r.RouteDefinitionRouteLocator    : RouteDefinition matched: catalogue-service-cart
2025-10-21T21:15:38.467+01:00 DEBUG 19946 --- [ecom-api-gateway] [reshExecutor-%d] o.s.c.g.r.RouteDefinitionRouteLocator    : RouteDefinition order-service applying {_genkey_0=/api/orders/**} to Path
2025-10-21T21:15:38.469+01:00 DEBUG 19946 --- [ecom-api-gateway] [reshExecutor-%d] o.s.c.g.r.RouteDefinitionRouteLocator    : RouteDefinition matched: order-service
2025-10-21T21:15:38.469+01:00 DEBUG 19946 --- [ecom-api-gateway] [reshExecutor-%d] o.s.c.g.filter.GatewayMetricsFilter      : New routes count: 5
2025-10-21T21:16:08.477+01:00 DEBUG 19946 --- [ecom-api-gateway] [reshExecutor-%d] o.s.c.g.r.RouteDefinitionRouteLocator    : RouteDefinition auth-service applying {_genkey_0=/api/auth/**} to Path
2025-10-21T21:16:08.479+01:00 DEBUG 19946 --- [ecom-api-gateway] [reshExecutor-%d] o.s.c.g.r.RouteDefinitionRouteLocator    : RouteDefinition matched: auth-service
2025-10-21T21:16:08.480+01:00 DEBUG 19946 --- [ecom-api-gateway] [reshExecutor-%d] o.s.c.g.r.RouteDefinitionRouteLocator    : RouteDefinition catalogue-service-products applying {_genkey_0=/api/products/**} to Path
2025-10-21T21:16:08.481+01:00 DEBUG 19946 --- [ecom-api-gateway] [reshExecutor-%d] o.s.c.g.r.RouteDefinitionRouteLocator    : RouteDefinition matched: catalogue-service-products
2025-10-21T21:16:08.481+01:00 DEBUG 19946 --- [ecom-api-gateway] [reshExecutor-%d] o.s.c.g.r.RouteDefinitionRouteLocator    : RouteDefinition catalogue-service-categories applying {_genkey_0=/api/categories/**} to Path
2025-10-21T21:16:08.483+01:00 DEBUG 19946 --- [ecom-api-gateway] [reshExecutor-%d] o.s.c.g.r.RouteDefinitionRouteLocator    : RouteDefinition matched: catalogue-service-categories
2025-10-21T21:16:08.483+01:00 DEBUG 19946 --- [ecom-api-gateway] [reshExecutor-%d] o.s.c.g.r.RouteDefinitionRouteLocator    : RouteDefinition catalogue-service-cart applying {_genkey_0=/api/cart/**} to Path
2025-10-21T21:16:08.485+01:00 DEBUG 19946 --- [ecom-api-gateway] [reshExecutor-%d] o.s.c.g.r.RouteDefinitionRouteLocator    : RouteDefinition matched: catalogue-service-cart
2025-10-21T21:16:08.485+01:00 DEBUG 19946 --- [ecom-api-gateway] [reshExecutor-%d] o.s.c.g.r.RouteDefinitionRouteLocator    : RouteDefinition order-service applying {_genkey_0=/api/orders/**} to Path
2025-10-21T21:16:08.486+01:00 DEBUG 19946 --- [ecom-api-gateway] [reshExecutor-%d] o.s.c.g.r.RouteDefinitionRouteLocator    : RouteDefinition matched: order-service
2025-10-21T21:16:08.487+01:00 DEBUG 19946 --- [ecom-api-gateway] [reshExecutor-%d] o.s.c.g.filter.GatewayMetricsFilter      : New routes count: 5
2025-10-21T21:16:38.496+01:00 DEBUG 19946 --- [ecom-api-gateway] [reshExecutor-%d] o.s.c.g.r.RouteDefinitionRouteLocator    : RouteDefinition auth-service applying {_genkey_0=/api/auth/**} to Path
2025-10-21T21:16:38.498+01:00 DEBUG 19946 --- [ecom-api-gateway] [reshExecutor-%d] o.s.c.g.r.RouteDefinitionRouteLocator    : RouteDefinition matched: auth-service
2025-10-21T21:16:38.499+01:00 DEBUG 19946 --- [ecom-api-gateway] [reshExecutor-%d] o.s.c.g.r.RouteDefinitionRouteLocator    : RouteDefinition catalogue-service-products applying {_genkey_0=/api/products/**} to Path
2025-10-21T21:16:38.500+01:00 DEBUG 19946 --- [ecom-api-gateway] [reshExecutor-%d] o.s.c.g.r.RouteDefinitionRouteLocator    : RouteDefinition matched: catalogue-service-products
2025-10-21T21:16:38.501+01:00 DEBUG 19946 --- [ecom-api-gateway] [reshExecutor-%d] o.s.c.g.r.RouteDefinitionRouteLocator    : RouteDefinition catalogue-service-categories applying {_genkey_0=/api/categories/**} to Path
2025-10-21T21:16:38.502+01:00 DEBUG 19946 --- [ecom-api-gateway] [reshExecutor-%d] o.s.c.g.r.RouteDefinitionRouteLocator    : RouteDefinition matched: catalogue-service-categories
2025-10-21T21:16:38.502+01:00 DEBUG 19946 --- [ecom-api-gateway] [reshExecutor-%d] o.s.c.g.r.RouteDefinitionRouteLocator    : RouteDefinition catalogue-service-cart applying {_genkey_0=/api/cart/**} to Path
2025-10-21T21:16:38.503+01:00 DEBUG 19946 --- [ecom-api-gateway] [reshExecutor-%d] o.s.c.g.r.RouteDefinitionRouteLocator    : RouteDefinition matched: catalogue-service-cart
2025-10-21T21:16:38.504+01:00 DEBUG 19946 --- [ecom-api-gateway] [reshExecutor-%d] o.s.c.g.r.RouteDefinitionRouteLocator    : RouteDefinition order-service applying {_genkey_0=/api/orders/**} to Path
2025-10-21T21:16:38.505+01:00 DEBUG 19946 --- [ecom-api-gateway] [reshExecutor-%d] o.s.c.g.r.RouteDefinitionRouteLocator    : RouteDefinition matched: order-service
2025-10-21T21:16:38.506+01:00 DEBUG 19946 --- [ecom-api-gateway] [reshExecutor-%d] o.s.c.g.filter.GatewayMetricsFilter      : New routes count: 5
2025-10-21T21:17:08.520+01:00 DEBUG 19946 --- [ecom-api-gateway] [reshExecutor-%d] o.s.c.g.r.RouteDefinitionRouteLocator    : RouteDefinition auth-service applying {_genkey_0=/api/auth/**} to Path
2025-10-21T21:17:08.522+01:00 DEBUG 19946 --- [ecom-api-gateway] [reshExecutor-%d] o.s.c.g.r.RouteDefinitionRouteLocator    : RouteDefinition matched: auth-service
2025-10-21T21:17:08.522+01:00 DEBUG 19946 --- [ecom-api-gateway] [reshExecutor-%d] o.s.c.g.r.RouteDefinitionRouteLocator    : RouteDefinition catalogue-service-products applying {_genkey_0=/api/products/**} to Path
2025-10-21T21:17:08.523+01:00 DEBUG 19946 --- [ecom-api-gateway] [reshExecutor-%d] o.s.c.g.r.RouteDefinitionRouteLocator    : RouteDefinition matched: catalogue-service-products
2025-10-21T21:17:08.524+01:00 DEBUG 19946 --- [ecom-api-gateway] [reshExecutor-%d] o.s.c.g.r.RouteDefinitionRouteLocator    : RouteDefinition catalogue-service-categories applying {_genkey_0=/api/categories/**} to Path
2025-10-21T21:17:08.525+01:00 DEBUG 19946 --- [ecom-api-gateway] [reshExecutor-%d] o.s.c.g.r.RouteDefinitionRouteLocator    : RouteDefinition matched: catalogue-service-categories
2025-10-21T21:17:08.525+01:00 DEBUG 19946 --- [ecom-api-gateway] [reshExecutor-%d] o.s.c.g.r.RouteDefinitionRouteLocator    : RouteDefinition catalogue-service-cart applying {_genkey_0=/api/cart/**} to Path
2025-10-21T21:17:08.526+01:00 DEBUG 19946 --- [ecom-api-gateway] [reshExecutor-%d] o.s.c.g.r.RouteDefinitionRouteLocator    : RouteDefinition matched: catalogue-service-cart
2025-10-21T21:17:08.526+01:00 DEBUG 19946 --- [ecom-api-gateway] [reshExecutor-%d] o.s.c.g.r.RouteDefinitionRouteLocator    : RouteDefinition order-service applying {_genkey_0=/api/orders/**} to Path
2025-10-21T21:17:08.528+01:00 DEBUG 19946 --- [ecom-api-gateway] [reshExecutor-%d] o.s.c.g.r.RouteDefinitionRouteLocator    : RouteDefinition matched: order-service
2025-10-21T21:17:08.528+01:00 DEBUG 19946 --- [ecom-api-gateway] [reshExecutor-%d] o.s.c.g.filter.GatewayMetricsFilter      : New routes count: 5
