[[1;34mINFO[m] Scanning for projects...
[[1;34mINFO[m] 
[[1;34mINFO[m] [1m---------------------< [0;36mtn.iteam:catalogue-service[0;1m >---------------------[m
[[1;34mINFO[m] [1mBuilding catalogue-service 0.0.1-SNAPSHOT[m
[[1;34mINFO[m] [1m--------------------------------[ jar ]---------------------------------[m
[[1;34mINFO[m] 
[[1;34mINFO[m] [1m>>> [0;32mspring-boot-maven-plugin:3.3.5:run[m [1m(default-cli)[0;1m > [0;1mtest-compile[m @ [36mcatalogue-service[0;1m >>>[m
[[1;34mINFO[m] 
[[1;34mINFO[m] [1m--- [0;32mmaven-resources-plugin:3.3.1:resources[m [1m(default-resources)[m @ [36mcatalogue-service[0;1m ---[m
[[1;34mINFO[m] Copying 3 resources from src/main/resources to target/classes
[[1;34mINFO[m] Copying 0 resource from src/main/resources to target/classes
[[1;34mINFO[m] 
[[1;34mINFO[m] [1m--- [0;32mmaven-compiler-plugin:3.13.0:compile[m [1m(default-compile)[m @ [36mcatalogue-service[0;1m ---[m
[[1;34mINFO[m] Nothing to compile - all classes are up to date.
[[1;34mINFO[m] 
[[1;34mINFO[m] [1m--- [0;32mmaven-resources-plugin:3.3.1:testResources[m [1m(default-testResources)[m @ [36mcatalogue-service[0;1m ---[m
[[1;34mINFO[m] skip non existing resourceDirectory /home/imed/Documents/e-commerce-ms/catalogue-service/src/test/resources
[[1;34mINFO[m] 
[[1;34mINFO[m] [1m--- [0;32mmaven-compiler-plugin:3.13.0:testCompile[m [1m(default-testCompile)[m @ [36mcatalogue-service[0;1m ---[m
[[1;34mINFO[m] Nothing to compile - all classes are up to date.
[[1;34mINFO[m] 
[[1;34mINFO[m] [1m<<< [0;32mspring-boot-maven-plugin:3.3.5:run[m [1m(default-cli)[0;1m < [0;1mtest-compile[m @ [36mcatalogue-service[0;1m <<<[m
[[1;34mINFO[m] 
[[1;34mINFO[m] 
[[1;34mINFO[m] [1m--- [0;32mspring-boot-maven-plugin:3.3.5:run[m [1m(default-cli)[m @ [36mcatalogue-service[0;1m ---[m
[[1;34mINFO[m] Attaching agents: []

  .   ____          _            __ _ _
 /\\ / ___'_ __ _ _(_)_ __  __ _ \ \ \ \
( ( )\___ | '_ | '_| | '_ \/ _` | \ \ \ \
 \\/  ___)| |_)| | | | | || (_| |  ) ) ) )
  '  |____| .__|_| |_|_| |_\__, | / / / /
 =========|_|==============|___/=/_/_/_/

 :: Spring Boot ::                (v3.3.5)

2025-11-19T14:39:02.771+01:00  INFO 11052 --- [catalogue-service] [           main] t.i.c.CatalogueServiceApplication        : Starting CatalogueServiceApplication using Java 17.0.16 with PID 11052 (/home/imed/Documents/e-commerce-ms/catalogue-service/target/classes started by imed in /home/imed/Documents/e-commerce-ms/catalogue-service)
2025-11-19T14:39:02.774+01:00 DEBUG 11052 --- [catalogue-service] [           main] t.i.c.CatalogueServiceApplication        : Running with Spring Boot v3.3.5, Spring v6.1.14
2025-11-19T14:39:02.776+01:00  INFO 11052 --- [catalogue-service] [           main] t.i.c.CatalogueServiceApplication        : The following 1 profile is active: "local"
2025-11-19T14:39:05.193+01:00  INFO 11052 --- [catalogue-service] [           main] .s.d.r.c.RepositoryConfigurationDelegate : Multiple Spring Data modules found, entering strict repository configuration mode
2025-11-19T14:39:05.199+01:00  INFO 11052 --- [catalogue-service] [           main] .s.d.r.c.RepositoryConfigurationDelegate : Bootstrapping Spring Data JDBC repositories in DEFAULT mode.
2025-11-19T14:39:05.306+01:00  INFO 11052 --- [catalogue-service] [           main] .RepositoryConfigurationExtensionSupport : Spring Data JDBC - Could not safely identify store assignment for repository candidate interface tn.iteam.catalogueservice.repos.CategoryRepo; If you want this repository to be a JDBC repository, consider annotating your entities with one of these annotations: org.springframework.data.relational.core.mapping.Table.
2025-11-19T14:39:05.310+01:00  INFO 11052 --- [catalogue-service] [           main] .RepositoryConfigurationExtensionSupport : Spring Data JDBC - Could not safely identify store assignment for repository candidate interface tn.iteam.catalogueservice.repos.ProductRepo; If you want this repository to be a JDBC repository, consider annotating your entities with one of these annotations: org.springframework.data.relational.core.mapping.Table.
2025-11-19T14:39:05.316+01:00  INFO 11052 --- [catalogue-service] [           main] .RepositoryConfigurationExtensionSupport : Spring Data JDBC - Could not safely identify store assignment for repository candidate interface tn.iteam.catalogueservice.repos.ReviewRepo; If you want this repository to be a JDBC repository, consider annotating your entities with one of these annotations: org.springframework.data.relational.core.mapping.Table.
2025-11-19T14:39:05.318+01:00  INFO 11052 --- [catalogue-service] [           main] .s.d.r.c.RepositoryConfigurationDelegate : Finished Spring Data repository scanning in 108 ms. Found 0 JDBC repository interfaces.
2025-11-19T14:39:05.343+01:00  INFO 11052 --- [catalogue-service] [           main] .s.d.r.c.RepositoryConfigurationDelegate : Multiple Spring Data modules found, entering strict repository configuration mode
2025-11-19T14:39:05.346+01:00  INFO 11052 --- [catalogue-service] [           main] .s.d.r.c.RepositoryConfigurationDelegate : Bootstrapping Spring Data JPA repositories in DEFAULT mode.
2025-11-19T14:39:05.607+01:00  INFO 11052 --- [catalogue-service] [           main] .s.d.r.c.RepositoryConfigurationDelegate : Finished Spring Data repository scanning in 251 ms. Found 3 JPA repository interfaces.
2025-11-19T14:39:06.179+01:00  INFO 11052 --- [catalogue-service] [           main] o.s.cloud.context.scope.GenericScope     : BeanFactory id=345ef47c-2cb4-3343-9dac-c77dd7c84209
2025-11-19T14:39:06.938+01:00  WARN 11052 --- [catalogue-service] [           main] trationDelegate$BeanPostProcessorChecker : Bean 'org.springframework.cloud.client.loadbalancer.LoadBalancerAutoConfiguration$DeferringLoadBalancerInterceptorConfig' of type [org.springframework.cloud.client.loadbalancer.LoadBalancerAutoConfiguration$DeferringLoadBalancerInterceptorConfig] is not eligible for getting processed by all BeanPostProcessors (for example: not eligible for auto-proxying). The currently created BeanPostProcessor [lbRestClientPostProcessor] is declared through a non-static factory method on that class; consider declaring it as static instead.
2025-11-19T14:39:06.945+01:00  WARN 11052 --- [catalogue-service] [           main] trationDelegate$BeanPostProcessorChecker : Bean 'deferringLoadBalancerInterceptor' of type [org.springframework.cloud.client.loadbalancer.DeferringLoadBalancerInterceptor] is not eligible for getting processed by all BeanPostProcessors (for example: not eligible for auto-proxying). Is this bean getting eagerly injected/applied to a currently created BeanPostProcessor [lbRestClientPostProcessor]? Check the corresponding BeanPostProcessor declaration and its dependencies/advisors. If this bean does not have to be post-processed, declare it with ROLE_INFRASTRUCTURE.
2025-11-19T14:39:07.479+01:00  INFO 11052 --- [catalogue-service] [           main] o.s.b.w.embedded.tomcat.TomcatWebServer  : Tomcat initialized with port 8084 (http)
2025-11-19T14:39:07.515+01:00  INFO 11052 --- [catalogue-service] [           main] o.apache.catalina.core.StandardService   : Starting service [Tomcat]
2025-11-19T14:39:07.516+01:00  INFO 11052 --- [catalogue-service] [           main] o.apache.catalina.core.StandardEngine    : Starting Servlet engine: [Apache Tomcat/10.1.31]
2025-11-19T14:39:07.665+01:00  INFO 11052 --- [catalogue-service] [           main] o.a.c.c.C.[Tomcat].[localhost].[/]       : Initializing Spring embedded WebApplicationContext
2025-11-19T14:39:07.667+01:00  INFO 11052 --- [catalogue-service] [           main] w.s.c.ServletWebServerApplicationContext : Root WebApplicationContext: initialization completed in 4784 ms
2025-11-19T14:39:08.174+01:00 DEBUG 11052 --- [catalogue-service] [           main] o.s.w.f.ServerHttpObservationFilter      : Filter 'webMvcObservationFilter' configured for use
2025-11-19T14:39:08.410+01:00  INFO 11052 --- [catalogue-service] [           main] o.hibernate.jpa.internal.util.LogHelper  : HHH000204: Processing PersistenceUnitInfo [name: default]
2025-11-19T14:39:08.495+01:00  INFO 11052 --- [catalogue-service] [           main] org.hibernate.Version                    : HHH000412: Hibernate ORM core version 6.5.3.Final
2025-11-19T14:39:08.566+01:00  INFO 11052 --- [catalogue-service] [           main] o.h.c.internal.RegionFactoryInitiator    : HHH000026: Second-level cache disabled
2025-11-19T14:39:09.137+01:00  INFO 11052 --- [catalogue-service] [           main] o.s.o.j.p.SpringPersistenceUnitInfo      : No LoadTimeWeaver setup: ignoring JPA class transformer
2025-11-19T14:39:09.196+01:00  INFO 11052 --- [catalogue-service] [           main] com.zaxxer.hikari.HikariDataSource       : HikariPool-1 - Starting...
2025-11-19T14:39:09.535+01:00  INFO 11052 --- [catalogue-service] [           main] com.zaxxer.hikari.pool.HikariPool        : HikariPool-1 - Added connection com.mysql.cj.jdbc.ConnectionImpl@698e1bf5
2025-11-19T14:39:09.539+01:00  INFO 11052 --- [catalogue-service] [           main] com.zaxxer.hikari.HikariDataSource       : HikariPool-1 - Start completed.
2025-11-19T14:39:09.582+01:00  WARN 11052 --- [catalogue-service] [           main] org.hibernate.orm.deprecation            : HHH90000025: MySQL8Dialect does not need to be specified explicitly using 'hibernate.dialect' (remove the property setting and it will be selected by default)
2025-11-19T14:39:09.585+01:00  WARN 11052 --- [catalogue-service] [           main] org.hibernate.orm.deprecation            : HHH90000026: MySQL8Dialect has been deprecated; use org.hibernate.dialect.MySQLDialect instead
2025-11-19T14:39:11.843+01:00  INFO 11052 --- [catalogue-service] [           main] o.h.e.t.j.p.i.JtaPlatformInitiator       : HHH000489: No JTA platform available (set 'hibernate.transaction.jta.platform' to enable JTA platform integration)
2025-11-19T14:39:12.066+01:00  INFO 11052 --- [catalogue-service] [           main] j.LocalContainerEntityManagerFactoryBean : Initialized JPA EntityManagerFactory for persistence unit 'default'
2025-11-19T14:39:13.612+01:00  WARN 11052 --- [catalogue-service] [           main] JpaBaseConfiguration$JpaWebConfiguration : spring.jpa.open-in-view is enabled by default. Therefore, database queries may be performed during view rendering. Explicitly configure spring.jpa.open-in-view to disable this warning
2025-11-19T14:39:13.717+01:00  WARN 11052 --- [catalogue-service] [           main] .s.s.UserDetailsServiceAutoConfiguration : 

Using generated security password: d78efdb0-cbc7-4322-991b-d6c90d67f2b0

This generated password is for development use only. Your security configuration must be updated before running your application in production.

2025-11-19T14:39:13.789+01:00  INFO 11052 --- [catalogue-service] [           main] r$InitializeUserDetailsManagerConfigurer : Global AuthenticationManager configured with UserDetailsService bean with name inMemoryUserDetailsManager
2025-11-19T14:39:14.210+01:00 DEBUG 11052 --- [catalogue-service] [           main] s.w.s.m.m.a.RequestMappingHandlerMapping : 21 mappings in 'requestMappingHandlerMapping'
2025-11-19T14:39:14.500+01:00 DEBUG 11052 --- [catalogue-service] [           main] o.s.w.s.handler.SimpleUrlHandlerMapping  : Patterns [/webjars/**, /**, /uploads/products/**, /swagger-ui*/*swagger-initializer.js, /swagger-ui*/**] in 'resourceHandlerMapping'
2025-11-19T14:39:15.163+01:00  INFO 11052 --- [catalogue-service] [           main] o.s.b.a.e.web.EndpointLinksResolver      : Exposing 5 endpoints beneath base path '/actuator'
2025-11-19T14:39:15.377+01:00 DEBUG 11052 --- [catalogue-service] [           main] o.s.s.web.DefaultSecurityFilterChain     : Will secure any request with filters: DisableEncodeUrlFilter, WebAsyncManagerIntegrationFilter, SecurityContextHolderFilter, HeaderWriterFilter, LogoutFilter, RequestCacheAwareFilter, SecurityContextHolderAwareRequestFilter, AnonymousAuthenticationFilter, ExceptionTranslationFilter, AuthorizationFilter
2025-11-19T14:39:15.718+01:00 DEBUG 11052 --- [catalogue-service] [           main] s.w.s.m.m.a.RequestMappingHandlerAdapter : ControllerAdvice beans: 0 @ModelAttribute, 0 @InitBinder, 1 RequestBodyAdvice, 1 ResponseBodyAdvice
2025-11-19T14:39:15.808+01:00 DEBUG 11052 --- [catalogue-service] [           main] .m.m.a.ExceptionHandlerExceptionResolver : ControllerAdvice beans: 2 @ExceptionHandler, 1 ResponseBodyAdvice
2025-11-19T14:39:17.252+01:00  INFO 11052 --- [catalogue-service] [           main] DiscoveryClientOptionalArgsConfiguration : Eureka HTTP Client uses RestTemplate.
2025-11-19T14:39:17.463+01:00  WARN 11052 --- [catalogue-service] [           main] iguration$LoadBalancerCaffeineWarnLogger : Spring Cloud LoadBalancer is currently working with the default cache. While this cache implementation is useful for development and tests, it's recommended to use Caffeine cache in production.You can switch to using Caffeine cache, by adding it and org.springframework.cache.caffeine.CaffeineCacheManager to the classpath.
2025-11-19T14:39:17.657+01:00  INFO 11052 --- [catalogue-service] [           main] o.s.c.n.eureka.InstanceInfoFactory       : Setting initial instance status as: STARTING
2025-11-19T14:39:17.717+01:00  INFO 11052 --- [catalogue-service] [           main] com.netflix.discovery.DiscoveryClient    : Initializing Eureka in region us-east-1
2025-11-19T14:39:17.726+01:00  INFO 11052 --- [catalogue-service] [           main] c.n.d.s.r.aws.ConfigClusterResolver      : Resolving eureka endpoints via configuration
2025-11-19T14:39:17.746+01:00  INFO 11052 --- [catalogue-service] [           main] com.netflix.discovery.DiscoveryClient    : Disable delta property : false
2025-11-19T14:39:17.746+01:00  INFO 11052 --- [catalogue-service] [           main] com.netflix.discovery.DiscoveryClient    : Single vip registry refresh property : null
2025-11-19T14:39:17.746+01:00  INFO 11052 --- [catalogue-service] [           main] com.netflix.discovery.DiscoveryClient    : Force full registry fetch : false
2025-11-19T14:39:17.747+01:00  INFO 11052 --- [catalogue-service] [           main] com.netflix.discovery.DiscoveryClient    : Application is null : false
2025-11-19T14:39:17.747+01:00  INFO 11052 --- [catalogue-service] [           main] com.netflix.discovery.DiscoveryClient    : Registered Applications size is zero : true
2025-11-19T14:39:17.747+01:00  INFO 11052 --- [catalogue-service] [           main] com.netflix.discovery.DiscoveryClient    : Application version is -1: true
2025-11-19T14:39:17.747+01:00  INFO 11052 --- [catalogue-service] [           main] com.netflix.discovery.DiscoveryClient    : Getting all instance registry info from the eureka server
2025-11-19T14:39:18.205+01:00 DEBUG 11052 --- [catalogue-service] [           main] o.s.web.client.RestTemplate              : HTTP GET http://localhost:8761/eureka/apps/
2025-11-19T14:39:18.490+01:00 DEBUG 11052 --- [catalogue-service] [           main] o.s.web.client.RestTemplate              : Accept=[application/json, application/*+json]
2025-11-19T14:39:18.650+01:00 DEBUG 11052 --- [catalogue-service] [           main] o.s.web.client.RestTemplate              : Response 200 OK
2025-11-19T14:39:18.657+01:00 DEBUG 11052 --- [catalogue-service] [           main] o.s.web.client.RestTemplate              : Reading to [org.springframework.cloud.netflix.eureka.http.EurekaApplications]
2025-11-19T14:39:18.733+01:00  INFO 11052 --- [catalogue-service] [           main] com.netflix.discovery.DiscoveryClient    : The response status is 200
2025-11-19T14:39:18.738+01:00  INFO 11052 --- [catalogue-service] [           main] com.netflix.discovery.DiscoveryClient    : Starting heartbeat executor: renew interval is: 30
2025-11-19T14:39:18.744+01:00  INFO 11052 --- [catalogue-service] [           main] c.n.discovery.InstanceInfoReplicator     : InstanceInfoReplicator onDemand update allowed rate per min is 4
2025-11-19T14:39:18.749+01:00  INFO 11052 --- [catalogue-service] [           main] com.netflix.discovery.DiscoveryClient    : Discovery Client initialized at timestamp 1763559558747 with initial instances count: 2
2025-11-19T14:39:18.765+01:00  INFO 11052 --- [catalogue-service] [           main] o.s.c.n.e.s.EurekaServiceRegistry        : Registering application CATALOGUE-SERVICE with eureka with status UP
2025-11-19T14:39:18.767+01:00  INFO 11052 --- [catalogue-service] [           main] com.netflix.discovery.DiscoveryClient    : Saw local status change event StatusChangeEvent [timestamp=1763559558767, current=UP, previous=STARTING]
2025-11-19T14:39:18.772+01:00  INFO 11052 --- [catalogue-service] [foReplicator-%d] com.netflix.discovery.DiscoveryClient    : DiscoveryClient_CATALOGUE-SERVICE/192.168.1.122:catalogue-service:8084: registering service...
2025-11-19T14:39:18.786+01:00 DEBUG 11052 --- [catalogue-service] [foReplicator-%d] o.s.web.client.RestTemplate              : HTTP POST http://localhost:8761/eureka/apps/CATALOGUE-SERVICE
2025-11-19T14:39:18.796+01:00 DEBUG 11052 --- [catalogue-service] [foReplicator-%d] o.s.web.client.RestTemplate              : Accept=[application/json, application/*+json]
2025-11-19T14:39:18.817+01:00  INFO 11052 --- [catalogue-service] [           main] o.s.b.w.embedded.tomcat.TomcatWebServer  : Tomcat started on port 8084 (http) with context path '/'
2025-11-19T14:39:18.819+01:00  INFO 11052 --- [catalogue-service] [           main] .s.c.n.e.s.EurekaAutoServiceRegistration : Updating port to 8084
2025-11-19T14:39:18.831+01:00 DEBUG 11052 --- [catalogue-service] [foReplicator-%d] o.s.web.client.RestTemplate              : Writing [InstanceInfo [instanceId = 192.168.1.122:catalogue-service:8084, appName = CATALOGUE-SERVICE, hostName = 192.168.1.122, status = UP, ipAddr = 192.168.1.122, port = 8084, securePort = 443, dataCenterInfo = com.netflix.appinfo.MyDataCenterInfo@4dcdc172] as "application/json"
2025-11-19T14:39:18.859+01:00  INFO 11052 --- [catalogue-service] [           main] t.i.c.CatalogueServiceApplication        : Started CatalogueServiceApplication in 17.163 seconds (process running for 17.755)
2025-11-19T14:39:18.891+01:00 DEBUG 11052 --- [catalogue-service] [foReplicator-%d] o.s.web.client.RestTemplate              : Response 204 NO_CONTENT
2025-11-19T14:39:18.893+01:00  INFO 11052 --- [catalogue-service] [foReplicator-%d] com.netflix.discovery.DiscoveryClient    : DiscoveryClient_CATALOGUE-SERVICE/192.168.1.122:catalogue-service:8084 - registration status: 204
2025-11-19T14:39:48.741+01:00 DEBUG 11052 --- [catalogue-service] [reshExecutor-%d] o.s.web.client.RestTemplate              : HTTP GET http://localhost:8761/eureka/apps/delta
2025-11-19T14:39:48.744+01:00 DEBUG 11052 --- [catalogue-service] [reshExecutor-%d] o.s.web.client.RestTemplate              : Accept=[application/json, application/*+json]
2025-11-19T14:39:48.746+01:00 DEBUG 11052 --- [catalogue-service] [beatExecutor-%d] o.s.web.client.RestTemplate              : HTTP PUT http://localhost:8761/eureka/apps/CATALOGUE-SERVICE/192.168.1.122:catalogue-service:8084?status=UP&lastDirtyTimestamp=1763559558766
2025-11-19T14:39:48.761+01:00 DEBUG 11052 --- [catalogue-service] [reshExecutor-%d] o.s.web.client.RestTemplate              : Response 200 OK
2025-11-19T14:39:48.762+01:00 DEBUG 11052 --- [catalogue-service] [reshExecutor-%d] o.s.web.client.RestTemplate              : Reading to [org.springframework.cloud.netflix.eureka.http.EurekaApplications]
2025-11-19T14:39:48.766+01:00 DEBUG 11052 --- [catalogue-service] [beatExecutor-%d] o.s.web.client.RestTemplate              : Accept=[application/json, application/*+json]
2025-11-19T14:39:48.782+01:00 DEBUG 11052 --- [catalogue-service] [beatExecutor-%d] o.s.web.client.RestTemplate              : Response 200 OK
2025-11-19T14:40:18.771+01:00 DEBUG 11052 --- [catalogue-service] [reshExecutor-%d] o.s.web.client.RestTemplate              : HTTP GET http://localhost:8761/eureka/apps/delta
2025-11-19T14:40:18.773+01:00 DEBUG 11052 --- [catalogue-service] [reshExecutor-%d] o.s.web.client.RestTemplate              : Accept=[application/json, application/*+json]
2025-11-19T14:40:18.782+01:00 DEBUG 11052 --- [catalogue-service] [reshExecutor-%d] o.s.web.client.RestTemplate              : Response 200 OK
2025-11-19T14:40:18.783+01:00 DEBUG 11052 --- [catalogue-service] [reshExecutor-%d] o.s.web.client.RestTemplate              : Reading to [org.springframework.cloud.netflix.eureka.http.EurekaApplications]
2025-11-19T14:40:18.785+01:00 DEBUG 11052 --- [catalogue-service] [beatExecutor-%d] o.s.web.client.RestTemplate              : HTTP PUT http://localhost:8761/eureka/apps/CATALOGUE-SERVICE/192.168.1.122:catalogue-service:8084?status=UP&lastDirtyTimestamp=1763559558766
2025-11-19T14:40:18.786+01:00 DEBUG 11052 --- [catalogue-service] [beatExecutor-%d] o.s.web.client.RestTemplate              : Accept=[application/json, application/*+json]
2025-11-19T14:40:18.796+01:00 DEBUG 11052 --- [catalogue-service] [beatExecutor-%d] o.s.web.client.RestTemplate              : Response 200 OK
2025-11-19T14:40:48.793+01:00 DEBUG 11052 --- [catalogue-service] [reshExecutor-%d] o.s.web.client.RestTemplate              : HTTP GET http://localhost:8761/eureka/apps/delta
2025-11-19T14:40:48.795+01:00 DEBUG 11052 --- [catalogue-service] [reshExecutor-%d] o.s.web.client.RestTemplate              : Accept=[application/json, application/*+json]
2025-11-19T14:40:48.799+01:00 DEBUG 11052 --- [catalogue-service] [beatExecutor-%d] o.s.web.client.RestTemplate              : HTTP PUT http://localhost:8761/eureka/apps/CATALOGUE-SERVICE/192.168.1.122:catalogue-service:8084?status=UP&lastDirtyTimestamp=1763559558766
2025-11-19T14:40:48.800+01:00 DEBUG 11052 --- [catalogue-service] [beatExecutor-%d] o.s.web.client.RestTemplate              : Accept=[application/json, application/*+json]
2025-11-19T14:40:48.807+01:00 DEBUG 11052 --- [catalogue-service] [reshExecutor-%d] o.s.web.client.RestTemplate              : Response 200 OK
2025-11-19T14:40:48.809+01:00 DEBUG 11052 --- [catalogue-service] [reshExecutor-%d] o.s.web.client.RestTemplate              : Reading to [org.springframework.cloud.netflix.eureka.http.EurekaApplications]
2025-11-19T14:40:48.816+01:00 DEBUG 11052 --- [catalogue-service] [beatExecutor-%d] o.s.web.client.RestTemplate              : Response 200 OK
2025-11-19T14:41:18.817+01:00 DEBUG 11052 --- [catalogue-service] [reshExecutor-%d] o.s.web.client.RestTemplate              : HTTP GET http://localhost:8761/eureka/apps/delta
2025-11-19T14:41:18.818+01:00 DEBUG 11052 --- [catalogue-service] [reshExecutor-%d] o.s.web.client.RestTemplate              : Accept=[application/json, application/*+json]
2025-11-19T14:41:18.819+01:00 DEBUG 11052 --- [catalogue-service] [beatExecutor-%d] o.s.web.client.RestTemplate              : HTTP PUT http://localhost:8761/eureka/apps/CATALOGUE-SERVICE/192.168.1.122:catalogue-service:8084?status=UP&lastDirtyTimestamp=1763559558766
2025-11-19T14:41:18.820+01:00 DEBUG 11052 --- [catalogue-service] [beatExecutor-%d] o.s.web.client.RestTemplate              : Accept=[application/json, application/*+json]
2025-11-19T14:41:18.828+01:00 DEBUG 11052 --- [catalogue-service] [reshExecutor-%d] o.s.web.client.RestTemplate              : Response 200 OK
2025-11-19T14:41:18.829+01:00 DEBUG 11052 --- [catalogue-service] [beatExecutor-%d] o.s.web.client.RestTemplate              : Response 200 OK
2025-11-19T14:41:18.829+01:00 DEBUG 11052 --- [catalogue-service] [reshExecutor-%d] o.s.web.client.RestTemplate              : Reading to [org.springframework.cloud.netflix.eureka.http.EurekaApplications]
2025-11-19T14:41:48.832+01:00 DEBUG 11052 --- [catalogue-service] [beatExecutor-%d] o.s.web.client.RestTemplate              : HTTP PUT http://localhost:8761/eureka/apps/CATALOGUE-SERVICE/192.168.1.122:catalogue-service:8084?status=UP&lastDirtyTimestamp=1763559558766
2025-11-19T14:41:48.833+01:00 DEBUG 11052 --- [catalogue-service] [beatExecutor-%d] o.s.web.client.RestTemplate              : Accept=[application/json, application/*+json]
2025-11-19T14:41:48.835+01:00 DEBUG 11052 --- [catalogue-service] [reshExecutor-%d] o.s.web.client.RestTemplate              : HTTP GET http://localhost:8761/eureka/apps/delta
2025-11-19T14:41:48.836+01:00 DEBUG 11052 --- [catalogue-service] [reshExecutor-%d] o.s.web.client.RestTemplate              : Accept=[application/json, application/*+json]
2025-11-19T14:41:48.844+01:00 DEBUG 11052 --- [catalogue-service] [beatExecutor-%d] o.s.web.client.RestTemplate              : Response 200 OK
2025-11-19T14:41:48.849+01:00 DEBUG 11052 --- [catalogue-service] [reshExecutor-%d] o.s.web.client.RestTemplate              : Response 200 OK
2025-11-19T14:41:48.850+01:00 DEBUG 11052 --- [catalogue-service] [reshExecutor-%d] o.s.web.client.RestTemplate              : Reading to [org.springframework.cloud.netflix.eureka.http.EurekaApplications]
2025-11-19T14:42:18.846+01:00 DEBUG 11052 --- [catalogue-service] [beatExecutor-%d] o.s.web.client.RestTemplate              : HTTP PUT http://localhost:8761/eureka/apps/CATALOGUE-SERVICE/192.168.1.122:catalogue-service:8084?status=UP&lastDirtyTimestamp=1763559558766
2025-11-19T14:42:18.848+01:00 DEBUG 11052 --- [catalogue-service] [beatExecutor-%d] o.s.web.client.RestTemplate              : Accept=[application/json, application/*+json]
2025-11-19T14:42:18.856+01:00 DEBUG 11052 --- [catalogue-service] [beatExecutor-%d] o.s.web.client.RestTemplate              : Response 200 OK
2025-11-19T14:42:18.858+01:00 DEBUG 11052 --- [catalogue-service] [reshExecutor-%d] o.s.web.client.RestTemplate              : HTTP GET http://localhost:8761/eureka/apps/delta
2025-11-19T14:42:18.859+01:00 DEBUG 11052 --- [catalogue-service] [reshExecutor-%d] o.s.web.client.RestTemplate              : Accept=[application/json, application/*+json]
2025-11-19T14:42:18.868+01:00 DEBUG 11052 --- [catalogue-service] [reshExecutor-%d] o.s.web.client.RestTemplate              : Response 200 OK
2025-11-19T14:42:18.868+01:00 DEBUG 11052 --- [catalogue-service] [reshExecutor-%d] o.s.web.client.RestTemplate              : Reading to [org.springframework.cloud.netflix.eureka.http.EurekaApplications]
2025-11-19T14:42:48.859+01:00 DEBUG 11052 --- [catalogue-service] [beatExecutor-%d] o.s.web.client.RestTemplate              : HTTP PUT http://localhost:8761/eureka/apps/CATALOGUE-SERVICE/192.168.1.122:catalogue-service:8084?status=UP&lastDirtyTimestamp=1763559558766
2025-11-19T14:42:48.861+01:00 DEBUG 11052 --- [catalogue-service] [beatExecutor-%d] o.s.web.client.RestTemplate              : Accept=[application/json, application/*+json]
2025-11-19T14:42:48.871+01:00 DEBUG 11052 --- [catalogue-service] [beatExecutor-%d] o.s.web.client.RestTemplate              : Response 200 OK
2025-11-19T14:42:48.872+01:00 DEBUG 11052 --- [catalogue-service] [reshExecutor-%d] o.s.web.client.RestTemplate              : HTTP GET http://localhost:8761/eureka/apps/delta
2025-11-19T14:42:48.873+01:00 DEBUG 11052 --- [catalogue-service] [reshExecutor-%d] o.s.web.client.RestTemplate              : Accept=[application/json, application/*+json]
2025-11-19T14:42:48.883+01:00 DEBUG 11052 --- [catalogue-service] [reshExecutor-%d] o.s.web.client.RestTemplate              : Response 200 OK
2025-11-19T14:42:48.883+01:00 DEBUG 11052 --- [catalogue-service] [reshExecutor-%d] o.s.web.client.RestTemplate              : Reading to [org.springframework.cloud.netflix.eureka.http.EurekaApplications]
2025-11-19T14:43:18.873+01:00 DEBUG 11052 --- [catalogue-service] [beatExecutor-%d] o.s.web.client.RestTemplate              : HTTP PUT http://localhost:8761/eureka/apps/CATALOGUE-SERVICE/192.168.1.122:catalogue-service:8084?status=UP&lastDirtyTimestamp=1763559558766
2025-11-19T14:43:18.875+01:00 DEBUG 11052 --- [catalogue-service] [beatExecutor-%d] o.s.web.client.RestTemplate              : Accept=[application/json, application/*+json]
2025-11-19T14:43:18.885+01:00 DEBUG 11052 --- [catalogue-service] [beatExecutor-%d] o.s.web.client.RestTemplate              : Response 200 OK
2025-11-19T14:43:18.890+01:00 DEBUG 11052 --- [catalogue-service] [reshExecutor-%d] o.s.web.client.RestTemplate              : HTTP GET http://localhost:8761/eureka/apps/delta
2025-11-19T14:43:18.892+01:00 DEBUG 11052 --- [catalogue-service] [reshExecutor-%d] o.s.web.client.RestTemplate              : Accept=[application/json, application/*+json]
2025-11-19T14:43:18.901+01:00 DEBUG 11052 --- [catalogue-service] [reshExecutor-%d] o.s.web.client.RestTemplate              : Response 200 OK
2025-11-19T14:43:18.903+01:00 DEBUG 11052 --- [catalogue-service] [reshExecutor-%d] o.s.web.client.RestTemplate              : Reading to [org.springframework.cloud.netflix.eureka.http.EurekaApplications]
2025-11-19T14:43:48.888+01:00 DEBUG 11052 --- [catalogue-service] [beatExecutor-%d] o.s.web.client.RestTemplate              : HTTP PUT http://localhost:8761/eureka/apps/CATALOGUE-SERVICE/192.168.1.122:catalogue-service:8084?status=UP&lastDirtyTimestamp=1763559558766
2025-11-19T14:43:48.889+01:00 DEBUG 11052 --- [catalogue-service] [beatExecutor-%d] o.s.web.client.RestTemplate              : Accept=[application/json, application/*+json]
2025-11-19T14:43:48.899+01:00 DEBUG 11052 --- [catalogue-service] [beatExecutor-%d] o.s.web.client.RestTemplate              : Response 200 OK
2025-11-19T14:43:48.905+01:00 DEBUG 11052 --- [catalogue-service] [reshExecutor-%d] o.s.web.client.RestTemplate              : HTTP GET http://localhost:8761/eureka/apps/delta
2025-11-19T14:43:48.907+01:00 DEBUG 11052 --- [catalogue-service] [reshExecutor-%d] o.s.web.client.RestTemplate              : Accept=[application/json, application/*+json]
2025-11-19T14:43:48.915+01:00 DEBUG 11052 --- [catalogue-service] [reshExecutor-%d] o.s.web.client.RestTemplate              : Response 200 OK
2025-11-19T14:43:48.916+01:00 DEBUG 11052 --- [catalogue-service] [reshExecutor-%d] o.s.web.client.RestTemplate              : Reading to [org.springframework.cloud.netflix.eureka.http.EurekaApplications]
2025-11-19T14:44:17.751+01:00  INFO 11052 --- [catalogue-service] [rap-executor-%d] c.n.d.s.r.aws.ConfigClusterResolver      : Resolving eureka endpoints via configuration
2025-11-19T14:44:18.901+01:00 DEBUG 11052 --- [catalogue-service] [beatExecutor-%d] o.s.web.client.RestTemplate              : HTTP PUT http://localhost:8761/eureka/apps/CATALOGUE-SERVICE/192.168.1.122:catalogue-service:8084?status=UP&lastDirtyTimestamp=1763559558766
2025-11-19T14:44:18.903+01:00 DEBUG 11052 --- [catalogue-service] [beatExecutor-%d] o.s.web.client.RestTemplate              : Accept=[application/json, application/*+json]
2025-11-19T14:44:18.912+01:00 DEBUG 11052 --- [catalogue-service] [beatExecutor-%d] o.s.web.client.RestTemplate              : Response 200 OK
2025-11-19T14:44:18.919+01:00 DEBUG 11052 --- [catalogue-service] [reshExecutor-%d] o.s.web.client.RestTemplate              : HTTP GET http://localhost:8761/eureka/apps/delta
2025-11-19T14:44:18.920+01:00 DEBUG 11052 --- [catalogue-service] [reshExecutor-%d] o.s.web.client.RestTemplate              : Accept=[application/json, application/*+json]
2025-11-19T14:44:18.930+01:00 DEBUG 11052 --- [catalogue-service] [reshExecutor-%d] o.s.web.client.RestTemplate              : Response 200 OK
2025-11-19T14:44:18.931+01:00 DEBUG 11052 --- [catalogue-service] [reshExecutor-%d] o.s.web.client.RestTemplate              : Reading to [org.springframework.cloud.netflix.eureka.http.EurekaApplications]
2025-11-19T14:44:48.915+01:00 DEBUG 11052 --- [catalogue-service] [beatExecutor-%d] o.s.web.client.RestTemplate              : HTTP PUT http://localhost:8761/eureka/apps/CATALOGUE-SERVICE/192.168.1.122:catalogue-service:8084?status=UP&lastDirtyTimestamp=1763559558766
2025-11-19T14:44:48.916+01:00 DEBUG 11052 --- [catalogue-service] [beatExecutor-%d] o.s.web.client.RestTemplate              : Accept=[application/json, application/*+json]
2025-11-19T14:44:48.924+01:00 DEBUG 11052 --- [catalogue-service] [beatExecutor-%d] o.s.web.client.RestTemplate              : Response 200 OK
2025-11-19T14:44:48.935+01:00 DEBUG 11052 --- [catalogue-service] [reshExecutor-%d] o.s.web.client.RestTemplate              : HTTP GET http://localhost:8761/eureka/apps/delta
2025-11-19T14:44:48.936+01:00 DEBUG 11052 --- [catalogue-service] [reshExecutor-%d] o.s.web.client.RestTemplate              : Accept=[application/json, application/*+json]
2025-11-19T14:44:48.944+01:00 DEBUG 11052 --- [catalogue-service] [reshExecutor-%d] o.s.web.client.RestTemplate              : Response 200 OK
2025-11-19T14:44:48.945+01:00 DEBUG 11052 --- [catalogue-service] [reshExecutor-%d] o.s.web.client.RestTemplate              : Reading to [org.springframework.cloud.netflix.eureka.http.EurekaApplications]
2025-11-19T14:45:18.927+01:00 DEBUG 11052 --- [catalogue-service] [beatExecutor-%d] o.s.web.client.RestTemplate              : HTTP PUT http://localhost:8761/eureka/apps/CATALOGUE-SERVICE/192.168.1.122:catalogue-service:8084?status=UP&lastDirtyTimestamp=1763559558766
2025-11-19T14:45:18.928+01:00 DEBUG 11052 --- [catalogue-service] [beatExecutor-%d] o.s.web.client.RestTemplate              : Accept=[application/json, application/*+json]
2025-11-19T14:45:18.937+01:00 DEBUG 11052 --- [catalogue-service] [beatExecutor-%d] o.s.web.client.RestTemplate              : Response 200 OK
2025-11-19T14:45:18.948+01:00 DEBUG 11052 --- [catalogue-service] [reshExecutor-%d] o.s.web.client.RestTemplate              : HTTP GET http://localhost:8761/eureka/apps/delta
2025-11-19T14:45:18.950+01:00 DEBUG 11052 --- [catalogue-service] [reshExecutor-%d] o.s.web.client.RestTemplate              : Accept=[application/json, application/*+json]
2025-11-19T14:45:18.960+01:00 DEBUG 11052 --- [catalogue-service] [reshExecutor-%d] o.s.web.client.RestTemplate              : Response 200 OK
2025-11-19T14:45:18.961+01:00 DEBUG 11052 --- [catalogue-service] [reshExecutor-%d] o.s.web.client.RestTemplate              : Reading to [org.springframework.cloud.netflix.eureka.http.EurekaApplications]
2025-11-19T14:45:48.940+01:00 DEBUG 11052 --- [catalogue-service] [beatExecutor-%d] o.s.web.client.RestTemplate              : HTTP PUT http://localhost:8761/eureka/apps/CATALOGUE-SERVICE/192.168.1.122:catalogue-service:8084?status=UP&lastDirtyTimestamp=1763559558766
2025-11-19T14:45:48.941+01:00 DEBUG 11052 --- [catalogue-service] [beatExecutor-%d] o.s.web.client.RestTemplate              : Accept=[application/json, application/*+json]
2025-11-19T14:45:48.949+01:00 DEBUG 11052 --- [catalogue-service] [beatExecutor-%d] o.s.web.client.RestTemplate              : Response 200 OK
2025-11-19T14:45:48.964+01:00 DEBUG 11052 --- [catalogue-service] [reshExecutor-%d] o.s.web.client.RestTemplate              : HTTP GET http://localhost:8761/eureka/apps/delta
2025-11-19T14:45:48.966+01:00 DEBUG 11052 --- [catalogue-service] [reshExecutor-%d] o.s.web.client.RestTemplate              : Accept=[application/json, application/*+json]
2025-11-19T14:45:48.974+01:00 DEBUG 11052 --- [catalogue-service] [reshExecutor-%d] o.s.web.client.RestTemplate              : Response 200 OK
2025-11-19T14:45:48.975+01:00 DEBUG 11052 --- [catalogue-service] [reshExecutor-%d] o.s.web.client.RestTemplate              : Reading to [org.springframework.cloud.netflix.eureka.http.EurekaApplications]
2025-11-19T14:46:18.952+01:00 DEBUG 11052 --- [catalogue-service] [beatExecutor-%d] o.s.web.client.RestTemplate              : HTTP PUT http://localhost:8761/eureka/apps/CATALOGUE-SERVICE/192.168.1.122:catalogue-service:8084?status=UP&lastDirtyTimestamp=1763559558766
2025-11-19T14:46:18.953+01:00 DEBUG 11052 --- [catalogue-service] [beatExecutor-%d] o.s.web.client.RestTemplate              : Accept=[application/json, application/*+json]
2025-11-19T14:46:18.962+01:00 DEBUG 11052 --- [catalogue-service] [beatExecutor-%d] o.s.web.client.RestTemplate              : Response 200 OK
2025-11-19T14:46:18.978+01:00 DEBUG 11052 --- [catalogue-service] [reshExecutor-%d] o.s.web.client.RestTemplate              : HTTP GET http://localhost:8761/eureka/apps/delta
2025-11-19T14:46:18.979+01:00 DEBUG 11052 --- [catalogue-service] [reshExecutor-%d] o.s.web.client.RestTemplate              : Accept=[application/json, application/*+json]
2025-11-19T14:46:18.987+01:00 DEBUG 11052 --- [catalogue-service] [reshExecutor-%d] o.s.web.client.RestTemplate              : Response 200 OK
2025-11-19T14:46:18.987+01:00 DEBUG 11052 --- [catalogue-service] [reshExecutor-%d] o.s.web.client.RestTemplate              : Reading to [org.springframework.cloud.netflix.eureka.http.EurekaApplications]
2025-11-19T14:46:48.965+01:00 DEBUG 11052 --- [catalogue-service] [beatExecutor-%d] o.s.web.client.RestTemplate              : HTTP PUT http://localhost:8761/eureka/apps/CATALOGUE-SERVICE/192.168.1.122:catalogue-service:8084?status=UP&lastDirtyTimestamp=1763559558766
2025-11-19T14:46:48.966+01:00 DEBUG 11052 --- [catalogue-service] [beatExecutor-%d] o.s.web.client.RestTemplate              : Accept=[application/json, application/*+json]
2025-11-19T14:46:48.976+01:00 DEBUG 11052 --- [catalogue-service] [beatExecutor-%d] o.s.web.client.RestTemplate              : Response 200 OK
2025-11-19T14:46:48.990+01:00 DEBUG 11052 --- [catalogue-service] [reshExecutor-%d] o.s.web.client.RestTemplate              : HTTP GET http://localhost:8761/eureka/apps/delta
2025-11-19T14:46:48.991+01:00 DEBUG 11052 --- [catalogue-service] [reshExecutor-%d] o.s.web.client.RestTemplate              : Accept=[application/json, application/*+json]
2025-11-19T14:46:48.999+01:00 DEBUG 11052 --- [catalogue-service] [reshExecutor-%d] o.s.web.client.RestTemplate              : Response 200 OK
2025-11-19T14:46:49.000+01:00 DEBUG 11052 --- [catalogue-service] [reshExecutor-%d] o.s.web.client.RestTemplate              : Reading to [org.springframework.cloud.netflix.eureka.http.EurekaApplications]
2025-11-19T14:47:18.978+01:00 DEBUG 11052 --- [catalogue-service] [beatExecutor-%d] o.s.web.client.RestTemplate              : HTTP PUT http://localhost:8761/eureka/apps/CATALOGUE-SERVICE/192.168.1.122:catalogue-service:8084?status=UP&lastDirtyTimestamp=1763559558766
2025-11-19T14:47:18.979+01:00 DEBUG 11052 --- [catalogue-service] [beatExecutor-%d] o.s.web.client.RestTemplate              : Accept=[application/json, application/*+json]
2025-11-19T14:47:18.988+01:00 DEBUG 11052 --- [catalogue-service] [beatExecutor-%d] o.s.web.client.RestTemplate              : Response 200 OK
2025-11-19T14:47:19.005+01:00 DEBUG 11052 --- [catalogue-service] [reshExecutor-%d] o.s.web.client.RestTemplate              : HTTP GET http://localhost:8761/eureka/apps/delta
2025-11-19T14:47:19.006+01:00 DEBUG 11052 --- [catalogue-service] [reshExecutor-%d] o.s.web.client.RestTemplate              : Accept=[application/json, application/*+json]
2025-11-19T14:47:19.014+01:00 DEBUG 11052 --- [catalogue-service] [reshExecutor-%d] o.s.web.client.RestTemplate              : Response 200 OK
2025-11-19T14:47:19.014+01:00 DEBUG 11052 --- [catalogue-service] [reshExecutor-%d] o.s.web.client.RestTemplate              : Reading to [org.springframework.cloud.netflix.eureka.http.EurekaApplications]
2025-11-19T14:47:48.991+01:00 DEBUG 11052 --- [catalogue-service] [beatExecutor-%d] o.s.web.client.RestTemplate              : HTTP PUT http://localhost:8761/eureka/apps/CATALOGUE-SERVICE/192.168.1.122:catalogue-service:8084?status=UP&lastDirtyTimestamp=1763559558766
2025-11-19T14:47:48.992+01:00 DEBUG 11052 --- [catalogue-service] [beatExecutor-%d] o.s.web.client.RestTemplate              : Accept=[application/json, application/*+json]
2025-11-19T14:47:49.000+01:00 DEBUG 11052 --- [catalogue-service] [beatExecutor-%d] o.s.web.client.RestTemplate              : Response 200 OK
2025-11-19T14:47:49.017+01:00 DEBUG 11052 --- [catalogue-service] [reshExecutor-%d] o.s.web.client.RestTemplate              : HTTP GET http://localhost:8761/eureka/apps/delta
2025-11-19T14:47:49.018+01:00 DEBUG 11052 --- [catalogue-service] [reshExecutor-%d] o.s.web.client.RestTemplate              : Accept=[application/json, application/*+json]
2025-11-19T14:47:49.026+01:00 DEBUG 11052 --- [catalogue-service] [reshExecutor-%d] o.s.web.client.RestTemplate              : Response 200 OK
2025-11-19T14:47:49.027+01:00 DEBUG 11052 --- [catalogue-service] [reshExecutor-%d] o.s.web.client.RestTemplate              : Reading to [org.springframework.cloud.netflix.eureka.http.EurekaApplications]
2025-11-19T14:48:19.002+01:00 DEBUG 11052 --- [catalogue-service] [beatExecutor-%d] o.s.web.client.RestTemplate              : HTTP PUT http://localhost:8761/eureka/apps/CATALOGUE-SERVICE/192.168.1.122:catalogue-service:8084?status=UP&lastDirtyTimestamp=1763559558766
2025-11-19T14:48:19.004+01:00 DEBUG 11052 --- [catalogue-service] [beatExecutor-%d] o.s.web.client.RestTemplate              : Accept=[application/json, application/*+json]
2025-11-19T14:48:19.012+01:00 DEBUG 11052 --- [catalogue-service] [beatExecutor-%d] o.s.web.client.RestTemplate              : Response 200 OK
2025-11-19T14:48:19.031+01:00 DEBUG 11052 --- [catalogue-service] [reshExecutor-%d] o.s.web.client.RestTemplate              : HTTP GET http://localhost:8761/eureka/apps/delta
2025-11-19T14:48:19.032+01:00 DEBUG 11052 --- [catalogue-service] [reshExecutor-%d] o.s.web.client.RestTemplate              : Accept=[application/json, application/*+json]
2025-11-19T14:48:19.039+01:00 DEBUG 11052 --- [catalogue-service] [reshExecutor-%d] o.s.web.client.RestTemplate              : Response 200 OK
2025-11-19T14:48:19.040+01:00 DEBUG 11052 --- [catalogue-service] [reshExecutor-%d] o.s.web.client.RestTemplate              : Reading to [org.springframework.cloud.netflix.eureka.http.EurekaApplications]
2025-11-19T14:48:49.014+01:00 DEBUG 11052 --- [catalogue-service] [beatExecutor-%d] o.s.web.client.RestTemplate              : HTTP PUT http://localhost:8761/eureka/apps/CATALOGUE-SERVICE/192.168.1.122:catalogue-service:8084?status=UP&lastDirtyTimestamp=1763559558766
2025-11-19T14:48:49.015+01:00 DEBUG 11052 --- [catalogue-service] [beatExecutor-%d] o.s.web.client.RestTemplate              : Accept=[application/json, application/*+json]
2025-11-19T14:48:49.023+01:00 DEBUG 11052 --- [catalogue-service] [beatExecutor-%d] o.s.web.client.RestTemplate              : Response 200 OK
2025-11-19T14:48:49.043+01:00 DEBUG 11052 --- [catalogue-service] [reshExecutor-%d] o.s.web.client.RestTemplate              : HTTP GET http://localhost:8761/eureka/apps/delta
2025-11-19T14:48:49.044+01:00 DEBUG 11052 --- [catalogue-service] [reshExecutor-%d] o.s.web.client.RestTemplate              : Accept=[application/json, application/*+json]
2025-11-19T14:48:49.050+01:00 DEBUG 11052 --- [catalogue-service] [reshExecutor-%d] o.s.web.client.RestTemplate              : Response 200 OK
2025-11-19T14:48:49.051+01:00 DEBUG 11052 --- [catalogue-service] [reshExecutor-%d] o.s.web.client.RestTemplate              : Reading to [org.springframework.cloud.netflix.eureka.http.EurekaApplications]
2025-11-19T14:49:17.753+01:00  INFO 11052 --- [catalogue-service] [rap-executor-%d] c.n.d.s.r.aws.ConfigClusterResolver      : Resolving eureka endpoints via configuration
2025-11-19T14:49:19.026+01:00 DEBUG 11052 --- [catalogue-service] [beatExecutor-%d] o.s.web.client.RestTemplate              : HTTP PUT http://localhost:8761/eureka/apps/CATALOGUE-SERVICE/192.168.1.122:catalogue-service:8084?status=UP&lastDirtyTimestamp=1763559558766
2025-11-19T14:49:19.027+01:00 DEBUG 11052 --- [catalogue-service] [beatExecutor-%d] o.s.web.client.RestTemplate              : Accept=[application/json, application/*+json]
2025-11-19T14:49:19.034+01:00 DEBUG 11052 --- [catalogue-service] [beatExecutor-%d] o.s.web.client.RestTemplate              : Response 200 OK
2025-11-19T14:49:19.054+01:00 DEBUG 11052 --- [catalogue-service] [reshExecutor-%d] o.s.web.client.RestTemplate              : HTTP GET http://localhost:8761/eureka/apps/delta
2025-11-19T14:49:19.055+01:00 DEBUG 11052 --- [catalogue-service] [reshExecutor-%d] o.s.web.client.RestTemplate              : Accept=[application/json, application/*+json]
2025-11-19T14:49:19.062+01:00 DEBUG 11052 --- [catalogue-service] [reshExecutor-%d] o.s.web.client.RestTemplate              : Response 200 OK
2025-11-19T14:49:19.062+01:00 DEBUG 11052 --- [catalogue-service] [reshExecutor-%d] o.s.web.client.RestTemplate              : Reading to [org.springframework.cloud.netflix.eureka.http.EurekaApplications]
2025-11-19T14:49:49.036+01:00 DEBUG 11052 --- [catalogue-service] [beatExecutor-%d] o.s.web.client.RestTemplate              : HTTP PUT http://localhost:8761/eureka/apps/CATALOGUE-SERVICE/192.168.1.122:catalogue-service:8084?status=UP&lastDirtyTimestamp=1763559558766
2025-11-19T14:49:49.037+01:00 DEBUG 11052 --- [catalogue-service] [beatExecutor-%d] o.s.web.client.RestTemplate              : Accept=[application/json, application/*+json]
2025-11-19T14:49:49.045+01:00 DEBUG 11052 --- [catalogue-service] [beatExecutor-%d] o.s.web.client.RestTemplate              : Response 200 OK
2025-11-19T14:49:49.065+01:00 DEBUG 11052 --- [catalogue-service] [reshExecutor-%d] o.s.web.client.RestTemplate              : HTTP GET http://localhost:8761/eureka/apps/delta
2025-11-19T14:49:49.067+01:00 DEBUG 11052 --- [catalogue-service] [reshExecutor-%d] o.s.web.client.RestTemplate              : Accept=[application/json, application/*+json]
2025-11-19T14:49:49.073+01:00 DEBUG 11052 --- [catalogue-service] [reshExecutor-%d] o.s.web.client.RestTemplate              : Response 200 OK
2025-11-19T14:49:49.074+01:00 DEBUG 11052 --- [catalogue-service] [reshExecutor-%d] o.s.web.client.RestTemplate              : Reading to [org.springframework.cloud.netflix.eureka.http.EurekaApplications]
2025-11-19T14:50:19.065+01:00 DEBUG 11052 --- [catalogue-service] [beatExecutor-%d] o.s.web.client.RestTemplate              : HTTP PUT http://localhost:8761/eureka/apps/CATALOGUE-SERVICE/192.168.1.122:catalogue-service:8084?status=UP&lastDirtyTimestamp=1763559558766
2025-11-19T14:50:19.080+01:00 DEBUG 11052 --- [catalogue-service] [reshExecutor-%d] o.s.web.client.RestTemplate              : HTTP GET http://localhost:8761/eureka/apps/delta
2025-11-19T14:50:19.084+01:00 DEBUG 11052 --- [catalogue-service] [reshExecutor-%d] o.s.web.client.RestTemplate              : Accept=[application/json, application/*+json]
2025-11-19T14:50:19.095+01:00 DEBUG 11052 --- [catalogue-service] [beatExecutor-%d] o.s.web.client.RestTemplate              : Accept=[application/json, application/*+json]
2025-11-19T14:50:19.101+01:00 DEBUG 11052 --- [catalogue-service] [reshExecutor-%d] o.s.web.client.RestTemplate              : Response 200 OK
2025-11-19T14:50:19.103+01:00 DEBUG 11052 --- [catalogue-service] [reshExecutor-%d] o.s.web.client.RestTemplate              : Reading to [org.springframework.cloud.netflix.eureka.http.EurekaApplications]
2025-11-19T14:50:19.108+01:00 DEBUG 11052 --- [catalogue-service] [beatExecutor-%d] o.s.web.client.RestTemplate              : Response 200 OK
2025-11-19T14:50:49.108+01:00 DEBUG 11052 --- [catalogue-service] [reshExecutor-%d] o.s.web.client.RestTemplate              : HTTP GET http://localhost:8761/eureka/apps/delta
2025-11-19T14:50:49.109+01:00 DEBUG 11052 --- [catalogue-service] [reshExecutor-%d] o.s.web.client.RestTemplate              : Accept=[application/json, application/*+json]
2025-11-19T14:50:49.114+01:00 DEBUG 11052 --- [catalogue-service] [beatExecutor-%d] o.s.web.client.RestTemplate              : HTTP PUT http://localhost:8761/eureka/apps/CATALOGUE-SERVICE/192.168.1.122:catalogue-service:8084?status=UP&lastDirtyTimestamp=1763559558766
2025-11-19T14:50:49.115+01:00 DEBUG 11052 --- [catalogue-service] [beatExecutor-%d] o.s.web.client.RestTemplate              : Accept=[application/json, application/*+json]
2025-11-19T14:50:49.115+01:00 DEBUG 11052 --- [catalogue-service] [reshExecutor-%d] o.s.web.client.RestTemplate              : Response 200 OK
2025-11-19T14:50:49.116+01:00 DEBUG 11052 --- [catalogue-service] [reshExecutor-%d] o.s.web.client.RestTemplate              : Reading to [org.springframework.cloud.netflix.eureka.http.EurekaApplications]
2025-11-19T14:50:49.122+01:00 DEBUG 11052 --- [catalogue-service] [beatExecutor-%d] o.s.web.client.RestTemplate              : Response 200 OK
2025-11-19T14:51:19.124+01:00 DEBUG 11052 --- [catalogue-service] [beatExecutor-%d] o.s.web.client.RestTemplate              : HTTP PUT http://localhost:8761/eureka/apps/CATALOGUE-SERVICE/192.168.1.122:catalogue-service:8084?status=UP&lastDirtyTimestamp=1763559558766
2025-11-19T14:51:19.126+01:00 DEBUG 11052 --- [catalogue-service] [beatExecutor-%d] o.s.web.client.RestTemplate              : Accept=[application/json, application/*+json]
2025-11-19T14:51:19.127+01:00 DEBUG 11052 --- [catalogue-service] [reshExecutor-%d] o.s.web.client.RestTemplate              : HTTP GET http://localhost:8761/eureka/apps/delta
2025-11-19T14:51:19.136+01:00 DEBUG 11052 --- [catalogue-service] [beatExecutor-%d] o.s.web.client.RestTemplate              : Response 200 OK
2025-11-19T14:51:19.146+01:00 DEBUG 11052 --- [catalogue-service] [reshExecutor-%d] o.s.web.client.RestTemplate              : Accept=[application/json, application/*+json]
2025-11-19T14:51:19.154+01:00 DEBUG 11052 --- [catalogue-service] [reshExecutor-%d] o.s.web.client.RestTemplate              : Response 200 OK
2025-11-19T14:51:19.155+01:00 DEBUG 11052 --- [catalogue-service] [reshExecutor-%d] o.s.web.client.RestTemplate              : Reading to [org.springframework.cloud.netflix.eureka.http.EurekaApplications]
2025-11-19T14:51:49.138+01:00 DEBUG 11052 --- [catalogue-service] [beatExecutor-%d] o.s.web.client.RestTemplate              : HTTP PUT http://localhost:8761/eureka/apps/CATALOGUE-SERVICE/192.168.1.122:catalogue-service:8084?status=UP&lastDirtyTimestamp=1763559558766
2025-11-19T14:51:49.139+01:00 DEBUG 11052 --- [catalogue-service] [beatExecutor-%d] o.s.web.client.RestTemplate              : Accept=[application/json, application/*+json]
2025-11-19T14:51:49.146+01:00 DEBUG 11052 --- [catalogue-service] [beatExecutor-%d] o.s.web.client.RestTemplate              : Response 200 OK
2025-11-19T14:51:49.158+01:00 DEBUG 11052 --- [catalogue-service] [reshExecutor-%d] o.s.web.client.RestTemplate              : HTTP GET http://localhost:8761/eureka/apps/delta
2025-11-19T14:51:49.159+01:00 DEBUG 11052 --- [catalogue-service] [reshExecutor-%d] o.s.web.client.RestTemplate              : Accept=[application/json, application/*+json]
2025-11-19T14:51:49.165+01:00 DEBUG 11052 --- [catalogue-service] [reshExecutor-%d] o.s.web.client.RestTemplate              : Response 200 OK
2025-11-19T14:51:49.166+01:00 DEBUG 11052 --- [catalogue-service] [reshExecutor-%d] o.s.web.client.RestTemplate              : Reading to [org.springframework.cloud.netflix.eureka.http.EurekaApplications]
ations]
2025-11-19T14:50:19.108+01:00 DEBUG 11052 --- [catalogue-service] [DiscoveryClient-HeartbeatExecutor-%d] o.s.web.client.RestTemplate              : Response 200 OK
2025-11-19T14:50:49.108+01:00 DEBUG 11052 --- [catalogue-service] [DiscoveryClient-CacheRefreshExecutor-%d] o.s.web.client.RestTemplate              : HTTP GET http://localhost:8761/eureka/apps/delta
2025-11-19T14:50:49.109+01:00 DEBUG 11052 --- [catalogue-service] [DiscoveryClient-CacheRefreshExecutor-%d] o.s.web.client.RestTemplate              : Accept=[application/json, application/*+json]
2025-11-19T14:50:49.114+01:00 DEBUG 11052 --- [catalogue-service] [DiscoveryClient-HeartbeatExecutor-%d] o.s.web.client.RestTemplate              : HTTP PUT http://localhost:8761/eureka/apps/CATALOGUE-SERVICE/192.168.1.122:catalogue-service:8084?status=UP&lastDirtyTimestamp=1763559558766
2025-11-19T14:50:49.115+01:00 DEBUG 11052 --- [catalogue-service] [DiscoveryClient-HeartbeatExecutor-%d] o.s.web.client.RestTemplate              : Accept=[application/json, application/*+json]
2025-11-19T14:50:49.115+01:00 DEBUG 11052 --- [catalogue-service] [DiscoveryClient-CacheRefreshExecutor-%d] o.s.web.client.RestTemplate              : Response 200 OK
2025-11-19T14:50:49.116+01:00 DEBUG 11052 --- [catalogue-service] [DiscoveryClient-CacheRefreshExecutor-%d] o.s.web.client.RestTemplate              : Reading to [org.springframework.cloud.netflix.eureka.http.EurekaApplications]
2025-11-19T14:50:49.122+01:00 DEBUG 11052 --- [catalogue-service] [DiscoveryClient-HeartbeatExecutor-%d] o.s.web.client.RestTemplate              : Response 200 OK
2025-11-19T14:51:19.124+01:00 DEBUG 11052 --- [catalogue-service] [DiscoveryClient-HeartbeatExecutor-%d] o.s.web.client.RestTemplate              : HTTP PUT http://localhost:8761/eureka/apps/CATALOGUE-SERVICE/192.168.1.122:catalogue-service:8084?status=UP&lastDirtyTimestamp=1763559558766
2025-11-19T14:51:19.126+01:00 DEBUG 11052 --- [catalogue-service] [DiscoveryClient-HeartbeatExecutor-%d] o.s.web.client.RestTemplate              : Accept=[application/json, application/*+json]
2025-11-19T14:51:19.127+01:00 DEBUG 11052 --- [catalogue-service] [DiscoveryClient-CacheRefreshExecutor-%d] o.s.web.client.RestTemplate              : HTTP GET http://localhost:8761/eureka/apps/delta
2025-11-19T14:51:19.136+01:00 DEBUG 11052 --- [catalogue-service] [DiscoveryClient-HeartbeatExecutor-%d] o.s.web.client.RestTemplate              : Response 200 OK
2025-11-19T14:51:19.146+01:00 DEBUG 11052 --- [catalogue-service] [DiscoveryClient-CacheRefreshExecutor-%d] o.s.web.client.RestTemplate              : Accept=[application/json, application/*+json]
2025-11-19T14:51:19.154+01:00 DEBUG 11052 --- [catalogue-service] [DiscoveryClient-CacheRefreshExecutor-%d] o.s.web.client.RestTemplate              : Response 200 OK
2025-11-19T14:51:19.155+01:00 DEBUG 11052 --- [catalogue-service] [DiscoveryClient-CacheRefreshExecutor-%d] o.s.web.client.RestTemplate              : Reading to [org.springframework.cloud.netflix.eureka.http.EurekaApplications]
2025-11-19T14:51:49.138+01:00 DEBUG 11052 --- [catalogue-service] [DiscoveryClient-HeartbeatExecutor-%d] o.s.web.client.RestTemplate              : HTTP PUT http://localhost:8761/eureka/apps/CATALOGUE-SERVICE/192.168.1.122:catalogue-service:8084?status=UP&lastDirtyTimestamp=1763559558766
2025-11-19T14:51:49.139+01:00 DEBUG 11052 --- [catalogue-service] [DiscoveryClient-HeartbeatExecutor-%d] o.s.web.client.RestTemplate              : Accept=[application/json, application/*+json]
2025-11-19T14:51:49.146+01:00 DEBUG 11052 --- [catalogue-service] [DiscoveryClient-HeartbeatExecutor-%d] o.s.web.client.RestTemplate              : Response 200 OK
2025-11-19T14:51:49.158+01:00 DEBUG 11052 --- [catalogue-service] [DiscoveryClient-CacheRefreshExecutor-%d] o.s.web.client.RestTemplate              : HTTP GET http://localhost:8761/eureka/apps/delta
2025-11-19T14:51:49.159+01:00 DEBUG 11052 --- [catalogue-service] [DiscoveryClient-CacheRefreshExecutor-%d] o.s.web.client.RestTemplate              : Accept=[application/json, application/*+json]
2025-11-19T14:51:49.165+01:00 DEBUG 11052 --- [catalogue-service] [DiscoveryClient-CacheRefreshExecutor-%d] o.s.web.client.RestTemplate              : Response 200 OK
2025-11-19T14:51:49.166+01:00 DEBUG 11052 --- [catalogue-service] [DiscoveryClient-CacheRefreshExecutor-%d] o.s.web.client.RestTemplate              : Reading to [org.springframework.cloud.netflix.eureka.http.EurekaApplications]
