[[1;34mINFO[m] Scanning for projects...
[[1;33mWARNING[m] 
[[1;33mWARNING[m] Some problems were encountered while building the effective model for tn.iteam:order-service:jar:0.0.1-SNAPSHOT
[[1;33mWARNING[m] 'dependencies.dependency.(groupId:artifactId:type:classifier)' must be unique: org.springframework.cloud:spring-cloud-starter-openfeign:jar -> duplicate declaration of version (?) @ line 94, column 21
[[1;33mWARNING[m] 
[[1;33mWARNING[m] It is highly recommended to fix these problems because they threaten the stability of your build.
[[1;33mWARNING[m] 
[[1;33mWARNING[m] For this reason, future Maven versions might no longer support building such malformed projects.
[[1;33mWARNING[m] 
[[1;34mINFO[m] 
[[1;34mINFO[m] [1m-----------------------< [0;36mtn.iteam:order-service[0;1m >-----------------------[m
[[1;34mINFO[m] [1mBuilding order-service 0.0.1-SNAPSHOT[m
[[1;34mINFO[m] [1m--------------------------------[ jar ]---------------------------------[m
[[1;34mINFO[m] 
[[1;34mINFO[m] [1m>>> [0;32mspring-boot-maven-plugin:3.3.5:run[m [1m(default-cli)[0;1m > [0;1mtest-compile[m @ [36morder-service[0;1m >>>[m
[[1;34mINFO[m] 
[[1;34mINFO[m] [1m--- [0;32mmaven-resources-plugin:3.3.1:resources[m [1m(default-resources)[m @ [36morder-service[0;1m ---[m
[[1;34mINFO[m] Copying 3 resources from src/main/resources to target/classes
[[1;34mINFO[m] Copying 0 resource from src/main/resources to target/classes
[[1;34mINFO[m] 
[[1;34mINFO[m] [1m--- [0;32mmaven-compiler-plugin:3.13.0:compile[m [1m(default-compile)[m @ [36morder-service[0;1m ---[m
[[1;34mINFO[m] Nothing to compile - all classes are up to date.
[[1;34mINFO[m] 
[[1;34mINFO[m] [1m--- [0;32mmaven-resources-plugin:3.3.1:testResources[m [1m(default-testResources)[m @ [36morder-service[0;1m ---[m
[[1;34mINFO[m] skip non existing resourceDirectory /home/imed/Documents/e-commerce-ms/order-service/src/test/resources
[[1;34mINFO[m] 
[[1;34mINFO[m] [1m--- [0;32mmaven-compiler-plugin:3.13.0:testCompile[m [1m(default-testCompile)[m @ [36morder-service[0;1m ---[m
[[1;34mINFO[m] Nothing to compile - all classes are up to date.
[[1;34mINFO[m] 
[[1;34mINFO[m] [1m<<< [0;32mspring-boot-maven-plugin:3.3.5:run[m [1m(default-cli)[0;1m < [0;1mtest-compile[m @ [36morder-service[0;1m <<<[m
[[1;34mINFO[m] 
[[1;34mINFO[m] 
[[1;34mINFO[m] [1m--- [0;32mspring-boot-maven-plugin:3.3.5:run[m [1m(default-cli)[m @ [36morder-service[0;1m ---[m
[[1;34mINFO[m] Attaching agents: []

  .   ____          _            __ _ _
 /\\ / ___'_ __ _ _(_)_ __  __ _ \ \ \ \
( ( )\___ | '_ | '_| | '_ \/ _` | \ \ \ \
 \\/  ___)| |_)| | | | | || (_| |  ) ) ) )
  '  |____| .__|_| |_|_| |_\__, | / / / /
 =========|_|==============|___/=/_/_/_/

 :: Spring Boot ::                (v3.3.5)

2025-10-21T21:06:46.480+01:00  INFO 20551 --- [order-service] [           main] t.i.o.OrderServiceApplication            : Starting OrderServiceApplication using Java 17.0.16 with PID 20551 (/home/imed/Documents/e-commerce-ms/order-service/target/classes started by imed in /home/imed/Documents/e-commerce-ms/order-service)
2025-10-21T21:06:46.488+01:00  INFO 20551 --- [order-service] [           main] t.i.o.OrderServiceApplication            : The following 1 profile is active: "local"
2025-10-21T21:06:47.745+01:00  INFO 20551 --- [order-service] [           main] .s.d.r.c.RepositoryConfigurationDelegate : Multiple Spring Data modules found, entering strict repository configuration mode
2025-10-21T21:06:47.748+01:00  INFO 20551 --- [order-service] [           main] .s.d.r.c.RepositoryConfigurationDelegate : Bootstrapping Spring Data JDBC repositories in DEFAULT mode.
2025-10-21T21:06:47.787+01:00  INFO 20551 --- [order-service] [           main] .RepositoryConfigurationExtensionSupport : Spring Data JDBC - Could not safely identify store assignment for repository candidate interface tn.iteam.orderservice.repositories.OrderRepository; If you want this repository to be a JDBC repository, consider annotating your entities with one of these annotations: org.springframework.data.relational.core.mapping.Table.
2025-10-21T21:06:47.788+01:00  INFO 20551 --- [order-service] [           main] .s.d.r.c.RepositoryConfigurationDelegate : Finished Spring Data repository scanning in 35 ms. Found 0 JDBC repository interfaces.
2025-10-21T21:06:47.802+01:00  INFO 20551 --- [order-service] [           main] .s.d.r.c.RepositoryConfigurationDelegate : Multiple Spring Data modules found, entering strict repository configuration mode
2025-10-21T21:06:47.803+01:00  INFO 20551 --- [order-service] [           main] .s.d.r.c.RepositoryConfigurationDelegate : Bootstrapping Spring Data JPA repositories in DEFAULT mode.
2025-10-21T21:06:47.944+01:00  INFO 20551 --- [order-service] [           main] .s.d.r.c.RepositoryConfigurationDelegate : Finished Spring Data repository scanning in 136 ms. Found 1 JPA repository interface.
2025-10-21T21:06:48.372+01:00  INFO 20551 --- [order-service] [           main] o.s.cloud.context.scope.GenericScope     : BeanFactory id=39ea3e2d-46a9-3f38-937b-f49e300a873f
2025-10-21T21:06:48.792+01:00  WARN 20551 --- [order-service] [           main] trationDelegate$BeanPostProcessorChecker : Bean 'org.springframework.cloud.client.loadbalancer.LoadBalancerAutoConfiguration$DeferringLoadBalancerInterceptorConfig' of type [org.springframework.cloud.client.loadbalancer.LoadBalancerAutoConfiguration$DeferringLoadBalancerInterceptorConfig] is not eligible for getting processed by all BeanPostProcessors (for example: not eligible for auto-proxying). The currently created BeanPostProcessor [lbRestClientPostProcessor] is declared through a non-static factory method on that class; consider declaring it as static instead.
2025-10-21T21:06:48.797+01:00  WARN 20551 --- [order-service] [           main] trationDelegate$BeanPostProcessorChecker : Bean 'deferringLoadBalancerInterceptor' of type [org.springframework.cloud.client.loadbalancer.DeferringLoadBalancerInterceptor] is not eligible for getting processed by all BeanPostProcessors (for example: not eligible for auto-proxying). Is this bean getting eagerly injected/applied to a currently created BeanPostProcessor [lbRestClientPostProcessor]? Check the corresponding BeanPostProcessor declaration and its dependencies/advisors. If this bean does not have to be post-processed, declare it with ROLE_INFRASTRUCTURE.
2025-10-21T21:06:49.133+01:00  INFO 20551 --- [order-service] [           main] o.s.b.w.embedded.tomcat.TomcatWebServer  : Tomcat initialized with port 8082 (http)
2025-10-21T21:06:49.148+01:00  INFO 20551 --- [order-service] [           main] o.apache.catalina.core.StandardService   : Starting service [Tomcat]
2025-10-21T21:06:49.148+01:00  INFO 20551 --- [order-service] [           main] o.apache.catalina.core.StandardEngine    : Starting Servlet engine: [Apache Tomcat/10.1.31]
2025-10-21T21:06:49.220+01:00  INFO 20551 --- [order-service] [           main] o.a.c.c.C.[Tomcat].[localhost].[/]       : Initializing Spring embedded WebApplicationContext
2025-10-21T21:06:49.220+01:00  INFO 20551 --- [order-service] [           main] w.s.c.ServletWebServerApplicationContext : Root WebApplicationContext: initialization completed in 2679 ms
2025-10-21T21:06:49.658+01:00  INFO 20551 --- [order-service] [           main] o.hibernate.jpa.internal.util.LogHelper  : HHH000204: Processing PersistenceUnitInfo [name: default]
2025-10-21T21:06:49.720+01:00  INFO 20551 --- [order-service] [           main] org.hibernate.Version                    : HHH000412: Hibernate ORM core version 6.5.3.Final
2025-10-21T21:06:49.754+01:00  INFO 20551 --- [order-service] [           main] o.h.c.internal.RegionFactoryInitiator    : HHH000026: Second-level cache disabled
2025-10-21T21:06:50.108+01:00  INFO 20551 --- [order-service] [           main] o.s.o.j.p.SpringPersistenceUnitInfo      : No LoadTimeWeaver setup: ignoring JPA class transformer
2025-10-21T21:06:50.140+01:00  INFO 20551 --- [order-service] [           main] com.zaxxer.hikari.HikariDataSource       : HikariPool-1 - Starting...
2025-10-21T21:06:50.338+01:00  INFO 20551 --- [order-service] [           main] com.zaxxer.hikari.pool.HikariPool        : HikariPool-1 - Added connection com.mysql.cj.jdbc.ConnectionImpl@b2e1df3
2025-10-21T21:06:50.341+01:00  INFO 20551 --- [order-service] [           main] com.zaxxer.hikari.HikariDataSource       : HikariPool-1 - Start completed.
2025-10-21T21:06:50.372+01:00  WARN 20551 --- [order-service] [           main] org.hibernate.orm.deprecation            : HHH90000025: MySQL8Dialect does not need to be specified explicitly using 'hibernate.dialect' (remove the property setting and it will be selected by default)
2025-10-21T21:06:50.374+01:00  WARN 20551 --- [order-service] [           main] org.hibernate.orm.deprecation            : HHH90000026: MySQL8Dialect has been deprecated; use org.hibernate.dialect.MySQLDialect instead
2025-10-21T21:06:51.434+01:00  INFO 20551 --- [order-service] [           main] o.h.e.t.j.p.i.JtaPlatformInitiator       : HHH000489: No JTA platform available (set 'hibernate.transaction.jta.platform' to enable JTA platform integration)
2025-10-21T21:06:51.517+01:00  INFO 20551 --- [order-service] [           main] j.LocalContainerEntityManagerFactoryBean : Initialized JPA EntityManagerFactory for persistence unit 'default'
2025-10-21T21:06:52.082+01:00  WARN 20551 --- [order-service] [           main] JpaBaseConfiguration$JpaWebConfiguration : spring.jpa.open-in-view is enabled by default. Therefore, database queries may be performed during view rendering. Explicitly configure spring.jpa.open-in-view to disable this warning
2025-10-21T21:06:52.314+01:00  INFO 20551 --- [order-service] [           main] o.s.c.openfeign.FeignClientFactoryBean   : For 'AUTH-REGISTER-SERVICE' URL not provided. Will try picking an instance via load-balancing.
2025-10-21T21:06:52.423+01:00  INFO 20551 --- [order-service] [           main] o.s.c.openfeign.FeignClientFactoryBean   : For 'kafka-service' URL not provided. Will try picking an instance via load-balancing.
2025-10-21T21:06:52.458+01:00  INFO 20551 --- [order-service] [           main] o.s.c.openfeign.FeignClientFactoryBean   : For 'CATALOGUE-SERVICE' URL not provided. Will try picking an instance via load-balancing.
2025-10-21T21:06:52.573+01:00  WARN 20551 --- [order-service] [           main] .s.s.UserDetailsServiceAutoConfiguration : 

Using generated security password: 38434cbf-94bc-465b-b97b-06d19f03c932

This generated password is for development use only. Your security configuration must be updated before running your application in production.

2025-10-21T21:06:52.599+01:00  INFO 20551 --- [order-service] [           main] r$InitializeUserDetailsManagerConfigurer : Global AuthenticationManager configured with UserDetailsService bean with name inMemoryUserDetailsManager
2025-10-21T21:06:53.174+01:00  INFO 20551 --- [order-service] [           main] o.s.b.a.e.web.EndpointLinksResolver      : Exposing 5 endpoints beneath base path '/actuator'
2025-10-21T21:06:54.090+01:00  INFO 20551 --- [order-service] [           main] DiscoveryClientOptionalArgsConfiguration : Eureka HTTP Client uses RestTemplate.
2025-10-21T21:06:54.149+01:00  WARN 20551 --- [order-service] [           main] iguration$LoadBalancerCaffeineWarnLogger : Spring Cloud LoadBalancer is currently working with the default cache. While this cache implementation is useful for development and tests, it's recommended to use Caffeine cache in production.You can switch to using Caffeine cache, by adding it and org.springframework.cache.caffeine.CaffeineCacheManager to the classpath.
2025-10-21T21:06:54.252+01:00  INFO 20551 --- [order-service] [           main] o.s.c.n.eureka.InstanceInfoFactory       : Setting initial instance status as: STARTING
2025-10-21T21:06:54.281+01:00  INFO 20551 --- [order-service] [           main] com.netflix.discovery.DiscoveryClient    : Initializing Eureka in region us-east-1
2025-10-21T21:06:54.286+01:00  INFO 20551 --- [order-service] [           main] c.n.d.s.r.aws.ConfigClusterResolver      : Resolving eureka endpoints via configuration
2025-10-21T21:06:54.297+01:00  INFO 20551 --- [order-service] [           main] com.netflix.discovery.DiscoveryClient    : Disable delta property : false
2025-10-21T21:06:54.297+01:00  INFO 20551 --- [order-service] [           main] com.netflix.discovery.DiscoveryClient    : Single vip registry refresh property : null
2025-10-21T21:06:54.297+01:00  INFO 20551 --- [order-service] [           main] com.netflix.discovery.DiscoveryClient    : Force full registry fetch : false
2025-10-21T21:06:54.297+01:00  INFO 20551 --- [order-service] [           main] com.netflix.discovery.DiscoveryClient    : Application is null : false
2025-10-21T21:06:54.297+01:00  INFO 20551 --- [order-service] [           main] com.netflix.discovery.DiscoveryClient    : Registered Applications size is zero : true
2025-10-21T21:06:54.298+01:00  INFO 20551 --- [order-service] [           main] com.netflix.discovery.DiscoveryClient    : Application version is -1: true
2025-10-21T21:06:54.298+01:00  INFO 20551 --- [order-service] [           main] com.netflix.discovery.DiscoveryClient    : Getting all instance registry info from the eureka server
2025-10-21T21:06:54.527+01:00 DEBUG 20551 --- [order-service] [           main] o.s.web.client.RestTemplate              : HTTP GET http://localhost:8761/eureka/apps/
2025-10-21T21:06:54.691+01:00 DEBUG 20551 --- [order-service] [           main] o.s.web.client.RestTemplate              : Accept=[application/json, application/*+json]
2025-10-21T21:06:54.746+01:00 DEBUG 20551 --- [order-service] [           main] o.s.web.client.RestTemplate              : Response 200 OK
2025-10-21T21:06:54.748+01:00 DEBUG 20551 --- [order-service] [           main] o.s.web.client.RestTemplate              : Reading to [org.springframework.cloud.netflix.eureka.http.EurekaApplications]
2025-10-21T21:06:54.783+01:00  INFO 20551 --- [order-service] [           main] com.netflix.discovery.DiscoveryClient    : The response status is 200
2025-10-21T21:06:54.786+01:00  INFO 20551 --- [order-service] [           main] com.netflix.discovery.DiscoveryClient    : Starting heartbeat executor: renew interval is: 30
2025-10-21T21:06:54.803+01:00  INFO 20551 --- [order-service] [           main] c.n.discovery.InstanceInfoReplicator     : InstanceInfoReplicator onDemand update allowed rate per min is 4
2025-10-21T21:06:54.805+01:00  INFO 20551 --- [order-service] [           main] com.netflix.discovery.DiscoveryClient    : Discovery Client initialized at timestamp 1761077214804 with initial instances count: 3
2025-10-21T21:06:54.814+01:00  INFO 20551 --- [order-service] [           main] o.s.c.n.e.s.EurekaServiceRegistry        : Registering application ORDER-SERVICE with eureka with status UP
2025-10-21T21:06:54.815+01:00  INFO 20551 --- [order-service] [           main] com.netflix.discovery.DiscoveryClient    : Saw local status change event StatusChangeEvent [timestamp=1761077214815, current=UP, previous=STARTING]
2025-10-21T21:06:54.818+01:00  INFO 20551 --- [order-service] [foReplicator-%d] com.netflix.discovery.DiscoveryClient    : DiscoveryClient_ORDER-SERVICE/192.168.189.1:order-service:8082: registering service...
2025-10-21T21:06:54.824+01:00 DEBUG 20551 --- [order-service] [foReplicator-%d] o.s.web.client.RestTemplate              : HTTP POST http://localhost:8761/eureka/apps/ORDER-SERVICE
2025-10-21T21:06:54.827+01:00 DEBUG 20551 --- [order-service] [foReplicator-%d] o.s.web.client.RestTemplate              : Accept=[application/json, application/*+json]
2025-10-21T21:06:54.838+01:00  INFO 20551 --- [order-service] [           main] o.s.b.w.embedded.tomcat.TomcatWebServer  : Tomcat started on port 8082 (http) with context path '/'
2025-10-21T21:06:54.840+01:00  INFO 20551 --- [order-service] [           main] .s.c.n.e.s.EurekaAutoServiceRegistration : Updating port to 8082
2025-10-21T21:06:54.847+01:00 DEBUG 20551 --- [order-service] [foReplicator-%d] o.s.web.client.RestTemplate              : Writing [InstanceInfo [instanceId = 192.168.189.1:order-service:8082, appName = ORDER-SERVICE, hostName = 192.168.1.169, status = UP, ipAddr = 192.168.1.169, port = 8082, securePort = 443, dataCenterInfo = com.netflix.appinfo.MyDataCenterInfo@23e54c8a] as "application/json"
2025-10-21T21:06:54.873+01:00  INFO 20551 --- [order-service] [           main] t.i.o.OrderServiceApplication            : Started OrderServiceApplication in 9.077 seconds (process running for 9.508)
2025-10-21T21:06:54.875+01:00 DEBUG 20551 --- [order-service] [foReplicator-%d] o.s.web.client.RestTemplate              : Response 204 NO_CONTENT
2025-10-21T21:06:54.876+01:00  INFO 20551 --- [order-service] [foReplicator-%d] com.netflix.discovery.DiscoveryClient    : DiscoveryClient_ORDER-SERVICE/192.168.189.1:order-service:8082 - registration status: 204
2025-10-21T21:07:24.800+01:00 DEBUG 20551 --- [order-service] [reshExecutor-%d] o.s.web.client.RestTemplate              : HTTP GET http://localhost:8761/eureka/apps/delta
2025-10-21T21:07:24.802+01:00 DEBUG 20551 --- [order-service] [reshExecutor-%d] o.s.web.client.RestTemplate              : Accept=[application/json, application/*+json]
2025-10-21T21:07:24.803+01:00 DEBUG 20551 --- [order-service] [beatExecutor-%d] o.s.web.client.RestTemplate              : HTTP PUT http://localhost:8761/eureka/apps/ORDER-SERVICE/192.168.189.1:order-service:8082?status=UP&lastDirtyTimestamp=1761077214815
2025-10-21T21:07:24.811+01:00 DEBUG 20551 --- [order-service] [reshExecutor-%d] o.s.web.client.RestTemplate              : Response 200 OK
2025-10-21T21:07:24.812+01:00 DEBUG 20551 --- [order-service] [reshExecutor-%d] o.s.web.client.RestTemplate              : Reading to [org.springframework.cloud.netflix.eureka.http.EurekaApplications]
2025-10-21T21:07:24.817+01:00 DEBUG 20551 --- [order-service] [beatExecutor-%d] o.s.web.client.RestTemplate              : Accept=[application/json, application/*+json]
2025-10-21T21:07:24.824+01:00 DEBUG 20551 --- [order-service] [beatExecutor-%d] o.s.web.client.RestTemplate              : Response 200 OK
2025-10-21T21:07:54.821+01:00 DEBUG 20551 --- [order-service] [reshExecutor-%d] o.s.web.client.RestTemplate              : HTTP GET http://localhost:8761/eureka/apps/delta
2025-10-21T21:07:54.822+01:00 DEBUG 20551 --- [order-service] [reshExecutor-%d] o.s.web.client.RestTemplate              : Accept=[application/json, application/*+json]
2025-10-21T21:07:54.825+01:00 DEBUG 20551 --- [order-service] [beatExecutor-%d] o.s.web.client.RestTemplate              : HTTP PUT http://localhost:8761/eureka/apps/ORDER-SERVICE/192.168.189.1:order-service:8082?status=UP&lastDirtyTimestamp=1761077214815
2025-10-21T21:07:54.827+01:00 DEBUG 20551 --- [order-service] [beatExecutor-%d] o.s.web.client.RestTemplate              : Accept=[application/json, application/*+json]
2025-10-21T21:07:54.830+01:00 DEBUG 20551 --- [order-service] [reshExecutor-%d] o.s.web.client.RestTemplate              : Response 200 OK
2025-10-21T21:07:54.830+01:00 DEBUG 20551 --- [order-service] [reshExecutor-%d] o.s.web.client.RestTemplate              : Reading to [org.springframework.cloud.netflix.eureka.http.EurekaApplications]
2025-10-21T21:07:54.834+01:00 DEBUG 20551 --- [order-service] [beatExecutor-%d] o.s.web.client.RestTemplate              : Response 200 OK
2025-10-21T21:08:24.836+01:00 DEBUG 20551 --- [order-service] [reshExecutor-%d] o.s.web.client.RestTemplate              : HTTP GET http://localhost:8761/eureka/apps/delta
2025-10-21T21:08:24.836+01:00 DEBUG 20551 --- [order-service] [beatExecutor-%d] o.s.web.client.RestTemplate              : HTTP PUT http://localhost:8761/eureka/apps/ORDER-SERVICE/192.168.189.1:order-service:8082?status=UP&lastDirtyTimestamp=1761077214815
2025-10-21T21:08:24.837+01:00 DEBUG 20551 --- [order-service] [beatExecutor-%d] o.s.web.client.RestTemplate              : Accept=[application/json, application/*+json]
2025-10-21T21:08:24.837+01:00 DEBUG 20551 --- [order-service] [reshExecutor-%d] o.s.web.client.RestTemplate              : Accept=[application/json, application/*+json]
2025-10-21T21:08:24.846+01:00 DEBUG 20551 --- [order-service] [beatExecutor-%d] o.s.web.client.RestTemplate              : Response 200 OK
2025-10-21T21:08:24.854+01:00 DEBUG 20551 --- [order-service] [reshExecutor-%d] o.s.web.client.RestTemplate              : Response 200 OK
2025-10-21T21:08:24.855+01:00 DEBUG 20551 --- [order-service] [reshExecutor-%d] o.s.web.client.RestTemplate              : Reading to [org.springframework.cloud.netflix.eureka.http.EurekaApplications]
2025-10-21T21:08:54.848+01:00 DEBUG 20551 --- [order-service] [beatExecutor-%d] o.s.web.client.RestTemplate              : HTTP PUT http://localhost:8761/eureka/apps/ORDER-SERVICE/192.168.189.1:order-service:8082?status=UP&lastDirtyTimestamp=1761077214815
2025-10-21T21:08:54.850+01:00 DEBUG 20551 --- [order-service] [beatExecutor-%d] o.s.web.client.RestTemplate              : Accept=[application/json, application/*+json]
2025-10-21T21:08:54.857+01:00 DEBUG 20551 --- [order-service] [beatExecutor-%d] o.s.web.client.RestTemplate              : Response 200 OK
2025-10-21T21:08:54.862+01:00 DEBUG 20551 --- [order-service] [reshExecutor-%d] o.s.web.client.RestTemplate              : HTTP GET http://localhost:8761/eureka/apps/delta
2025-10-21T21:08:54.864+01:00 DEBUG 20551 --- [order-service] [reshExecutor-%d] o.s.web.client.RestTemplate              : Accept=[application/json, application/*+json]
2025-10-21T21:08:54.871+01:00 DEBUG 20551 --- [order-service] [reshExecutor-%d] o.s.web.client.RestTemplate              : Response 200 OK
2025-10-21T21:08:54.871+01:00 DEBUG 20551 --- [order-service] [reshExecutor-%d] o.s.web.client.RestTemplate              : Reading to [org.springframework.cloud.netflix.eureka.http.EurekaApplications]
2025-10-21T21:09:24.859+01:00 DEBUG 20551 --- [order-service] [beatExecutor-%d] o.s.web.client.RestTemplate              : HTTP PUT http://localhost:8761/eureka/apps/ORDER-SERVICE/192.168.189.1:order-service:8082?status=UP&lastDirtyTimestamp=1761077214815
2025-10-21T21:09:24.861+01:00 DEBUG 20551 --- [order-service] [beatExecutor-%d] o.s.web.client.RestTemplate              : Accept=[application/json, application/*+json]
2025-10-21T21:09:24.869+01:00 DEBUG 20551 --- [order-service] [beatExecutor-%d] o.s.web.client.RestTemplate              : Response 200 OK
2025-10-21T21:09:24.879+01:00 DEBUG 20551 --- [order-service] [reshExecutor-%d] o.s.web.client.RestTemplate              : HTTP GET http://localhost:8761/eureka/apps/delta
2025-10-21T21:09:24.880+01:00 DEBUG 20551 --- [order-service] [reshExecutor-%d] o.s.web.client.RestTemplate              : Accept=[application/json, application/*+json]
2025-10-21T21:09:24.887+01:00 DEBUG 20551 --- [order-service] [reshExecutor-%d] o.s.web.client.RestTemplate              : Response 200 OK
2025-10-21T21:09:24.888+01:00 DEBUG 20551 --- [order-service] [reshExecutor-%d] o.s.web.client.RestTemplate              : Reading to [org.springframework.cloud.netflix.eureka.http.EurekaApplications]
2025-10-21T21:09:54.871+01:00 DEBUG 20551 --- [order-service] [beatExecutor-%d] o.s.web.client.RestTemplate              : HTTP PUT http://localhost:8761/eureka/apps/ORDER-SERVICE/192.168.189.1:order-service:8082?status=UP&lastDirtyTimestamp=1761077214815
2025-10-21T21:09:54.872+01:00 DEBUG 20551 --- [order-service] [beatExecutor-%d] o.s.web.client.RestTemplate              : Accept=[application/json, application/*+json]
2025-10-21T21:09:54.880+01:00 DEBUG 20551 --- [order-service] [beatExecutor-%d] o.s.web.client.RestTemplate              : Response 200 OK
2025-10-21T21:09:54.893+01:00 DEBUG 20551 --- [order-service] [reshExecutor-%d] o.s.web.client.RestTemplate              : HTTP GET http://localhost:8761/eureka/apps/delta
2025-10-21T21:09:54.894+01:00 DEBUG 20551 --- [order-service] [reshExecutor-%d] o.s.web.client.RestTemplate              : Accept=[application/json, application/*+json]
2025-10-21T21:09:54.902+01:00 DEBUG 20551 --- [order-service] [reshExecutor-%d] o.s.web.client.RestTemplate              : Response 200 OK
2025-10-21T21:09:54.902+01:00 DEBUG 20551 --- [order-service] [reshExecutor-%d] o.s.web.client.RestTemplate              : Reading to [org.springframework.cloud.netflix.eureka.http.EurekaApplications]
2025-10-21T21:10:24.883+01:00 DEBUG 20551 --- [order-service] [beatExecutor-%d] o.s.web.client.RestTemplate              : HTTP PUT http://localhost:8761/eureka/apps/ORDER-SERVICE/192.168.189.1:order-service:8082?status=UP&lastDirtyTimestamp=1761077214815
2025-10-21T21:10:24.884+01:00 DEBUG 20551 --- [order-service] [beatExecutor-%d] o.s.web.client.RestTemplate              : Accept=[application/json, application/*+json]
2025-10-21T21:10:24.892+01:00 DEBUG 20551 --- [order-service] [beatExecutor-%d] o.s.web.client.RestTemplate              : Response 200 OK
2025-10-21T21:10:24.906+01:00 DEBUG 20551 --- [order-service] [reshExecutor-%d] o.s.web.client.RestTemplate              : HTTP GET http://localhost:8761/eureka/apps/delta
2025-10-21T21:10:24.907+01:00 DEBUG 20551 --- [order-service] [reshExecutor-%d] o.s.web.client.RestTemplate              : Accept=[application/json, application/*+json]
2025-10-21T21:10:24.914+01:00 DEBUG 20551 --- [order-service] [reshExecutor-%d] o.s.web.client.RestTemplate              : Response 200 OK
2025-10-21T21:10:24.914+01:00 DEBUG 20551 --- [order-service] [reshExecutor-%d] o.s.web.client.RestTemplate              : Reading to [org.springframework.cloud.netflix.eureka.http.EurekaApplications]
2025-10-21T21:10:54.894+01:00 DEBUG 20551 --- [order-service] [beatExecutor-%d] o.s.web.client.RestTemplate              : HTTP PUT http://localhost:8761/eureka/apps/ORDER-SERVICE/192.168.189.1:order-service:8082?status=UP&lastDirtyTimestamp=1761077214815
2025-10-21T21:10:54.895+01:00 DEBUG 20551 --- [order-service] [beatExecutor-%d] o.s.web.client.RestTemplate              : Accept=[application/json, application/*+json]
2025-10-21T21:10:54.903+01:00 DEBUG 20551 --- [order-service] [beatExecutor-%d] o.s.web.client.RestTemplate              : Response 200 OK
2025-10-21T21:10:54.921+01:00 DEBUG 20551 --- [order-service] [reshExecutor-%d] o.s.web.client.RestTemplate              : HTTP GET http://localhost:8761/eureka/apps/delta
2025-10-21T21:10:54.922+01:00 DEBUG 20551 --- [order-service] [reshExecutor-%d] o.s.web.client.RestTemplate              : Accept=[application/json, application/*+json]
2025-10-21T21:10:54.929+01:00 DEBUG 20551 --- [order-service] [reshExecutor-%d] o.s.web.client.RestTemplate              : Response 200 OK
2025-10-21T21:10:54.930+01:00 DEBUG 20551 --- [order-service] [reshExecutor-%d] o.s.web.client.RestTemplate              : Reading to [org.springframework.cloud.netflix.eureka.http.EurekaApplications]
2025-10-21T21:11:24.906+01:00 DEBUG 20551 --- [order-service] [beatExecutor-%d] o.s.web.client.RestTemplate              : HTTP PUT http://localhost:8761/eureka/apps/ORDER-SERVICE/192.168.189.1:order-service:8082?status=UP&lastDirtyTimestamp=1761077214815
2025-10-21T21:11:24.907+01:00 DEBUG 20551 --- [order-service] [beatExecutor-%d] o.s.web.client.RestTemplate              : Accept=[application/json, application/*+json]
2025-10-21T21:11:24.915+01:00 DEBUG 20551 --- [order-service] [beatExecutor-%d] o.s.web.client.RestTemplate              : Response 200 OK
2025-10-21T21:11:24.933+01:00 DEBUG 20551 --- [order-service] [reshExecutor-%d] o.s.web.client.RestTemplate              : HTTP GET http://localhost:8761/eureka/apps/delta
2025-10-21T21:11:24.934+01:00 DEBUG 20551 --- [order-service] [reshExecutor-%d] o.s.web.client.RestTemplate              : Accept=[application/json, application/*+json]
2025-10-21T21:11:24.941+01:00 DEBUG 20551 --- [order-service] [reshExecutor-%d] o.s.web.client.RestTemplate              : Response 200 OK
2025-10-21T21:11:24.942+01:00 DEBUG 20551 --- [order-service] [reshExecutor-%d] o.s.web.client.RestTemplate              : Reading to [org.springframework.cloud.netflix.eureka.http.EurekaApplications]
2025-10-21T21:11:54.301+01:00  INFO 20551 --- [order-service] [rap-executor-%d] c.n.d.s.r.aws.ConfigClusterResolver      : Resolving eureka endpoints via configuration
2025-10-21T21:11:54.917+01:00 DEBUG 20551 --- [order-service] [beatExecutor-%d] o.s.web.client.RestTemplate              : HTTP PUT http://localhost:8761/eureka/apps/ORDER-SERVICE/192.168.189.1:order-service:8082?status=UP&lastDirtyTimestamp=1761077214815
2025-10-21T21:11:54.918+01:00 DEBUG 20551 --- [order-service] [beatExecutor-%d] o.s.web.client.RestTemplate              : Accept=[application/json, application/*+json]
2025-10-21T21:11:54.924+01:00 DEBUG 20551 --- [order-service] [beatExecutor-%d] o.s.web.client.RestTemplate              : Response 200 OK
2025-10-21T21:11:54.944+01:00 DEBUG 20551 --- [order-service] [reshExecutor-%d] o.s.web.client.RestTemplate              : HTTP GET http://localhost:8761/eureka/apps/delta
2025-10-21T21:11:54.946+01:00 DEBUG 20551 --- [order-service] [reshExecutor-%d] o.s.web.client.RestTemplate              : Accept=[application/json, application/*+json]
2025-10-21T21:11:54.953+01:00 DEBUG 20551 --- [order-service] [reshExecutor-%d] o.s.web.client.RestTemplate              : Response 200 OK
2025-10-21T21:11:54.953+01:00 DEBUG 20551 --- [order-service] [reshExecutor-%d] o.s.web.client.RestTemplate              : Reading to [org.springframework.cloud.netflix.eureka.http.EurekaApplications]
2025-10-21T21:12:24.926+01:00 DEBUG 20551 --- [order-service] [beatExecutor-%d] o.s.web.client.RestTemplate              : HTTP PUT http://localhost:8761/eureka/apps/ORDER-SERVICE/192.168.189.1:order-service:8082?status=UP&lastDirtyTimestamp=1761077214815
2025-10-21T21:12:24.927+01:00 DEBUG 20551 --- [order-service] [beatExecutor-%d] o.s.web.client.RestTemplate              : Accept=[application/json, application/*+json]
2025-10-21T21:12:24.939+01:00 DEBUG 20551 --- [order-service] [beatExecutor-%d] o.s.web.client.RestTemplate              : Response 200 OK
2025-10-21T21:12:24.955+01:00 DEBUG 20551 --- [order-service] [reshExecutor-%d] o.s.web.client.RestTemplate              : HTTP GET http://localhost:8761/eureka/apps/delta
2025-10-21T21:12:24.956+01:00 DEBUG 20551 --- [order-service] [reshExecutor-%d] o.s.web.client.RestTemplate              : Accept=[application/json, application/*+json]
2025-10-21T21:12:24.962+01:00 DEBUG 20551 --- [order-service] [reshExecutor-%d] o.s.web.client.RestTemplate              : Response 200 OK
2025-10-21T21:12:24.963+01:00 DEBUG 20551 --- [order-service] [reshExecutor-%d] o.s.web.client.RestTemplate              : Reading to [org.springframework.cloud.netflix.eureka.http.EurekaApplications]
2025-10-21T21:12:54.941+01:00 DEBUG 20551 --- [order-service] [beatExecutor-%d] o.s.web.client.RestTemplate              : HTTP PUT http://localhost:8761/eureka/apps/ORDER-SERVICE/192.168.189.1:order-service:8082?status=UP&lastDirtyTimestamp=1761077214815
2025-10-21T21:12:54.942+01:00 DEBUG 20551 --- [order-service] [beatExecutor-%d] o.s.web.client.RestTemplate              : Accept=[application/json, application/*+json]
2025-10-21T21:12:54.955+01:00 DEBUG 20551 --- [order-service] [beatExecutor-%d] o.s.web.client.RestTemplate              : Response 200 OK
2025-10-21T21:12:54.965+01:00 DEBUG 20551 --- [order-service] [reshExecutor-%d] o.s.web.client.RestTemplate              : HTTP GET http://localhost:8761/eureka/apps/delta
2025-10-21T21:12:54.966+01:00 DEBUG 20551 --- [order-service] [reshExecutor-%d] o.s.web.client.RestTemplate              : Accept=[application/json, application/*+json]
2025-10-21T21:12:54.973+01:00 DEBUG 20551 --- [order-service] [reshExecutor-%d] o.s.web.client.RestTemplate              : Response 200 OK
2025-10-21T21:12:54.974+01:00 DEBUG 20551 --- [order-service] [reshExecutor-%d] o.s.web.client.RestTemplate              : Reading to [org.springframework.cloud.netflix.eureka.http.EurekaApplications]
2025-10-21T21:13:24.957+01:00 DEBUG 20551 --- [order-service] [beatExecutor-%d] o.s.web.client.RestTemplate              : HTTP PUT http://localhost:8761/eureka/apps/ORDER-SERVICE/192.168.189.1:order-service:8082?status=UP&lastDirtyTimestamp=1761077214815
2025-10-21T21:13:24.958+01:00 DEBUG 20551 --- [order-service] [beatExecutor-%d] o.s.web.client.RestTemplate              : Accept=[application/json, application/*+json]
2025-10-21T21:13:24.966+01:00 DEBUG 20551 --- [order-service] [beatExecutor-%d] o.s.web.client.RestTemplate              : Response 200 OK
2025-10-21T21:13:24.977+01:00 DEBUG 20551 --- [order-service] [reshExecutor-%d] o.s.web.client.RestTemplate              : HTTP GET http://localhost:8761/eureka/apps/delta
2025-10-21T21:13:24.979+01:00 DEBUG 20551 --- [order-service] [reshExecutor-%d] o.s.web.client.RestTemplate              : Accept=[application/json, application/*+json]
2025-10-21T21:13:24.984+01:00 DEBUG 20551 --- [order-service] [reshExecutor-%d] o.s.web.client.RestTemplate              : Response 200 OK
2025-10-21T21:13:24.984+01:00 DEBUG 20551 --- [order-service] [reshExecutor-%d] o.s.web.client.RestTemplate              : Reading to [org.springframework.cloud.netflix.eureka.http.EurekaApplications]
2025-10-21T21:13:54.968+01:00 DEBUG 20551 --- [order-service] [beatExecutor-%d] o.s.web.client.RestTemplate              : HTTP PUT http://localhost:8761/eureka/apps/ORDER-SERVICE/192.168.189.1:order-service:8082?status=UP&lastDirtyTimestamp=1761077214815
2025-10-21T21:13:54.968+01:00 DEBUG 20551 --- [order-service] [beatExecutor-%d] o.s.web.client.RestTemplate              : Accept=[application/json, application/*+json]
2025-10-21T21:13:54.975+01:00 DEBUG 20551 --- [order-service] [beatExecutor-%d] o.s.web.client.RestTemplate              : Response 200 OK
2025-10-21T21:13:54.987+01:00 DEBUG 20551 --- [order-service] [reshExecutor-%d] o.s.web.client.RestTemplate              : HTTP GET http://localhost:8761/eureka/apps/delta
2025-10-21T21:13:54.987+01:00 DEBUG 20551 --- [order-service] [reshExecutor-%d] o.s.web.client.RestTemplate              : Accept=[application/json, application/*+json]
2025-10-21T21:13:54.994+01:00 DEBUG 20551 --- [order-service] [reshExecutor-%d] o.s.web.client.RestTemplate              : Response 200 OK
2025-10-21T21:13:54.994+01:00 DEBUG 20551 --- [order-service] [reshExecutor-%d] o.s.web.client.RestTemplate              : Reading to [org.springframework.cloud.netflix.eureka.http.EurekaApplications]
2025-10-21T21:14:24.977+01:00 DEBUG 20551 --- [order-service] [beatExecutor-%d] o.s.web.client.RestTemplate              : HTTP PUT http://localhost:8761/eureka/apps/ORDER-SERVICE/192.168.189.1:order-service:8082?status=UP&lastDirtyTimestamp=1761077214815
2025-10-21T21:14:24.977+01:00 DEBUG 20551 --- [order-service] [beatExecutor-%d] o.s.web.client.RestTemplate              : Accept=[application/json, application/*+json]
2025-10-21T21:14:24.990+01:00 DEBUG 20551 --- [order-service] [beatExecutor-%d] o.s.web.client.RestTemplate              : Response 200 OK
2025-10-21T21:14:24.996+01:00 DEBUG 20551 --- [order-service] [reshExecutor-%d] o.s.web.client.RestTemplate              : HTTP GET http://localhost:8761/eureka/apps/delta
2025-10-21T21:14:24.997+01:00 DEBUG 20551 --- [order-service] [reshExecutor-%d] o.s.web.client.RestTemplate              : Accept=[application/json, application/*+json]
2025-10-21T21:14:25.004+01:00 DEBUG 20551 --- [order-service] [reshExecutor-%d] o.s.web.client.RestTemplate              : Response 200 OK
2025-10-21T21:14:25.004+01:00 DEBUG 20551 --- [order-service] [reshExecutor-%d] o.s.web.client.RestTemplate              : Reading to [org.springframework.cloud.netflix.eureka.http.EurekaApplications]
2025-10-21T21:14:54.991+01:00 DEBUG 20551 --- [order-service] [beatExecutor-%d] o.s.web.client.RestTemplate              : HTTP PUT http://localhost:8761/eureka/apps/ORDER-SERVICE/192.168.189.1:order-service:8082?status=UP&lastDirtyTimestamp=1761077214815
2025-10-21T21:14:54.992+01:00 DEBUG 20551 --- [order-service] [beatExecutor-%d] o.s.web.client.RestTemplate              : Accept=[application/json, application/*+json]
2025-10-21T21:14:54.997+01:00 DEBUG 20551 --- [order-service] [beatExecutor-%d] o.s.web.client.RestTemplate              : Response 200 OK
2025-10-21T21:14:55.008+01:00 DEBUG 20551 --- [order-service] [reshExecutor-%d] o.s.web.client.RestTemplate              : HTTP GET http://localhost:8761/eureka/apps/delta
2025-10-21T21:14:55.009+01:00 DEBUG 20551 --- [order-service] [reshExecutor-%d] o.s.web.client.RestTemplate              : Accept=[application/json, application/*+json]
2025-10-21T21:14:55.015+01:00 DEBUG 20551 --- [order-service] [reshExecutor-%d] o.s.web.client.RestTemplate              : Response 200 OK
2025-10-21T21:14:55.016+01:00 DEBUG 20551 --- [order-service] [reshExecutor-%d] o.s.web.client.RestTemplate              : Reading to [org.springframework.cloud.netflix.eureka.http.EurekaApplications]
2025-10-21T21:15:24.999+01:00 DEBUG 20551 --- [order-service] [beatExecutor-%d] o.s.web.client.RestTemplate              : HTTP PUT http://localhost:8761/eureka/apps/ORDER-SERVICE/192.168.189.1:order-service:8082?status=UP&lastDirtyTimestamp=1761077214815
2025-10-21T21:15:25.000+01:00 DEBUG 20551 --- [order-service] [beatExecutor-%d] o.s.web.client.RestTemplate              : Accept=[application/json, application/*+json]
2025-10-21T21:15:25.011+01:00 DEBUG 20551 --- [order-service] [beatExecutor-%d] o.s.web.client.RestTemplate              : Response 200 OK
2025-10-21T21:15:25.018+01:00 DEBUG 20551 --- [order-service] [reshExecutor-%d] o.s.web.client.RestTemplate              : HTTP GET http://localhost:8761/eureka/apps/delta
2025-10-21T21:15:25.019+01:00 DEBUG 20551 --- [order-service] [reshExecutor-%d] o.s.web.client.RestTemplate              : Accept=[application/json, application/*+json]
2025-10-21T21:15:25.025+01:00 DEBUG 20551 --- [order-service] [reshExecutor-%d] o.s.web.client.RestTemplate              : Response 200 OK
2025-10-21T21:15:25.026+01:00 DEBUG 20551 --- [order-service] [reshExecutor-%d] o.s.web.client.RestTemplate              : Reading to [org.springframework.cloud.netflix.eureka.http.EurekaApplications]
2025-10-21T21:15:55.013+01:00 DEBUG 20551 --- [order-service] [beatExecutor-%d] o.s.web.client.RestTemplate              : HTTP PUT http://localhost:8761/eureka/apps/ORDER-SERVICE/192.168.189.1:order-service:8082?status=UP&lastDirtyTimestamp=1761077214815
2025-10-21T21:15:55.014+01:00 DEBUG 20551 --- [order-service] [beatExecutor-%d] o.s.web.client.RestTemplate              : Accept=[application/json, application/*+json]
2025-10-21T21:15:55.026+01:00 DEBUG 20551 --- [order-service] [beatExecutor-%d] o.s.web.client.RestTemplate              : Response 200 OK
2025-10-21T21:15:55.028+01:00 DEBUG 20551 --- [order-service] [reshExecutor-%d] o.s.web.client.RestTemplate              : HTTP GET http://localhost:8761/eureka/apps/delta
2025-10-21T21:15:55.029+01:00 DEBUG 20551 --- [order-service] [reshExecutor-%d] o.s.web.client.RestTemplate              : Accept=[application/json, application/*+json]
2025-10-21T21:15:55.036+01:00 DEBUG 20551 --- [order-service] [reshExecutor-%d] o.s.web.client.RestTemplate              : Response 200 OK
2025-10-21T21:15:55.037+01:00 DEBUG 20551 --- [order-service] [reshExecutor-%d] o.s.web.client.RestTemplate              : Reading to [org.springframework.cloud.netflix.eureka.http.EurekaApplications]
2025-10-21T21:16:25.027+01:00 DEBUG 20551 --- [order-service] [beatExecutor-%d] o.s.web.client.RestTemplate              : HTTP PUT http://localhost:8761/eureka/apps/ORDER-SERVICE/192.168.189.1:order-service:8082?status=UP&lastDirtyTimestamp=1761077214815
2025-10-21T21:16:25.028+01:00 DEBUG 20551 --- [order-service] [beatExecutor-%d] o.s.web.client.RestTemplate              : Accept=[application/json, application/*+json]
2025-10-21T21:16:25.034+01:00 DEBUG 20551 --- [order-service] [beatExecutor-%d] o.s.web.client.RestTemplate              : Response 200 OK
2025-10-21T21:16:25.040+01:00 DEBUG 20551 --- [order-service] [reshExecutor-%d] o.s.web.client.RestTemplate              : HTTP GET http://localhost:8761/eureka/apps/delta
2025-10-21T21:16:25.040+01:00 DEBUG 20551 --- [order-service] [reshExecutor-%d] o.s.web.client.RestTemplate              : Accept=[application/json, application/*+json]
2025-10-21T21:16:25.047+01:00 DEBUG 20551 --- [order-service] [reshExecutor-%d] o.s.web.client.RestTemplate              : Response 200 OK
2025-10-21T21:16:25.048+01:00 DEBUG 20551 --- [order-service] [reshExecutor-%d] o.s.web.client.RestTemplate              : Reading to [org.springframework.cloud.netflix.eureka.http.EurekaApplications]
2025-10-21T21:16:54.303+01:00  INFO 20551 --- [order-service] [rap-executor-%d] c.n.d.s.r.aws.ConfigClusterResolver      : Resolving eureka endpoints via configuration
2025-10-21T21:16:55.036+01:00 DEBUG 20551 --- [order-service] [beatExecutor-%d] o.s.web.client.RestTemplate              : HTTP PUT http://localhost:8761/eureka/apps/ORDER-SERVICE/192.168.189.1:order-service:8082?status=UP&lastDirtyTimestamp=1761077214815
2025-10-21T21:16:55.037+01:00 DEBUG 20551 --- [order-service] [beatExecutor-%d] o.s.web.client.RestTemplate              : Accept=[application/json, application/*+json]
2025-10-21T21:16:55.044+01:00 DEBUG 20551 --- [order-service] [beatExecutor-%d] o.s.web.client.RestTemplate              : Response 200 OK
2025-10-21T21:16:55.050+01:00 DEBUG 20551 --- [order-service] [reshExecutor-%d] o.s.web.client.RestTemplate              : HTTP GET http://localhost:8761/eureka/apps/delta
2025-10-21T21:16:55.051+01:00 DEBUG 20551 --- [order-service] [reshExecutor-%d] o.s.web.client.RestTemplate              : Accept=[application/json, application/*+json]
2025-10-21T21:16:55.057+01:00 DEBUG 20551 --- [order-service] [reshExecutor-%d] o.s.web.client.RestTemplate              : Response 200 OK
2025-10-21T21:16:55.058+01:00 DEBUG 20551 --- [order-service] [reshExecutor-%d] o.s.web.client.RestTemplate              : Reading to [org.springframework.cloud.netflix.eureka.http.EurekaApplications]
[[1;34mINFO[m] [1m------------------------------------------------------------------------[m
[[1;34mINFO[m] [1;31mBUILD FAILURE[m
[[1;34mINFO[m] [1m------------------------------------------------------------------------[m
[[1;34mINFO[m] Total time:  10:21 min
[[1;34mINFO[m] Finished at: 2025-10-21T21:17:04+01:00
[[1;34mINFO[m] [1m------------------------------------------------------------------------[m
[[1;31mERROR[m] Failed to execute goal [32morg.springframework.boot:spring-boot-maven-plugin:3.3.5:run[m [1m(default-cli)[m on project [36morder-service[m: [1;31mProcess terminated with exit code: 137[m -> [1m[Help 1][m
[[1;31mERROR[m] 
[[1;31mERROR[m] To see the full stack trace of the errors, re-run Maven with the [1m-e[m switch.
[[1;31mERROR[m] Re-run Maven using the [1m-X[m switch to enable full debug logging.
[[1;31mERROR[m] 
[[1;31mERROR[m] For more information about the errors and possible solutions, please read the following articles:
[[1;31mERROR[m] [1m[Help 1][m http://cwiki.apache.org/confluence/display/MAVEN/MojoExecutionException
